Component: Arm Compiler for Embedded 6.22 Tool: armlink [5ee90200]

==============================================================================

Section Cross References

    startup_stm32g030xx.o(STACK) refers (Special) to heapauxi.o(.text) for __use_two_region_memory
    startup_stm32g030xx.o(HEAP) refers (Special) to heapauxi.o(.text) for __use_two_region_memory
    startup_stm32g030xx.o(RESET) refers (Special) to heapauxi.o(.text) for __use_two_region_memory
    startup_stm32g030xx.o(RESET) refers to startup_stm32g030xx.o(STACK) for __initial_sp
    startup_stm32g030xx.o(RESET) refers to startup_stm32g030xx.o(.text) for Reset_Handler
    startup_stm32g030xx.o(RESET) refers to stm32g0xx_it.o(.text.NMI_Handler) for NMI_Handler
    startup_stm32g030xx.o(RESET) refers to stm32g0xx_it.o(.text.HardFault_Handler) for HardFault_Handler
    startup_stm32g030xx.o(RESET) refers to stm32g0xx_it.o(.text.SVC_Handler) for SVC_Handler
    startup_stm32g030xx.o(RESET) refers to stm32g0xx_it.o(.text.PendSV_Handler) for PendSV_Handler
    startup_stm32g030xx.o(RESET) refers to stm32g0xx_it.o(.text.SysTick_Handler) for SysTick_Handler
    startup_stm32g030xx.o(RESET) refers to stm32g0xx_it.o(.text.DMA1_Channel1_IRQHandler) for DMA1_Channel1_IRQHandler
    startup_stm32g030xx.o(RESET) refers to stm32g0xx_it.o(.text.ADC1_IRQHandler) for ADC1_IRQHandler
    startup_stm32g030xx.o(RESET) refers to stm32g0xx_it.o(.text.TIM3_IRQHandler) for TIM3_IRQHandler
    startup_stm32g030xx.o(RESET) refers to stm32g0xx_it.o(.text.USART1_IRQHandler) for USART1_IRQHandler
    startup_stm32g030xx.o(.text) refers (Special) to heapauxi.o(.text) for __use_two_region_memory
    startup_stm32g030xx.o(.text) refers to system_stm32g0xx.o(.text.SystemInit) for SystemInit
    startup_stm32g030xx.o(.text) refers to __main.o(!!!main) for __main
    startup_stm32g030xx.o(.text) refers to startup_stm32g030xx.o(HEAP) for Heap_Mem
    startup_stm32g030xx.o(.text) refers to startup_stm32g030xx.o(STACK) for Stack_Mem
    main.o(.text) refers (Special) to _printf_percent.o(.ARM.Collect$$_printf_percent$$00000000) for _printf_percent
    main.o(.text) refers (Special) to _printf_pad.o(.text) for _printf_pre_padding
    main.o(.text) refers (Special) to _printf_d.o(.ARM.Collect$$_printf_percent$$00000009) for _printf_d
    main.o(.text) refers (Special) to _printf_f.o(.ARM.Collect$$_printf_percent$$00000003) for _printf_f
    main.o(.text) refers (Special) to _printf_dec.o(.text) for _printf_int_dec
    main.o(.text) refers (Special) to printf1.o(x$fpl$printf1) for _printf_fp_dec
    main.o(.text.distance) refers (Special) to _printf_percent.o(.ARM.Collect$$_printf_percent$$00000000) for _printf_percent
    main.o(.text.distance) refers (Special) to _printf_pad.o(.text) for _printf_pre_padding
    main.o(.text.distance) refers (Special) to _printf_d.o(.ARM.Collect$$_printf_percent$$00000009) for _printf_d
    main.o(.text.distance) refers (Special) to _printf_f.o(.ARM.Collect$$_printf_percent$$00000003) for _printf_f
    main.o(.text.distance) refers (Special) to _printf_dec.o(.text) for _printf_int_dec
    main.o(.text.distance) refers (Special) to printf1.o(x$fpl$printf1) for _printf_fp_dec
    main.o(.text.distance) refers to faddsub.o(x$fpl$fsub) for __aeabi_fsub
    main.o(.text.distance) refers to f2d.o(.text) for __aeabi_f2d
    main.o(.text.distance) refers to dmul.o(.text) for __aeabi_dmul
    main.o(.text.distance) refers to daddsub.o(.text) for __aeabi_dadd
    main.o(.text.distance) refers to d2f.o(.text) for __aeabi_d2f
    main.o(.text.distance) refers to sqrtf.o(i.sqrtf) for sqrtf
    main.o(.ARM.exidx.text.distance) refers (Special) to _printf_percent.o(.ARM.Collect$$_printf_percent$$00000000) for _printf_percent
    main.o(.ARM.exidx.text.distance) refers (Special) to _printf_pad.o(.text) for _printf_pre_padding
    main.o(.ARM.exidx.text.distance) refers (Special) to _printf_d.o(.ARM.Collect$$_printf_percent$$00000009) for _printf_d
    main.o(.ARM.exidx.text.distance) refers (Special) to _printf_f.o(.ARM.Collect$$_printf_percent$$00000003) for _printf_f
    main.o(.ARM.exidx.text.distance) refers (Special) to _printf_dec.o(.text) for _printf_int_dec
    main.o(.ARM.exidx.text.distance) refers (Special) to printf1.o(x$fpl$printf1) for _printf_fp_dec
    main.o(.ARM.exidx.text.distance) refers to main.o(.text.distance) for [Anonymous Symbol]
    main.o(.text.classify) refers (Special) to _printf_percent.o(.ARM.Collect$$_printf_percent$$00000000) for _printf_percent
    main.o(.text.classify) refers (Special) to _printf_pad.o(.text) for _printf_pre_padding
    main.o(.text.classify) refers (Special) to _printf_d.o(.ARM.Collect$$_printf_percent$$00000009) for _printf_d
    main.o(.text.classify) refers (Special) to _printf_f.o(.ARM.Collect$$_printf_percent$$00000003) for _printf_f
    main.o(.text.classify) refers (Special) to _printf_dec.o(.text) for _printf_int_dec
[...]
    __arm_cp.0_4                             0x08002e88   Number         4  stm32g0xx_hal_dma.o(.text.HAL_DMA_Init)
    [Anonymous Symbol]                       0x08002e8c   Section        0  stm32g0xx_hal_dma.o(.text.HAL_DMA_Start_IT)
    __arm_cp.3_0                             0x08002f54   Number         4  stm32g0xx_hal_dma.o(.text.HAL_DMA_Start_IT)
    [Anonymous Symbol]                       0x08002f58   Section        0  stm32g0xx_hal.o(.text.HAL_Delay)
    [Anonymous Symbol]                       0x08002f78   Section        0  stm32g0xx_hal_gpio.o(.text.HAL_GPIO_Init)
    __arm_cp.0_0                             0x08003100   Number         4  stm32g0xx_hal_gpio.o(.text.HAL_GPIO_Init)
    __arm_cp.0_1                             0x08003104   Number         4  stm32g0xx_hal_gpio.o(.text.HAL_GPIO_Init)
    __arm_cp.0_2                             0x08003108   Number         4  stm32g0xx_hal_gpio.o(.text.HAL_GPIO_Init)
    __arm_cp.0_3                             0x0800310c   Number         4  stm32g0xx_hal_gpio.o(.text.HAL_GPIO_Init)
    __arm_cp.0_4                             0x08003110   Number         4  stm32g0xx_hal_gpio.o(.text.HAL_GPIO_Init)
    [Anonymous Symbol]                       0x08003114   Section        0  stm32g0xx_hal_gpio.o(.text.HAL_GPIO_WritePin)
    [Anonymous Symbol]                       0x08003124   Section        0  stm32g0xx_hal.o(.text.HAL_GetTick)
    [Anonymous Symbol]                       0x0800312c   Section        0  stm32g0xx_hal.o(.text.HAL_IncTick)
    __arm_cp.5_1                             0x0800313c   Number         4  stm32g0xx_hal.o(.text.HAL_IncTick)
    [Anonymous Symbol]                       0x08003140   Section        0  stm32g0xx_hal.o(.text.HAL_Init)
    __arm_cp.0_0                             0x08003168   Number         4  stm32g0xx_hal.o(.text.HAL_Init)
    [Anonymous Symbol]                       0x0800316c   Section        0  stm32g0xx_hal.o(.text.HAL_InitTick)
    __arm_cp.1_0                             0x080031ac   Number         4  stm32g0xx_hal.o(.text.HAL_InitTick)
    __arm_cp.1_2                             0x080031b0   Number         4  stm32g0xx_hal.o(.text.HAL_InitTick)
    [Anonymous Symbol]                       0x080031b4   Section        0  stm32g0xx_hal_msp.o(.text.HAL_MspInit)
    __arm_cp.0_0                             0x080031dc   Number         4  stm32g0xx_hal_msp.o(.text.HAL_MspInit)
    [Anonymous Symbol]                       0x080031e0   Section        0  stm32g0xx_hal_cortex.o(.text.HAL_NVIC_EnableIRQ)
    __arm_cp.1_0                             0x080031f4   Number         4  stm32g0xx_hal_cortex.o(.text.HAL_NVIC_EnableIRQ)
    [Anonymous Symbol]                       0x080031f8   Section        0  stm32g0xx_hal_cortex.o(.text.HAL_NVIC_SetPriority)
    __arm_cp.0_0                             0x08003228   Number         4  stm32g0xx_hal_cortex.o(.text.HAL_NVIC_SetPriority)
    __arm_cp.0_1                             0x0800322c   Number         4  stm32g0xx_hal_cortex.o(.text.HAL_NVIC_SetPriority)
    [Anonymous Symbol]                       0x08003230   Section        0  stm32g0xx_hal_pwr_ex.o(.text.HAL_PWREx_ControlVoltageScaling)
    __arm_cp.13_1                            0x08003284   Number         4  stm32g0xx_hal_pwr_ex.o(.text.HAL_PWREx_ControlVoltageScaling)
    __arm_cp.13_2                            0x08003288   Number         4  stm32g0xx_hal_pwr_ex.o(.text.HAL_PWREx_ControlVoltageScaling)
    [Anonymous Symbol]                       0x0800328c   Section        0  stm32g0xx_hal_rcc_ex.o(.text.HAL_RCCEx_PeriphCLKConfig)
    __arm_cp.0_0                             0x080033f0   Number         4  stm32g0xx_hal_rcc_ex.o(.text.HAL_RCCEx_PeriphCLKConfig)
    __arm_cp.0_1                             0x080033f4   Number         4  stm32g0xx_hal_rcc_ex.o(.text.HAL_RCCEx_PeriphCLKConfig)
    __arm_cp.0_2                             0x080033f8   Number         4  stm32g0xx_hal_rcc_ex.o(.text.HAL_RCCEx_PeriphCLKConfig)
    __arm_cp.0_3                             0x080033fc   Number         4  stm32g0xx_hal_rcc_ex.o(.text.HAL_RCCEx_PeriphCLKConfig)
    [Anonymous Symbol]                       0x08003400   Section        0  stm32g0xx_hal_rcc.o(.text.HAL_RCC_ClockConfig)
    __arm_cp.2_0                             0x080035dc   Number         4  stm32g0xx_hal_rcc.o(.text.HAL_RCC_ClockConfig)
    __arm_cp.2_1                             0x080035e0   Number         4  stm32g0xx_hal_rcc.o(.text.HAL_RCC_ClockConfig)
    __arm_cp.2_5                             0x080035e4   Number         4  stm32g0xx_hal_rcc.o(.text.HAL_RCC_ClockConfig)
    __arm_cp.2_7                             0x080035e8   Number         4  stm32g0xx_hal_rcc.o(.text.HAL_RCC_ClockConfig)
    [Anonymous Symbol]                       0x080035ec   Section        0  stm32g0xx_hal_rcc.o(.text.HAL_RCC_GetPCLK1Freq)
    __arm_cp.6_0                             0x08003608   Number         4  stm32g0xx_hal_rcc.o(.text.HAL_RCC_GetPCLK1Freq)
    __arm_cp.6_2                             0x0800360c   Number         4  stm32g0xx_hal_rcc.o(.text.HAL_RCC_GetPCLK1Freq)
    [Anonymous Symbol]                       0x08003610   Section        0  stm32g0xx_hal_rcc.o(.text.HAL_RCC_GetSysClockFreq)
    __arm_cp.3_0                             0x0800368c   Number         4  stm32g0xx_hal_rcc.o(.text.HAL_RCC_GetSysClockFreq)
    __arm_cp.3_1                             0x08003690   Number         4  stm32g0xx_hal_rcc.o(.text.HAL_RCC_GetSysClockFreq)
    __arm_cp.3_2                             0x08003694   Number         4  stm32g0xx_hal_rcc.o(.text.HAL_RCC_GetSysClockFreq)
    [Anonymous Symbol]                       0x08003698   Section        0  stm32g0xx_hal_rcc.o(.text.HAL_RCC_OscConfig)
    __arm_cp.1_0                             0x08003a94   Number         4  stm32g0xx_hal_rcc.o(.text.HAL_RCC_OscConfig)
    __arm_cp.1_1                             0x08003a98   Number         4  stm32g0xx_hal_rcc.o(.text.HAL_RCC_OscConfig)
    __arm_cp.1_2                             0x08003a9c   Number         4  stm32g0xx_hal_rcc.o(.text.HAL_RCC_OscConfig)
    __arm_cp.1_3                             0x08003aa0   Number         4  stm32g0xx_hal_rcc.o(.text.HAL_RCC_OscConfig)
    __arm_cp.1_4                             0x08003aa4   Number         4  stm32g0xx_hal_rcc.o(.text.HAL_RCC_OscConfig)
    __arm_cp.1_5                             0x08003aa8   Number         4  stm32g0xx_hal_rcc.o(.text.HAL_RCC_OscConfig)
    __arm_cp.1_6                             0x08003aac   Number         4  stm32g0xx_hal_rcc.o(.text.HAL_RCC_OscConfig)
    __arm_cp.1_7                             0x08003ab0   Number         4  stm32g0xx_hal_rcc.o(.text.HAL_RCC_OscConfig)
    [Anonymous Symbol]                       0x08003ab4   Section        0  stm32g0xx_hal_cortex.o(.text.HAL_SYSTICK_Config)
    __arm_cp.4_0                             0x08003adc   Number         4  stm32g0xx_hal_cortex.o(.text.HAL_SYSTICK_Config)
    __arm_cp.4_1                             0x08003ae0   Number         4  stm32g0xx_hal_cortex.o(.text.HAL_SYSTICK_Config)
    __arm_cp.4_2                             0x08003ae4   Number         4  stm32g0xx_hal_cortex.o(.text.HAL_SYSTICK_Config)
    [Anonymous Symbol]                       0x08003ae8   Section        0  stm32g0xx_hal_tim_ex.o(.text.HAL_TIMEx_Break2Callback)
    [Anonymous Symbol]                       0x08003aea   Section        0  stm32g0xx_hal_tim_ex.o(.text.HAL_TIMEx_BreakCallback)
    [Anonymous Symbol]                       0x08003aec   Section        0  stm32g0xx_hal_tim_ex.o(.text.HAL_TIMEx_CommutCallback)
    [Anonymous Symbol]                       0x08003af0   Section        0  stm32g0xx_hal_tim_ex.o(.text.HAL_TIMEx_MasterConfigSynchronization)
    [Anonymous Symbol]                       0x08003b4c   Section        0  stm32g0xx_hal_tim.o(.text.HAL_TIM_Base_Init)
    __arm_cp.0_2                             0x08003c10   Number         4  stm32g0xx_hal_tim.o(.text.HAL_TIM_Base_Init)
    __arm_cp.0_3                             0x08003c14   Number         4  stm32g0xx_hal_tim.o(.text.HAL_TIM_Base_Init)
    __arm_cp.0_4                             0x08003c18   Number         4  stm32g0xx_hal_tim.o(.text.HAL_TIM_Base_Init)
    __arm_cp.0_5                             0x08003c1c   Number         4  stm32g0xx_hal_tim.o(.text.HAL_TIM_Base_Init)
    [Anonymous Symbol]                       0x08003c20   Section        0  tim.o(.text.HAL_TIM_Base_MspInit)
    __arm_cp.1_1                             0x08003c58   Number         4  tim.o(.text.HAL_TIM_Base_MspInit)
    [Anonymous Symbol]                       0x08003c5c   Section        0  stm32g0xx_hal_tim.o(.text.HAL_TIM_Base_Start)
    __arm_cp.5_0                             0x08003ca0   Number         4  stm32g0xx_hal_tim.o(.text.HAL_TIM_Base_Start)
    __arm_cp.5_1                             0x08003ca4   Number         4  stm32g0xx_hal_tim.o(.text.HAL_TIM_Base_Start)
    __arm_cp.5_2                             0x08003ca8   Number         4  stm32g0xx_hal_tim.o(.text.HAL_TIM_Base_Start)
    [Anonymous Symbol]                       0x08003cac   Section        0  stm32g0xx_hal_tim.o(.text.HAL_TIM_ConfigClockSource)
    __arm_cp.90_0                            0x08003df0   Number         4  stm32g0xx_hal_tim.o(.text.HAL_TIM_ConfigClockSource)
    __arm_cp.90_1                            0x08003df4   Number         4  stm32g0xx_hal_tim.o(.text.HAL_TIM_ConfigClockSource)
    [Anonymous Symbol]                       0x08003df8   Section        0  stm32g0xx_hal_tim.o(.text.HAL_TIM_IC_CaptureCallback)
    [Anonymous Symbol]                       0x08003dfc   Section        0  stm32g0xx_hal_tim.o(.text.HAL_TIM_IRQHandler)
    __arm_cp.67_0                            0x08003fd0   Number         4  stm32g0xx_hal_tim.o(.text.HAL_TIM_IRQHandler)
    __arm_cp.67_1                            0x08003fd4   Number         4  stm32g0xx_hal_tim.o(.text.HAL_TIM_IRQHandler)
    [Anonymous Symbol]                       0x08003fd8   Section        0  stm32g0xx_hal_tim.o(.text.HAL_TIM_OC_DelayElapsedCallback)
    [Anonymous Symbol]                       0x08003fda   Section        0  stm32g0xx_hal_tim.o(.text.HAL_TIM_PWM_PulseFinishedCallback)
    [Anonymous Symbol]                       0x08003fdc   Section        0  stm32g0xx_hal_tim.o(.text.HAL_TIM_PeriodElapsedCallback)
    [Anonymous Symbol]                       0x08003fde   Section        0  stm32g0xx_hal_tim.o(.text.HAL_TIM_TriggerCallback)
    [Anonymous Symbol]                       0x08003fe0   Section        0  stm32g0xx_hal_uart_ex.o(.text.HAL_UARTEx_DisableFifoMode)
    [Anonymous Symbol]                       0x08004016   Section        0  stm32g0xx_hal_uart.o(.text.HAL_UARTEx_RxEventCallback)
    [Anonymous Symbol]                       0x08004018   Section        0  stm32g0xx_hal_uart_ex.o(.text.HAL_UARTEx_RxFifoFullCallback)
    [Anonymous Symbol]                       0x0800401c   Section        0  stm32g0xx_hal_uart_ex.o(.text.HAL_UARTEx_SetRxFifoThreshold)
    [Anonymous Symbol]                       0x0800409c   Section        0  stm32g0xx_hal_uart_ex.o(.text.HAL_UARTEx_SetTxFifoThreshold)
    __arm_cp.10_0                            0x0800411c   Number         4  stm32g0xx_hal_uart_ex.o(.text.HAL_UARTEx_SetTxFifoThreshold)
    __arm_cp.10_1                            0x08004120   Number         4  stm32g0xx_hal_uart_ex.o(.text.HAL_UARTEx_SetTxFifoThreshold)
    [Anonymous Symbol]                       0x08004124   Section        0  stm32g0xx_hal_uart_ex.o(.text.HAL_UARTEx_TxFifoEmptyCallback)
    [Anonymous Symbol]                       0x08004126   Section        0  stm32g0xx_hal_uart_ex.o(.text.HAL_UARTEx_WakeupCallback)
    [Anonymous Symbol]                       0x08004128   Section        0  stm32g0xx_hal_uart.o(.text.HAL_UART_ErrorCallback)
    [Anonymous Symbol]                       0x0800412c   Section        0  stm32g0xx_hal_uart.o(.text.HAL_UART_IRQHandler)
    __arm_cp.42_4                            0x08004530   Number         4  stm32g0xx_hal_uart.o(.text.HAL_UART_IRQHandler)
    __arm_cp.42_1                            0x08004554   Number         4  stm32g0xx_hal_uart.o(.text.HAL_UART_IRQHandler)
    __arm_cp.42_2                            0x08004558   Number         4  stm32g0xx_hal_uart.o(.text.HAL_UART_IRQHandler)
    __arm_cp.42_3                            0x0800455c   Number         4  stm32g0xx_hal_uart.o(.text.HAL_UART_IRQHandler)
    [Anonymous Symbol]                       0x08004560   Section        0  stm32g0xx_hal_uart.o(.text.HAL_UART_Init)
    [Anonymous Symbol]                       0x080045d0   Section        0  usart.o(.text.HAL_UART_MspInit)
    __arm_cp.1_0                             0x0800465c   Number         4  usart.o(.text.HAL_UART_MspInit)
    [Anonymous Symbol]                       0x08004660   Section        0  stm32g0xx_hal_uart.o(.text.HAL_UART_Transmit_IT)
    __arm_cp.13_0                            0x08004710   Number         4  stm32g0xx_hal_uart.o(.text.HAL_UART_Transmit_IT)
    __arm_cp.13_1                            0x08004714   Number         4  stm32g0xx_hal_uart.o(.text.HAL_UART_Transmit_IT)
    __arm_cp.13_2                            0x08004718   Number         4  stm32g0xx_hal_uart.o(.text.HAL_UART_Transmit_IT)
    __arm_cp.13_3                            0x0800471c   Number         4  stm32g0xx_hal_uart.o(.text.HAL_UART_Transmit_IT)
    [Anonymous Symbol]                       0x08004720   Section        0  stm32g0xx_hal_uart.o(.text.HAL_UART_TxCpltCallback)
    [Anonymous Symbol]                       0x08004722   Section        0  stm32g0xx_it.o(.text.HardFault_Handler)
    [Anonymous Symbol]                       0x08004724   Section        0  adc.o(.text.MX_ADC1_Init)
    __arm_cp.0_0                             0x0800483c   Number         4  adc.o(.text.MX_ADC1_Init)
    __arm_cp.0_1                             0x08004840   Number         4  adc.o(.text.MX_ADC1_Init)
    __arm_cp.0_2                             0x08004844   Number         4  adc.o(.text.MX_ADC1_Init)
    __arm_cp.0_3                             0x08004848   Number         4  adc.o(.text.MX_ADC1_Init)
    __arm_cp.0_4                             0x0800484c   Number         4  adc.o(.text.MX_ADC1_Init)
    __arm_cp.0_5                             0x08004850   Number         4  adc.o(.text.MX_ADC1_Init)
    __arm_cp.0_6                             0x08004854   Number         4  adc.o(.text.MX_ADC1_Init)
    __arm_cp.0_7                             0x08004858   Number         4  adc.o(.text.MX_ADC1_Init)
    __arm_cp.0_8                             0x0800485c   Number         4  adc.o(.text.MX_ADC1_Init)
    [Anonymous Symbol]                       0x08004860   Section        0  dma.o(.text.MX_DMA_Init)
    __arm_cp.0_0                             0x0800488c   Number         4  dma.o(.text.MX_DMA_Init)
    [Anonymous Symbol]                       0x08004890   Section        0  gpio.o(.text.MX_GPIO_Init)
    __arm_cp.0_0                             0x08004910   Number         4  gpio.o(.text.MX_GPIO_Init)
    __arm_cp.0_1                             0x08004914   Number         4  gpio.o(.text.MX_GPIO_Init)
    __arm_cp.0_2                             0x08004918   Number         4  gpio.o(.text.MX_GPIO_Init)
    [Anonymous Symbol]                       0x0800491c   Section        0  tim.o(.text.MX_TIM3_Init)
    __arm_cp.0_1                             0x08004980   Number         4  tim.o(.text.MX_TIM3_Init)
    __arm_cp.0_2                             0x08004984   Number         4  tim.o(.text.MX_TIM3_Init)
    __arm_cp.0_3                             0x08004988   Number         4  tim.o(.text.MX_TIM3_Init)
    [Anonymous Symbol]                       0x0800498c   Section        0  usart.o(.text.MX_USART1_UART_Init)
    __arm_cp.0_0                             0x080049ec   Number         4  usart.o(.text.MX_USART1_UART_Init)
    [Anonymous Symbol]                       0x080049f0   Section        0  stm32g0xx_it.o(.text.NMI_Handler)
    [Anonymous Symbol]                       0x080049f2   Section        0  stm32g0xx_it.o(.text.PendSV_Handler)
    [Anonymous Symbol]                       0x080049f4   Section        0  stm32g0xx_it.o(.text.SVC_Handler)
    [Anonymous Symbol]                       0x080049f6   Section        0  stm32g0xx_it.o(.text.SysTick_Handler)
    [Anonymous Symbol]                       0x080049fe   Section        0  system_stm32g0xx.o(.text.SystemInit)
    [Anonymous Symbol]                       0x08004a00   Section        0  stm32g0xx_it.o(.text.TIM3_IRQHandler)
    __arm_cp.7_0                             0x08004a0c   Number         4  stm32g0xx_it.o(.text.TIM3_IRQHandler)
    [Anonymous Symbol]                       0x08004a10   Section        0  stm32g0xx_hal_uart.o(.text.UART_AdvFeatureConfig)
    [Anonymous Symbol]                       0x08004ae4   Section        0  stm32g0xx_hal_uart.o(.text.UART_CheckIdleState)
    __arm_cp.4_0                             0x08004ba4   Number         4  stm32g0xx_hal_uart.o(.text.UART_CheckIdleState)
    UART_DMAAbortOnError                     0x08004ba9   Thumb Code    22  stm32g0xx_hal_uart.o(.text.UART_DMAAbortOnError)
    [Anonymous Symbol]                       0x08004ba8   Section        0  stm32g0xx_hal_uart.o(.text.UART_DMAAbortOnError)
    [Anonymous Symbol]                       0x08004bc0   Section        0  stm32g0xx_hal_uart.o(.text.UART_SetConfig)
    __arm_cp.3_0                             0x08004d18   Number         4  stm32g0xx_hal_uart.o(.text.UART_SetConfig)
    __arm_cp.3_1                             0x08004d1c   Number         4  stm32g0xx_hal_uart.o(.text.UART_SetConfig)
    __arm_cp.3_2                             0x08004d20   Number         4  stm32g0xx_hal_uart.o(.text.UART_SetConfig)
    __arm_cp.3_3                             0x08004d24   Number         4  stm32g0xx_hal_uart.o(.text.UART_SetConfig)
    __arm_cp.3_4                             0x08004d28   Number         4  stm32g0xx_hal_uart.o(.text.UART_SetConfig)
    __arm_cp.3_6                             0x08004d3c   Number         4  stm32g0xx_hal_uart.o(.text.UART_SetConfig)
    __arm_cp.3_7                             0x08004d40   Number         4  stm32g0xx_hal_uart.o(.text.UART_SetConfig)
    __arm_cp.3_8                             0x08004d44   Number         4  stm32g0xx_hal_uart.o(.text.UART_SetConfig)
    __arm_cp.3_9                             0x08004d48   Number         4  stm32g0xx_hal_uart.o(.text.UART_SetConfig)
    UART_TxISR_16BIT                         0x08004d4d   Thumb Code    92  stm32g0xx_hal_uart.o(.text.UART_TxISR_16BIT)
    [Anonymous Symbol]                       0x08004d4c   Section        0  stm32g0xx_hal_uart.o(.text.UART_TxISR_16BIT)
    UART_TxISR_16BIT_FIFOEN                  0x08004da9   Thumb Code   116  stm32g0xx_hal_uart.o(.text.UART_TxISR_16BIT_FIFOEN)
    [Anonymous Symbol]                       0x08004da8   Section        0  stm32g0xx_hal_uart.o(.text.UART_TxISR_16BIT_FIFOEN)
    __arm_cp.14_0                            0x08004e1c   Number         4  stm32g0xx_hal_uart.o(.text.UART_TxISR_16BIT_FIFOEN)
    UART_TxISR_8BIT                          0x08004e21   Thumb Code    88  stm32g0xx_hal_uart.o(.text.UART_TxISR_8BIT)
    [Anonymous Symbol]                       0x08004e20   Section        0  stm32g0xx_hal_uart.o(.text.UART_TxISR_8BIT)
    UART_TxISR_8BIT_FIFOEN                   0x08004e79   Thumb Code   108  stm32g0xx_hal_uart.o(.text.UART_TxISR_8BIT_FIFOEN)
    [Anonymous Symbol]                       0x08004e78   Section        0  stm32g0xx_hal_uart.o(.text.UART_TxISR_8BIT_FIFOEN)
    [Anonymous Symbol]                       0x08004ee4   Section        0  stm32g0xx_hal_uart.o(.text.UART_WaitOnFlagUntilTimeout)
    __arm_cp.11_0                            0x08005028   Number         4  stm32g0xx_hal_uart.o(.text.UART_WaitOnFlagUntilTimeout)
    [Anonymous Symbol]                       0x0800502c   Section        0  stm32g0xx_it.o(.text.USART1_IRQHandler)
    [Anonymous Symbol]                       0x08005038   Section        0  main.o(.text.classify)
    [Anonymous Symbol]                       0x08005110   Section        0  main.o(.text.main)
    __arm_cp.2_0                             0x08005340   Number         4  main.o(.text.main)
    __arm_cp.2_1                             0x08005344   Number         4  main.o(.text.main)
    __arm_cp.2_2                             0x08005348   Number         4  main.o(.text.main)
    __arm_cp.2_3                             0x0800534c   Number         4  main.o(.text.main)
    __arm_cp.2_4                             0x08005350   Number         4  main.o(.text.main)
    __arm_cp.2_5                             0x08005354   Number         4  main.o(.text.main)
    __arm_cp.2_6                             0x08005358   Number         4  main.o(.text.main)
    __arm_cp.2_7                             0x0800535c   Number         4  main.o(.text.main)
    __arm_cp.2_8                             0x08005360   Number         4  main.o(.text.main)
    __arm_cp.2_9                             0x08005364   Number         4  main.o(.text.main)
    __arm_cp.2_11                            0x08005378   Number         4  main.o(.text.main)
    __arm_cp.2_12                            0x0800537c   Number         4  main.o(.text.main)
    .text_divfast                            0x08005380   Section      502  aeabi_sdivfast.o(.text_divfast)
    i.__ARM_common_ll_muluu                  0x08005576   Section        0  btod.o(i.__ARM_common_ll_muluu)
    i.__ARM_fpclassify                       0x080055a8   Section        0  fpclassify.o(i.__ARM_fpclassify)
    i._fls                                   0x080055d4   Section        0  fcmp.o(i._fls)
    i._is_digit                              0x080055ea   Section        0  __printf_wp.o(i._is_digit)
    i.sqrtf                                  0x080055f8   Section        0  sqrtf.o(i.sqrtf)
    locale$$code                             0x08005624   Section       44  lc_numeric_c.o(locale$$code)
    x$fpl$fadd                               0x08005650   Section      140  faddsub.o(x$fpl$fadd)
    _fadd1                                   0x0800565d   Thumb Code     0  faddsub.o(x$fpl$fadd)
    x$fpl$fleqf                              0x080056dc   Section       84  flef.o(x$fpl$fleqf)
    x$fpl$fsub                               0x08005730   Section      208  faddsub.o(x$fpl$fsub)
    _fsub1                                   0x0800573d   Thumb Code     0  faddsub.o(x$fpl$fsub)
    x$fpl$printf1                            0x08005800   Section       16  printf1.o(x$fpl$printf1)
    ddiv_reciptbl                            0x08005810   Data         128  ddiv.o(.constdata)
    .constdata                               0x08005810   Section      128  ddiv.o(.constdata)
    x$fpl$usenofp                            0x08005810   Section        0  usenofp.o(x$fpl$usenofp)
    tenpwrs_x                                0x08005890   Data          60  bigflt0.o(.constdata)
    .constdata                               0x08005890   Section      148  bigflt0.o(.constdata)
    tenpwrs_i                                0x080058cc   Data          64  bigflt0.o(.constdata)
    [Anonymous Symbol]                       0x08005924   Section        0  main.o(.rodata..L__const.main.centroids)
    UARTEx_SetNbDataToProcess.numerator      0x08005a9c   Data           8  stm32g0xx_hal_uart_ex.o(.rodata.cst8)
    [Anonymous Symbol]                       0x08005a9c   Section        0  stm32g0xx_hal_uart_ex.o(.rodata.cst8)
    UARTEx_SetNbDataToProcess.denominator    0x08005aa4   Data           8  stm32g0xx_hal_uart_ex.o(.rodata.cst8)
    locale$$data                             0x08005acc   Section       28  lc_numeric_c.o(locale$$data)
    __lcnum_c_name                           0x08005ad0   Data           2  lc_numeric_c.o(locale$$data)
    __lcnum_c_start                          0x08005ad8   Data           0  lc_numeric_c.o(locale$$data)
    __lcnum_c_point                          0x08005ae4   Data           0  lc_numeric_c.o(locale$$data)
    __lcnum_c_thousands                      0x08005ae6   Data           0  lc_numeric_c.o(locale$$data)
    __lcnum_c_grouping                       0x08005ae7   Data           0  lc_numeric_c.o(locale$$data)
    __lcnum_c_end                            0x08005ae8   Data           0  lc_numeric_c.o(locale$$data)
    .bss                                     0x20000010   Section       96  libspace.o(.bss)
    Heap_Mem                                 0x20000278   Data         512  startup_stm32g030xx.o(HEAP)
    HEAP                                     0x20000278   Section      512  startup_stm32g030xx.o(HEAP)
    Stack_Mem                                0x20000478   Data        1024  startup_stm32g030xx.o(STACK)
    STACK                                    0x20000478   Section     1024  startup_stm32g030xx.o(STACK)
    __initial_sp                             0x20000878   Data           0  startup_stm32g030xx.o(STACK)

    Global Symbols

    Symbol Name                              Value     Ov Type        Size  Object(Section)

    BuildAttributes$$THM_ISAv3M$S$PE$A:L22$X:L11$S22$IEEE1$IW$~IW$USESV6$~STKCKD$USESV7$~SHL$OTIME$ROPI$IEEEJ$EBA8$UX$STANDARDLIB$REQ8$PRES8$EABIv2 0x00000000   Number         0  anon$$obj.o ABSOLUTE
    _printf_flags                            0x00000000   Number         0  printf_stubs.o ABSOLUTE
    _printf_return_value                     0x00000000   Number         0  printf_stubs.o ABSOLUTE
    _printf_sizespec                         0x00000000   Number         0  printf_stubs.o ABSOLUTE
    _printf_widthprec                        0x00000000   Number         0  printf_stubs.o ABSOLUTE
    __ARM_exceptions_init                     - Undefined Weak Reference
    __alloca_initialize                       - Undefined Weak Reference
    __arm_preinit_                            - Undefined Weak Reference
    __arm_relocate_pie_                       - Undefined Weak Reference
    __cpp_initialize__aeabi_                  - Undefined Weak Reference
    __cxa_finalize                            - Undefined Weak Reference
    __sigvec_lookup                           - Undefined Weak Reference
    _atexit_init                              - Undefined Weak Reference
    _call_atexit_fns                          - Undefined Weak Reference
    _clock_init                               - Undefined Weak Reference
    _fp_trap_init                             - Undefined Weak Reference
    _fp_trap_shutdown                         - Undefined Weak Reference
    _get_lc_collate                           - Undefined Weak Reference
    _get_lc_ctype                             - Undefined Weak Reference
    _get_lc_monetary                          - Undefined Weak Reference
    _get_lc_time                              - Undefined Weak Reference
    _getenv_init                              - Undefined Weak Reference
    _handle_redirection                       - Undefined Weak Reference
    _init_alloc                               - Undefined Weak Reference
    _init_user_alloc                          - Undefined Weak Reference
    _initio                                   - Undefined Weak Reference
    _printf_truncate_signed                   - Undefined Weak Reference
    _printf_truncate_unsigned                 - Undefined Weak Reference
    _rand_init                                - Undefined Weak Reference
    _signal_finish                            - Undefined Weak Reference
    _signal_init                              - Undefined Weak Reference
    _terminate_alloc                          - Undefined Weak Reference
    _terminate_user_alloc                     - Undefined Weak Reference
    _terminateio                              - Undefined Weak Reference
    __Vectors_Size                           0x000000c0   Number         0  startup_stm32g030xx.o ABSOLUTE
    __Vectors                                0x08000000   Data           4  startup_stm32g030xx.o(RESET)
    __Vectors_End                            0x080000c0   Data           0  startup_stm32g030xx.o(RESET)
    __main                                   0x080000c1   Thumb Code     8  __main.o(!!!main)
    __scatterload                            0x080000c9   Thumb Code     0  __scatter.o(!!!scatter)
    __scatterload_rt2                        0x080000c9   Thumb Code    74  __scatter.o(!!!scatter)
    __scatterload_rt2_thumb_only             0x080000c9   Thumb Code     0  __scatter.o(!!!scatter)
    __scatterload_loop                       0x080000d3   Thumb Code     0  __scatter.o(!!!scatter)
    __scatterload_copy                       0x0800011d   Thumb Code    26  __scatter_copy.o(!!handler_copy)
    __scatterload_null                       0x08000139   Thumb Code     2  __scatter.o(!!handler_null)
    __scatterload_zeroinit                   0x0800013d   Thumb Code    28  __scatter_zi.o(!!handler_zi)
    _printf_percent                          0x08000159   Thumb Code     0  _printf_percent.o(.ARM.Collect$$_printf_percent$$00000000)
    _printf_f                                0x0800015b   Thumb Code     0  _printf_f.o(.ARM.Collect$$_printf_percent$$00000003)
    _printf_d                                0x08000165   Thumb Code     0  _printf_d.o(.ARM.Collect$$_printf_percent$$00000009)
    _printf_percent_end                      0x0800016f   Thumb Code     0  _printf_percent_end.o(.ARM.Collect$$_printf_percent$$00000017)
    __rt_lib_init                            0x08000173   Thumb Code     0  libinit.o(.ARM.Collect$$libinit$$00000000)
    __rt_lib_init_fp_1                       0x08000175   Thumb Code     0  libinit2.o(.ARM.Collect$$libinit$$00000002)
    __rt_lib_init_heap_1                     0x08000175   Thumb Code     0  libinit2.o(.ARM.Collect$$libinit$$0000000C)
    __rt_lib_init_lc_common                  0x08000175   Thumb Code     0  libinit2.o(.ARM.Collect$$libinit$$00000011)
    __rt_lib_init_preinit_1                  0x08000175   Thumb Code     0  libinit2.o(.ARM.Collect$$libinit$$00000006)
    __rt_lib_init_rand_1                     0x08000175   Thumb Code     0  libinit2.o(.ARM.Collect$$libinit$$00000010)
    __rt_lib_init_relocate_pie_1             0x08000175   Thumb Code     0  libinit2.o(.ARM.Collect$$libinit$$00000004)
    __rt_lib_init_user_alloc_1               0x08000175   Thumb Code     0  libinit2.o(.ARM.Collect$$libinit$$0000000E)
    __rt_lib_init_lc_collate_1               0x0800017b   Thumb Code     0  libinit2.o(.ARM.Collect$$libinit$$00000013)
    __rt_lib_init_lc_ctype_1                 0x0800017b   Thumb Code     0  libinit2.o(.ARM.Collect$$libinit$$00000015)
    __rt_lib_init_lc_monetary_1              0x0800017b   Thumb Code     0  libinit2.o(.ARM.Collect$$libinit$$00000017)
    __rt_lib_init_lc_numeric_2               0x0800017b   Thumb Code     0  libinit2.o(.ARM.Collect$$libinit$$00000018)
    __rt_lib_init_alloca_1                   0x08000185   Thumb Code     0  libinit2.o(.ARM.Collect$$libinit$$00000030)
    __rt_lib_init_argv_1                     0x08000185   Thumb Code     0  libinit2.o(.ARM.Collect$$libinit$$0000002E)
    __rt_lib_init_atexit_1                   0x08000185   Thumb Code     0  libinit2.o(.ARM.Collect$$libinit$$0000001D)
    __rt_lib_init_clock_1                    0x08000185   Thumb Code     0  libinit2.o(.ARM.Collect$$libinit$$00000023)
    __rt_lib_init_cpp_1                      0x08000185   Thumb Code     0  libinit2.o(.ARM.Collect$$libinit$$00000034)
    __rt_lib_init_exceptions_1               0x08000185   Thumb Code     0  libinit2.o(.ARM.Collect$$libinit$$00000032)
    __rt_lib_init_fp_trap_1                  0x08000185   Thumb Code     0  libinit2.o(.ARM.Collect$$libinit$$00000021)
    __rt_lib_init_getenv_1                   0x08000185   Thumb Code     0  libinit2.o(.ARM.Collect$$libinit$$00000025)
    __rt_lib_init_lc_numeric_1               0x08000185   Thumb Code     0  libinit2.o(.ARM.Collect$$libinit$$00000019)
    __rt_lib_init_lc_time_1                  0x08000185   Thumb Code     0  libinit2.o(.ARM.Collect$$libinit$$0000001B)
    __rt_lib_init_return                     0x08000185   Thumb Code     0  libinit2.o(.ARM.Collect$$libinit$$00000035)
    __rt_lib_init_signal_1                   0x08000185   Thumb Code     0  libinit2.o(.ARM.Collect$$libinit$$0000001F)
    __rt_lib_init_stdio_1                    0x08000185   Thumb Code     0  libinit2.o(.ARM.Collect$$libinit$$00000027)
    __rt_lib_shutdown                        0x08000187   Thumb Code     0  libshutdown.o(.ARM.Collect$$libshutdown$$00000000)
    __rt_lib_shutdown_cpp_1                  0x08000189   Thumb Code     0  libshutdown2.o(.ARM.Collect$$libshutdown$$00000002)
    __rt_lib_shutdown_fp_trap_1              0x08000189   Thumb Code     0  libshutdown2.o(.ARM.Collect$$libshutdown$$00000007)
    __rt_lib_shutdown_heap_1                 0x08000189   Thumb Code     0  libshutdown2.o(.ARM.Collect$$libshutdown$$0000000F)
    __rt_lib_shutdown_return                 0x08000189   Thumb Code     0  libshutdown2.o(.ARM.Collect$$libshutdown$$00000010)
    __rt_lib_shutdown_signal_1               0x08000189   Thumb Code     0  libshutdown2.o(.ARM.Collect$$libshutdown$$0000000A)
    __rt_lib_shutdown_stdio_1                0x08000189   Thumb Code     0  libshutdown2.o(.ARM.Collect$$libshutdown$$00000004)
    __rt_lib_shutdown_user_alloc_1           0x08000189   Thumb Code     0  libshutdown2.o(.ARM.Collect$$libshutdown$$0000000C)
    __rt_entry                               0x0800018b   Thumb Code     0  __rtentry.o(.ARM.Collect$$rtentry$$00000000)
    __rt_entry_presh_1                       0x0800018b   Thumb Code     0  __rtentry2.o(.ARM.Collect$$rtentry$$00000002)
    __rt_entry_sh                            0x0800018b   Thumb Code     0  __rtentry4.o(.ARM.Collect$$rtentry$$00000004)
    __rt_entry_li                            0x08000191   Thumb Code     0  __rtentry2.o(.ARM.Collect$$rtentry$$0000000A)
    __rt_entry_postsh_1                      0x08000191   Thumb Code     0  __rtentry2.o(.ARM.Collect$$rtentry$$00000009)
    __rt_entry_main                          0x08000195   Thumb Code     0  __rtentry2.o(.ARM.Collect$$rtentry$$0000000D)
    __rt_entry_postli_1                      0x08000195   Thumb Code     0  __rtentry2.o(.ARM.Collect$$rtentry$$0000000C)
    __rt_exit                                0x0800019d   Thumb Code     0  rtexit.o(.ARM.Collect$$rtexit$$00000000)
    __rt_exit_ls                             0x0800019f   Thumb Code     0  rtexit2.o(.ARM.Collect$$rtexit$$00000003)
    __rt_exit_prels_1                        0x0800019f   Thumb Code     0  rtexit2.o(.ARM.Collect$$rtexit$$00000002)
    __rt_exit_exit                           0x080001a3   Thumb Code     0  rtexit2.o(.ARM.Collect$$rtexit$$00000004)
    Reset_Handler                            0x080001a9   Thumb Code     8  startup_stm32g030xx.o(.text)
    DMA1_Ch4_5_DMAMUX1_OVR_IRQHandler        0x080001bb   Thumb Code     0  startup_stm32g030xx.o(.text)
    DMA1_Channel2_3_IRQHandler               0x080001bb   Thumb Code     0  startup_stm32g030xx.o(.text)
    EXTI0_1_IRQHandler                       0x080001bb   Thumb Code     0  startup_stm32g030xx.o(.text)
    EXTI2_3_IRQHandler                       0x080001bb   Thumb Code     0  startup_stm32g030xx.o(.text)
    EXTI4_15_IRQHandler                      0x080001bb   Thumb Code     0  startup_stm32g030xx.o(.text)
    FLASH_IRQHandler                         0x080001bb   Thumb Code     0  startup_stm32g030xx.o(.text)
    I2C1_IRQHandler                          0x080001bb   Thumb Code     0  startup_stm32g030xx.o(.text)
    I2C2_IRQHandler                          0x080001bb   Thumb Code     0  startup_stm32g030xx.o(.text)
    RCC_IRQHandler                           0x080001bb   Thumb Code     0  startup_stm32g030xx.o(.text)
    RTC_TAMP_IRQHandler                      0x080001bb   Thumb Code     0  startup_stm32g030xx.o(.text)
    SPI1_IRQHandler                          0x080001bb   Thumb Code     0  startup_stm32g030xx.o(.text)
    SPI2_IRQHandler                          0x080001bb   Thumb Code     0  startup_stm32g030xx.o(.text)
    TIM14_IRQHandler                         0x080001bb   Thumb Code     0  startup_stm32g030xx.o(.text)
    TIM16_IRQHandler                         0x080001bb   Thumb Code     0  startup_stm32g030xx.o(.text)
    TIM17_IRQHandler                         0x080001bb   Thumb Code     0  startup_stm32g030xx.o(.text)
    TIM1_BRK_UP_TRG_COM_IRQHandler           0x080001bb   Thumb Code     0  startup_stm32g030xx.o(.text)
    TIM1_CC_IRQHandler                       0x080001bb   Thumb Code     0  startup_stm32g030xx.o(.text)
    USART2_IRQHandler                        0x080001bb   Thumb Code     0  startup_stm32g030xx.o(.text)
    WWDG_IRQHandler                          0x080001bb   Thumb Code     0  startup_stm32g030xx.o(.text)
    __user_initial_stackheap                 0x080001bd   Thumb Code     0  startup_stm32g030xx.o(.text)
    __2sprintf                               0x080001e1   Thumb Code    40  __2sprintf.o(.text)
    _printf_pre_padding                      0x0800020d   Thumb Code    44  _printf_pad.o(.text)
    _printf_post_padding                     0x08000239   Thumb Code    34  _printf_pad.o(.text)
    _printf_int_dec                          0x0800025d   Thumb Code    90  _printf_dec.o(.text)
    __printf                                 0x080002c9   Thumb Code   270  __printf_wp.o(.text)
    _memset_w                                0x080003d7   Thumb Code    26  rt_memclr.o(.text)
    _memset                                  0x080003f1   Thumb Code    30  rt_memclr.o(.text)
    __aeabi_memclr                           0x0800040f   Thumb Code     4  rt_memclr.o(.text)
    __rt_memclr                              0x0800040f   Thumb Code     0  rt_memclr.o(.text)
    __aeabi_memclr4                          0x08000413   Thumb Code     0  rt_memclr.o(.text)
    __aeabi_memclr8                          0x08000413   Thumb Code     0  rt_memclr.o(.text)
    __rt_memclr_w                            0x08000413   Thumb Code     4  rt_memclr.o(.text)
    __aeabi_uidivmod                         0x08000419   Thumb Code    28  aeabi_sdivfast.o(.text)
    __aeabi_idivmod                          0x08000435   Thumb Code   472  aeabi_sdivfast.o(.text)
    __use_two_region_memory                  0x08000611   Thumb Code     2  heapauxi.o(.text)
    __rt_heap_escrow$2region                 0x08000613   Thumb Code     2  heapauxi.o(.text)
    __rt_heap_expand$2region                 0x08000615   Thumb Code     2  heapauxi.o(.text)
    __aeabi_d2f                              0x08000619   Thumb Code     0  d2f.o(.text)
    __truncdfsf2                             0x08000619   Thumb Code     0  d2f.o(.text)
    _d2f                                     0x08000619   Thumb Code   120  d2f.o(.text)
    __adddf3                                 0x0800098d   Thumb Code     0  daddsub.o(.text)
    __aeabi_dadd                             0x0800098d   Thumb Code     0  daddsub.o(.text)
    _dadd                                    0x0800098d   Thumb Code    26  daddsub.o(.text)
    __aeabi_dsub                             0x080009a7   Thumb Code     0  daddsub.o(.text)
    __subdf3                                 0x080009a7   Thumb Code     0  daddsub.o(.text)
    _dsub                                    0x080009a7   Thumb Code    22  daddsub.o(.text)
    __aeabi_drsub                            0x080009bd   Thumb Code     0  daddsub.o(.text)
    _drsb                                    0x080009bd   Thumb Code    28  daddsub.o(.text)
    __aeabi_ddiv                             0x080009ed   Thumb Code     0  ddiv.o(.text)
    __divdf3                                 0x080009ed   Thumb Code     0  ddiv.o(.text)
    _ddiv                                    0x080009ed   Thumb Code  1072  ddiv.o(.text)
    _drdiv                                   0x08000e1d   Thumb Code    20  ddiv.o(.text)
    __aeabi_dmul                             0x08000e35   Thumb Code     0  dmul.o(.text)
    __muldf3                                 0x08000e35   Thumb Code     0  dmul.o(.text)
    _dmul                                    0x08000e35   Thumb Code   558  dmul.o(.text)
    __aeabi_f2d                              0x0800107d   Thumb Code     0  f2d.o(.text)
    __extendsfdf2                            0x0800107d   Thumb Code     0  f2d.o(.text)
    _f2d                                     0x0800107d   Thumb Code    80  f2d.o(.text)
    __aeabi_i2f_normalise                    0x080010d1   Thumb Code    72  fflti.o(.text)
    __aeabi_i2f                              0x08001119   Thumb Code    16  fflti.o(.text)
    _fflt                                    0x08001119   Thumb Code     0  fflti.o(.text)
    __aeabi_ui2f                             0x08001129   Thumb Code     6  fflti.o(.text)
    _ffltu                                   0x08001129   Thumb Code     0  fflti.o(.text)
    __read_errno                             0x0800112f   Thumb Code    10  _rserrno.o(.text)
    __set_errno                              0x08001139   Thumb Code    12  _rserrno.o(.text)
    _printf_int_common                       0x08001145   Thumb Code   176  _printf_intcommon.o(.text)
    _printf_fp_dec_real                      0x08001391   Thumb Code   620  _printf_fp_dec.o(.text)
    _printf_char_common                      0x08001613   Thumb Code    32  _printf_char_common.o(.text)
    _sputc                                   0x08001639   Thumb Code    10  _sputc.o(.text)
    __rt_udiv10                              0x08001643   Thumb Code    40  rtudiv10.o(.text)
    _fsqrt                                   0x0800166d   Thumb Code   140  fsqrt.o(.text)
    __rt_locale                              0x080016fd   Thumb Code     8  rt_locale_intlibspace.o(.text)
    __aeabi_errno_addr                       0x08001705   Thumb Code     8  rt_errno_addr_intlibspace.o(.text)
    __errno$intlibspace                      0x08001705   Thumb Code     0  rt_errno_addr_intlibspace.o(.text)
    __rt_errno_addr$intlibspace              0x08001705   Thumb Code     0  rt_errno_addr_intlibspace.o(.text)
    _ll_udiv10                               0x0800170d   Thumb Code   122  lludiv10.o(.text)
    _printf_fp_infnan                        0x08001789   Thumb Code   120  _printf_fp_infnan.o(.text)
    _btod_etento                             0x08001811   Thumb Code   210  bigflt0.o(.text)
    _btod_d2e                                0x080018e9   Thumb Code    64  btod.o(.text)
    _btod_emul                               0x08001d1d   Thumb Code    28  btod.o(.text)
    _btod_emuld                              0x08001d39   Thumb Code   144  btod.o(.text)
    _btod_ediv                               0x08001dc9   Thumb Code    26  btod.o(.text)
    _btod_edivd                              0x08001de3   Thumb Code   124  btod.o(.text)
    __fpl_fcmp_InfNaN                        0x08001e69   Thumb Code    96  fcmpin.o(.text)
    __user_libspace                          0x08001ecd   Thumb Code     8  libspace.o(.text)
    __user_perproc_libspace                  0x08001ecd   Thumb Code     0  libspace.o(.text)
    __user_perthread_libspace                0x08001ecd   Thumb Code     0  libspace.o(.text)
    __user_setup_stackheap                   0x08001ed5   Thumb Code    62  sys_stackheap_outer.o(.text)
    exit                                     0x08001f13   Thumb Code    16  exit.o(.text)
    strcmp                                   0x08001f25   Thumb Code   176  strcmpv6m.o(.text)
    __fpl_cmpreturn                          0x08001fd5   Thumb Code    46  cmpret.o(.text)
    __fpl_fcheck_NaN2                        0x08002005   Thumb Code    10  fnan2.o(.text)
    __fpl_return_NaN                         0x08002015   Thumb Code    94  retnan.o(.text)
    _sys_exit                                0x08002075   Thumb Code     8  sys_exit.o(.text)
    __I$use$semihosting                      0x08002081   Thumb Code     0  use_no_semi.o(.text)
    __use_no_semihosting_swi                 0x08002081   Thumb Code     2  use_no_semi.o(.text)
    __semihosting_library_function           0x08002083   Thumb Code     0  indicate_semi.o(.text)
    ADC1_IRQHandler                          0x08002085   Thumb Code    12  stm32g0xx_it.o(.text.ADC1_IRQHandler)
    ADC_Disable                              0x08002135   Thumb Code   100  stm32g0xx_hal_adc.o(.text.ADC_Disable)
    ADC_Enable                               0x08002199   Thumb Code   156  stm32g0xx_hal_adc.o(.text.ADC_Enable)
    DMA1_Channel1_IRQHandler                 0x0800223d   Thumb Code    12  stm32g0xx_it.o(.text.DMA1_Channel1_IRQHandler)
    Error_Handler                            0x0800224d   Thumb Code     8  main.o(.text.Error_Handler)
    HAL_ADCEx_Calibration_Start              0x08002255   Thumb Code   364  stm32g0xx_hal_adc_ex.o(.text.HAL_ADCEx_Calibration_Start)
    HAL_ADCEx_ChannelConfigReadyCallback     0x080023d5   Thumb Code     2  stm32g0xx_hal_adc_ex.o(.text.HAL_ADCEx_ChannelConfigReadyCallback)
    HAL_ADCEx_EndOfSamplingCallback          0x080023d7   Thumb Code     2  stm32g0xx_hal_adc_ex.o(.text.HAL_ADCEx_EndOfSamplingCallback)
    HAL_ADCEx_LevelOutOfWindow2Callback      0x080023d9   Thumb Code     2  stm32g0xx_hal_adc_ex.o(.text.HAL_ADCEx_LevelOutOfWindow2Callback)
    HAL_ADCEx_LevelOutOfWindow3Callback      0x080023db   Thumb Code     2  stm32g0xx_hal_adc_ex.o(.text.HAL_ADCEx_LevelOutOfWindow3Callback)
    HAL_ADC_ConfigChannel                    0x080023dd   Thumb Code   592  stm32g0xx_hal_adc.o(.text.HAL_ADC_ConfigChannel)
    HAL_ADC_ConvCpltCallback                 0x08002651   Thumb Code    20  main.o(.text.HAL_ADC_ConvCpltCallback)
    HAL_ADC_ConvHalfCpltCallback             0x0800266d   Thumb Code     2  stm32g0xx_hal_adc.o(.text.HAL_ADC_ConvHalfCpltCallback)
    HAL_ADC_ErrorCallback                    0x0800266f   Thumb Code     2  stm32g0xx_hal_adc.o(.text.HAL_ADC_ErrorCallback)
    HAL_ADC_IRQHandler                       0x08002671   Thumb Code   454  stm32g0xx_hal_adc.o(.text.HAL_ADC_IRQHandler)
    HAL_ADC_Init                             0x08002839   Thumb Code   520  stm32g0xx_hal_adc.o(.text.HAL_ADC_Init)
    HAL_ADC_LevelOutOfWindowCallback         0x08002a59   Thumb Code     2  stm32g0xx_hal_adc.o(.text.HAL_ADC_LevelOutOfWindowCallback)
    HAL_ADC_MspInit                          0x08002a5d   Thumb Code   192  adc.o(.text.HAL_ADC_MspInit)
    HAL_ADC_Start_DMA                        0x08002b2d   Thumb Code   152  stm32g0xx_hal_adc.o(.text.HAL_ADC_Start_DMA)
    HAL_DMA_Abort                            0x08002bd9   Thumb Code   108  stm32g0xx_hal_dma.o(.text.HAL_DMA_Abort)
    HAL_DMA_Abort_IT                         0x08002c45   Thumb Code   108  stm32g0xx_hal_dma.o(.text.HAL_DMA_Abort_IT)
    HAL_DMA_IRQHandler                       0x08002cb5   Thumb Code   224  stm32g0xx_hal_dma.o(.text.HAL_DMA_IRQHandler)
    HAL_DMA_Init                             0x08002d95   Thumb Code   228  stm32g0xx_hal_dma.o(.text.HAL_DMA_Init)
    HAL_DMA_Start_IT                         0x08002e8d   Thumb Code   200  stm32g0xx_hal_dma.o(.text.HAL_DMA_Start_IT)
    HAL_Delay                                0x08002f59   Thumb Code    32  stm32g0xx_hal.o(.text.HAL_Delay)
    HAL_GPIO_Init                            0x08002f79   Thumb Code   392  stm32g0xx_hal_gpio.o(.text.HAL_GPIO_Init)
    HAL_GPIO_WritePin                        0x08003115   Thumb Code    16  stm32g0xx_hal_gpio.o(.text.HAL_GPIO_WritePin)
    HAL_GetTick                              0x08003125   Thumb Code     8  stm32g0xx_hal.o(.text.HAL_GetTick)
    HAL_IncTick                              0x0800312d   Thumb Code    16  stm32g0xx_hal.o(.text.HAL_IncTick)
    HAL_Init                                 0x08003141   Thumb Code    40  stm32g0xx_hal.o(.text.HAL_Init)
    HAL_InitTick                             0x0800316d   Thumb Code    64  stm32g0xx_hal.o(.text.HAL_InitTick)
    HAL_MspInit                              0x080031b5   Thumb Code    40  stm32g0xx_hal_msp.o(.text.HAL_MspInit)
    HAL_NVIC_EnableIRQ                       0x080031e1   Thumb Code    20  stm32g0xx_hal_cortex.o(.text.HAL_NVIC_EnableIRQ)
    HAL_NVIC_SetPriority                     0x080031f9   Thumb Code    48  stm32g0xx_hal_cortex.o(.text.HAL_NVIC_SetPriority)
    HAL_PWREx_ControlVoltageScaling          0x08003231   Thumb Code    84  stm32g0xx_hal_pwr_ex.o(.text.HAL_PWREx_ControlVoltageScaling)
    HAL_RCCEx_PeriphCLKConfig                0x0800328d   Thumb Code   356  stm32g0xx_hal_rcc_ex.o(.text.HAL_RCCEx_PeriphCLKConfig)
    HAL_RCC_ClockConfig                      0x08003401   Thumb Code   476  stm32g0xx_hal_rcc.o(.text.HAL_RCC_ClockConfig)
    HAL_RCC_GetPCLK1Freq                     0x080035ed   Thumb Code    28  stm32g0xx_hal_rcc.o(.text.HAL_RCC_GetPCLK1Freq)
    HAL_RCC_GetSysClockFreq                  0x08003611   Thumb Code   124  stm32g0xx_hal_rcc.o(.text.HAL_RCC_GetSysClockFreq)
    HAL_RCC_OscConfig                        0x08003699   Thumb Code  1020  stm32g0xx_hal_rcc.o(.text.HAL_RCC_OscConfig)
    HAL_SYSTICK_Config                       0x08003ab5   Thumb Code    40  stm32g0xx_hal_cortex.o(.text.HAL_SYSTICK_Config)
    HAL_TIMEx_Break2Callback                 0x08003ae9   Thumb Code     2  stm32g0xx_hal_tim_ex.o(.text.HAL_TIMEx_Break2Callback)
    HAL_TIMEx_BreakCallback                  0x08003aeb   Thumb Code     2  stm32g0xx_hal_tim_ex.o(.text.HAL_TIMEx_BreakCallback)
    HAL_TIMEx_CommutCallback                 0x08003aed   Thumb Code     2  stm32g0xx_hal_tim_ex.o(.text.HAL_TIMEx_CommutCallback)
    HAL_TIMEx_MasterConfigSynchronization    0x08003af1   Thumb Code    92  stm32g0xx_hal_tim_ex.o(.text.HAL_TIMEx_MasterConfigSynchronization)
    HAL_TIM_Base_Init                        0x08003b4d   Thumb Code   196  stm32g0xx_hal_tim.o(.text.HAL_TIM_Base_Init)
    HAL_TIM_Base_MspInit                     0x08003c21   Thumb Code    56  tim.o(.text.HAL_TIM_Base_MspInit)
    HAL_TIM_Base_Start                       0x08003c5d   Thumb Code    68  stm32g0xx_hal_tim.o(.text.HAL_TIM_Base_Start)
    HAL_TIM_ConfigClockSource                0x08003cad   Thumb Code   324  stm32g0xx_hal_tim.o(.text.HAL_TIM_ConfigClockSource)
    HAL_TIM_IC_CaptureCallback               0x08003df9   Thumb Code     2  stm32g0xx_hal_tim.o(.text.HAL_TIM_IC_CaptureCallback)
    HAL_TIM_IRQHandler                       0x08003dfd   Thumb Code   468  stm32g0xx_hal_tim.o(.text.HAL_TIM_IRQHandler)
    HAL_TIM_OC_DelayElapsedCallback          0x08003fd9   Thumb Code     2  stm32g0xx_hal_tim.o(.text.HAL_TIM_OC_DelayElapsedCallback)
    HAL_TIM_PWM_PulseFinishedCallback        0x08003fdb   Thumb Code     2  stm32g0xx_hal_tim.o(.text.HAL_TIM_PWM_PulseFinishedCallback)
    HAL_TIM_PeriodElapsedCallback            0x08003fdd   Thumb Code     2  stm32g0xx_hal_tim.o(.text.HAL_TIM_PeriodElapsedCallback)
    HAL_TIM_TriggerCallback                  0x08003fdf   Thumb Code     2  stm32g0xx_hal_tim.o(.text.HAL_TIM_TriggerCallback)
    HAL_UARTEx_DisableFifoMode               0x08003fe1   Thumb Code    54  stm32g0xx_hal_uart_ex.o(.text.HAL_UARTEx_DisableFifoMode)
    HAL_UARTEx_RxEventCallback               0x08004017   Thumb Code     2  stm32g0xx_hal_uart.o(.text.HAL_UARTEx_RxEventCallback)
    HAL_UARTEx_RxFifoFullCallback            0x08004019   Thumb Code     2  stm32g0xx_hal_uart_ex.o(.text.HAL_UARTEx_RxFifoFullCallback)
    HAL_UARTEx_SetRxFifoThreshold            0x0800401d   Thumb Code   128  stm32g0xx_hal_uart_ex.o(.text.HAL_UARTEx_SetRxFifoThreshold)
    HAL_UARTEx_SetTxFifoThreshold            0x0800409d   Thumb Code   128  stm32g0xx_hal_uart_ex.o(.text.HAL_UARTEx_SetTxFifoThreshold)
    HAL_UARTEx_TxFifoEmptyCallback           0x08004125   Thumb Code     2  stm32g0xx_hal_uart_ex.o(.text.HAL_UARTEx_TxFifoEmptyCallback)
    HAL_UARTEx_WakeupCallback                0x08004127   Thumb Code     2  stm32g0xx_hal_uart_ex.o(.text.HAL_UARTEx_WakeupCallback)
    HAL_UART_ErrorCallback                   0x08004129   Thumb Code     2  stm32g0xx_hal_uart.o(.text.HAL_UART_ErrorCallback)
    HAL_UART_IRQHandler                      0x0800412d   Thumb Code  1064  stm32g0xx_hal_uart.o(.text.HAL_UART_IRQHandler)
    HAL_UART_Init                            0x08004561   Thumb Code   112  stm32g0xx_hal_uart.o(.text.HAL_UART_Init)
    HAL_UART_MspInit                         0x080045d1   Thumb Code   140  usart.o(.text.HAL_UART_MspInit)
    HAL_UART_Transmit_IT                     0x08004661   Thumb Code   176  stm32g0xx_hal_uart.o(.text.HAL_UART_Transmit_IT)
    HAL_UART_TxCpltCallback                  0x08004721   Thumb Code     2  stm32g0xx_hal_uart.o(.text.HAL_UART_TxCpltCallback)
    HardFault_Handler                        0x08004723   Thumb Code     2  stm32g0xx_it.o(.text.HardFault_Handler)
    MX_ADC1_Init                             0x08004725   Thumb Code   280  adc.o(.text.MX_ADC1_Init)
    MX_DMA_Init                              0x08004861   Thumb Code    44  dma.o(.text.MX_DMA_Init)
    MX_GPIO_Init                             0x08004891   Thumb Code   128  gpio.o(.text.MX_GPIO_Init)
    MX_TIM3_Init                             0x0800491d   Thumb Code   100  tim.o(.text.MX_TIM3_Init)
    MX_USART1_UART_Init                      0x0800498d   Thumb Code    96  usart.o(.text.MX_USART1_UART_Init)
    NMI_Handler                              0x080049f1   Thumb Code     2  stm32g0xx_it.o(.text.NMI_Handler)
    PendSV_Handler                           0x080049f3   Thumb Code     2  stm32g0xx_it.o(.text.PendSV_Handler)
    SVC_Handler                              0x080049f5   Thumb Code     2  stm32g0xx_it.o(.text.SVC_Handler)
    SysTick_Handler                          0x080049f7   Thumb Code     8  stm32g0xx_it.o(.text.SysTick_Handler)
    SystemInit                               0x080049ff   Thumb Code     2  system_stm32g0xx.o(.text.SystemInit)
    TIM3_IRQHandler                          0x08004a01   Thumb Code    12  stm32g0xx_it.o(.text.TIM3_IRQHandler)
    UART_AdvFeatureConfig                    0x08004a11   Thumb Code   210  stm32g0xx_hal_uart.o(.text.UART_AdvFeatureConfig)
    UART_CheckIdleState                      0x08004ae5   Thumb Code   192  stm32g0xx_hal_uart.o(.text.UART_CheckIdleState)
    UART_SetConfig                           0x08004bc1   Thumb Code   344  stm32g0xx_hal_uart.o(.text.UART_SetConfig)
    UART_WaitOnFlagUntilTimeout              0x08004ee5   Thumb Code   324  stm32g0xx_hal_uart.o(.text.UART_WaitOnFlagUntilTimeout)
    USART1_IRQHandler                        0x0800502d   Thumb Code    12  stm32g0xx_it.o(.text.USART1_IRQHandler)
    classify                                 0x08005039   Thumb Code   214  main.o(.text.classify)
    main                                     0x08005111   Thumb Code   560  main.o(.text.main)
    __aeabi_uidiv                            0x08005381   Thumb Code    68  aeabi_sdivfast.o(.text_divfast)
    __aeabi_idiv                             0x080053c5   Thumb Code   434  aeabi_sdivfast.o(.text_divfast)
    __ARM_common_ll_muluu                    0x08005577   Thumb Code    48  btod.o(i.__ARM_common_ll_muluu)
    __ARM_fpclassify                         0x080055a9   Thumb Code    40  fpclassify.o(i.__ARM_fpclassify)
    __aeabi_fcmplt                           0x080055d5   Thumb Code     0  fcmp.o(i._fls)
    _fls                                     0x080055d5   Thumb Code    22  fcmp.o(i._fls)
    _is_digit                                0x080055eb   Thumb Code    14  __printf_wp.o(i._is_digit)
    sqrtf                                    0x080055f9   Thumb Code    44  sqrtf.o(i.sqrtf)
    _get_lc_numeric                          0x08005625   Thumb Code    44  lc_numeric_c.o(locale$$code)
    __aeabi_fadd                             0x08005651   Thumb Code     0  faddsub.o(x$fpl$fadd)
    _fadd                                    0x08005651   Thumb Code   134  faddsub.o(x$fpl$fadd)
    __aeabi_cfcmple                          0x080056dd   Thumb Code     0  flef.o(x$fpl$fleqf)
    _fcmple                                  0x080056dd   Thumb Code    78  flef.o(x$fpl$fleqf)
    __aeabi_fsub                             0x08005731   Thumb Code     0  faddsub.o(x$fpl$fsub)
    _fsub                                    0x08005731   Thumb Code   204  faddsub.o(x$fpl$fsub)
    _printf_fp_dec                           0x08005801   Thumb Code    16  printf1.o(x$fpl$printf1)
    __I$use$fp                               0x08005810   Number         0  usenofp.o(x$fpl$usenofp)
    AHBPrescTable                            0x08005a24   Data          64  system_stm32g0xx.o(.rodata.AHBPrescTable)
    APBPrescTable                            0x08005a64   Data          32  system_stm32g0xx.o(.rodata.APBPrescTable)
    UARTPrescTable                           0x08005a84   Data          24  stm32g0xx_hal_uart.o(.rodata.UARTPrescTable)
    Region$$Table$$Base                      0x08005aac   Number         0  anon$$obj.o(Region$$Table)
    Region$$Table$$Limit                     0x08005acc   Number         0  anon$$obj.o(Region$$Table)
    SystemCoreClock                          0x20000000   Data           4  system_stm32g0xx.o(.data.SystemCoreClock)
    uwTickFreq                               0x20000004   Data           1  stm32g0xx_hal.o(.data.uwTickFreq)
    uwTickPrio                               0x20000008   Data           4  stm32g0xx_hal.o(.data.uwTickPrio)
    __libspace_start                         0x20000010   Data          96  libspace.o(.bss)
    Data                                     0x20000070   Data          32  main.o(.bss.Data)
    __temporary_stack_top$libspace           0x20000070   Data           0  libspace.o(.bss)
    Volt                                     0x20000090   Data          64  main.o(.bss.Volt)
    dma_end_flag                             0x200000d0   Data           1  main.o(.bss.dma_end_flag)
    hadc1                                    0x200000d4   Data         100  adc.o(.bss.hadc1)
    hdma_adc1                                0x20000138   Data          92  adc.o(.bss.hdma_adc1)
    htim3                                    0x20000194   Data          76  tim.o(.bss.htim3)
    huart1                                   0x200001e0   Data         148  usart.o(.bss.huart1)
    uwTick                                   0x20000274   Data           4  stm32g0xx_hal.o(.bss.uwTick)



==============================================================================

Memory Map of the image

  Image Entry point : 0x080000c1

  Load Region LR_IROM1 (Base: 0x08000000, Size: 0x00005af8, Max: 0x00010000, ABSOLUTE)

    Execution Region ER_IROM1 (Exec base: 0x08000000, Load base: 0x08000000, Size: 0x00005ae8, Max: 0x00010000, ABSOLUTE)

    Exec Addr    Load Addr    Size         Type   Attr      Idx    E Section Name        Object

    0x08000000   0x08000000   0x000000c0   Data   RO            3    RESET               startup_stm32g030xx.o
    0x080000c0   0x080000c0   0x00000008   Code   RO         1207  * !!!main             c_p.l(__main.o)
    0x080000c8   0x080000c8   0x00000054   Code   RO         1503    !!!scatter          c_p.l(__scatter.o)
    0x0800011c   0x0800011c   0x0000001a   Code   RO         1507    !!handler_copy      c_p.l(__scatter_copy.o)
    0x08000136   0x08000136   0x00000002   PAD
    0x08000138   0x08000138   0x00000002   Code   RO         1504    !!handler_null      c_p.l(__scatter.o)
    0x0800013a   0x0800013a   0x00000002   PAD
    0x0800013c   0x0800013c   0x0000001c   Code   RO         1509    !!handler_zi        c_p.l(__scatter_zi.o)
    0x08000158   0x08000158   0x00000002   Code   RO         1194    .ARM.Collect$$_printf_percent$$00000000  c_p.l(_printf_percent.o)
    0x0800015a   0x0800015a   0x0000000a   Code   RO         1193    .ARM.Collect$$_printf_percent$$00000003  c_p.l(_printf_f.o)
    0x08000164   0x08000164   0x0000000a   Code   RO         1192    .ARM.Collect$$_printf_percent$$00000009  c_p.l(_printf_d.o)
    0x0800016e   0x0800016e   0x00000004   Code   RO         1275    .ARM.Collect$$_printf_percent$$00000017  c_p.l(_printf_percent_end.o)
    0x08000172   0x08000172   0x00000002   Code   RO         1359    .ARM.Collect$$libinit$$00000000  c_p.l(libinit.o)
    0x08000174   0x08000174   0x00000000   Code   RO         1361    .ARM.Collect$$libinit$$00000002  c_p.l(libinit2.o)
    0x08000174   0x08000174   0x00000000   Code   RO         1363    .ARM.Collect$$libinit$$00000004  c_p.l(libinit2.o)
    0x08000174   0x08000174   0x00000000   Code   RO         1365    .ARM.Collect$$libinit$$00000006  c_p.l(libinit2.o)
    0x08000174   0x08000174   0x00000000   Code   RO         1368    .ARM.Collect$$libinit$$0000000C  c_p.l(libinit2.o)
    0x08000174   0x08000174   0x00000000   Code   RO         1370    .ARM.Collect$$libinit$$0000000E  c_p.l(libinit2.o)
    0x08000174   0x08000174   0x00000000   Code   RO         1372    .ARM.Collect$$libinit$$00000010  c_p.l(libinit2.o)
    0x08000174   0x08000174   0x00000006   Code   RO         1373    .ARM.Collect$$libinit$$00000011  c_p.l(libinit2.o)
    0x0800017a   0x0800017a   0x00000000   Code   RO         1375    .ARM.Collect$$libinit$$00000013  c_p.l(libinit2.o)
    0x0800017a   0x0800017a   0x00000000   Code   RO         1377    .ARM.Collect$$libinit$$00000015  c_p.l(libinit2.o)
    0x0800017a   0x0800017a   0x00000000   Code   RO         1379    .ARM.Collect$$libinit$$00000017  c_p.l(libinit2.o)
    0x0800017a   0x0800017a   0x0000000a   Code   RO         1380    .ARM.Collect$$libinit$$00000018  c_p.l(libinit2.o)
    0x08000184   0x08000184   0x00000000   Code   RO         1381    .ARM.Collect$$libinit$$00000019  c_p.l(libinit2.o)
    0x08000184   0x08000184   0x00000000   Code   RO         1383    .ARM.Collect$$libinit$$0000001B  c_p.l(libinit2.o)
    0x08000184   0x08000184   0x00000000   Code   RO         1385    .ARM.Collect$$libinit$$0000001D  c_p.l(libinit2.o)
    0x08000184   0x08000184   0x00000000   Code   RO         1387    .ARM.Collect$$libinit$$0000001F  c_p.l(libinit2.o)
    0x08000184   0x08000184   0x00000000   Code   RO         1389    .ARM.Collect$$libinit$$00000021  c_p.l(libinit2.o)
    0x08000184   0x08000184   0x00000000   Code   RO         1391    .ARM.Collect$$libinit$$00000023  c_p.l(libinit2.o)
    0x08000184   0x08000184   0x00000000   Code   RO         1393    .ARM.Collect$$libinit$$00000025  c_p.l(libinit2.o)
    0x08000184   0x08000184   0x00000000   Code   RO         1395    .ARM.Collect$$libinit$$00000027  c_p.l(libinit2.o)
    0x08000184   0x08000184   0x00000000   Code   RO         1399    .ARM.Collect$$libinit$$0000002E  c_p.l(libinit2.o)
    0x08000184   0x08000184   0x00000000   Code   RO         1401    .ARM.Collect$$libinit$$00000030  c_p.l(libinit2.o)
    0x08000184   0x08000184   0x00000000   Code   RO         1403    .ARM.Collect$$libinit$$00000032  c_p.l(libinit2.o)
    0x08000184   0x08000184   0x00000000   Code   RO         1405    .ARM.Collect$$libinit$$00000034  c_p.l(libinit2.o)
    0x08000184   0x08000184   0x00000002   Code   RO         1406    .ARM.Collect$$libinit$$00000035  c_p.l(libinit2.o)
    0x08000186   0x08000186   0x00000002   Code   RO         1468    .ARM.Collect$$libshutdown$$00000000  c_p.l(libshutdown.o)
    0x08000188   0x08000188   0x00000000   Code   RO         1486    .ARM.Collect$$libshutdown$$00000002  c_p.l(libshutdown2.o)
    0x08000188   0x08000188   0x00000000   Code   RO         1488    .ARM.Collect$$libshutdown$$00000004  c_p.l(libshutdown2.o)
    0x08000188   0x08000188   0x00000000   Code   RO         1491    .ARM.Collect$$libshutdown$$00000007  c_p.l(libshutdown2.o)
    0x08000188   0x08000188   0x00000000   Code   RO         1494    .ARM.Collect$$libshutdown$$0000000A  c_p.l(libshutdown2.o)
    0x08000188   0x08000188   0x00000000   Code   RO         1496    .ARM.Collect$$libshutdown$$0000000C  c_p.l(libshutdown2.o)
    0x08000188   0x08000188   0x00000000   Code   RO         1499    .ARM.Collect$$libshutdown$$0000000F  c_p.l(libshutdown2.o)
    0x08000188   0x08000188   0x00000002   Code   RO         1500    .ARM.Collect$$libshutdown$$00000010  c_p.l(libshutdown2.o)
    0x0800018a   0x0800018a   0x00000000   Code   RO         1258    .ARM.Collect$$rtentry$$00000000  c_p.l(__rtentry.o)
    0x0800018a   0x0800018a   0x00000000   Code   RO         1288    .ARM.Collect$$rtentry$$00000002  c_p.l(__rtentry2.o)
    0x0800018a   0x0800018a   0x00000006   Code   RO         1300    .ARM.Collect$$rtentry$$00000004  c_p.l(__rtentry4.o)
    0x08000190   0x08000190   0x00000000   Code   RO         1290    .ARM.Collect$$rtentry$$00000009  c_p.l(__rtentry2.o)
    0x08000190   0x08000190   0x00000004   Code   RO         1291    .ARM.Collect$$rtentry$$0000000A  c_p.l(__rtentry2.o)
    0x08000194   0x08000194   0x00000000   Code   RO         1293    .ARM.Collect$$rtentry$$0000000C  c_p.l(__rtentry2.o)
    0x08000194   0x08000194   0x00000008   Code   RO         1294    .ARM.Collect$$rtentry$$0000000D  c_p.l(__rtentry2.o)
    0x0800019c   0x0800019c   0x00000002   Code   RO         1412    .ARM.Collect$$rtexit$$00000000  c_p.l(rtexit.o)
    0x0800019e   0x0800019e   0x00000000   Code   RO         1433    .ARM.Collect$$rtexit$$00000002  c_p.l(rtexit2.o)
    0x0800019e   0x0800019e   0x00000004   Code   RO         1434    .ARM.Collect$$rtexit$$00000003  c_p.l(rtexit2.o)
    0x080001a2   0x080001a2   0x00000006   Code   RO         1435    .ARM.Collect$$rtexit$$00000004  c_p.l(rtexit2.o)
    0x080001a8   0x080001a8   0x00000038   Code   RO            4    .text               startup_stm32g030xx.o
    0x080001e0   0x080001e0   0x0000002c   Code   RO         1162    .text               c_p.l(__2sprintf.o)
    0x0800020c   0x0800020c   0x0000004e   Code   RO         1168    .text               c_p.l(_printf_pad.o)
    0x0800025a   0x0800025a   0x00000002   PAD
    0x0800025c   0x0800025c   0x0000006c   Code   RO         1170    .text               c_p.l(_printf_dec.o)
    0x080002c8   0x080002c8   0x0000010e   Code   RO         1180    .text               c_p.l(__printf_wp.o)
    0x080003d6   0x080003d6   0x00000040   Code   RO         1195    .text               c_p.l(rt_memclr.o)
    0x08000416   0x08000416   0x00000002   PAD
    0x08000418   0x08000418   0x000001f8   Code   RO         1197    .text               c_p.l(aeabi_sdivfast.o)
    0x08000610   0x08000610   0x00000006   Code   RO         1205    .text               c_p.l(heapauxi.o)
    0x08000616   0x08000616   0x00000002   PAD
    0x08000618   0x08000618   0x0000007c   Code   RO         1209    .text               fz_ps.l(d2f.o)
    0x08000694   0x08000694   0x00000358   Code   RO         1211    .text               fz_ps.l(daddsub.o)
    0x080009ec   0x080009ec   0x00000448   Code   RO         1213    .text               fz_ps.l(ddiv.o)
    0x08000e34   0x08000e34   0x00000248   Code   RO         1216    .text               fz_ps.l(dmul.o)
    0x0800107c   0x0800107c   0x00000054   Code   RO         1218    .text               fz_ps.l(f2d.o)
    0x080010d0   0x080010d0   0x0000005e   Code   RO         1250    .text               fz_ps.l(fflti.o)
    0x0800112e   0x0800112e   0x00000016   Code   RO         1263    .text               c_p.l(_rserrno.o)
    0x08001144   0x08001144   0x000000b0   Code   RO         1265    .text               c_p.l(_printf_intcommon.o)
    0x080011f4   0x080011f4   0x00000414   Code   RO         1267    .text               c_p.l(_printf_fp_dec.o)
    0x08001608   0x08001608   0x00000030   Code   RO         1271    .text               c_p.l(_printf_char_common.o)
    0x08001638   0x08001638   0x0000000a   Code   RO         1273    .text               c_p.l(_sputc.o)
    0x08001642   0x08001642   0x00000028   Code   RO         1276    .text               c_p.l(rtudiv10.o)
    0x0800166a   0x0800166a   0x00000002   PAD
    0x0800166c   0x0800166c   0x00000090   Code   RO         1284    .text               fz_ps.l(fsqrt.o)
    0x080016fc   0x080016fc   0x00000008   Code   RO         1307    .text               c_p.l(rt_locale_intlibspace.o)
    0x08001704   0x08001704   0x00000008   Code   RO         1312    .text               c_p.l(rt_errno_addr_intlibspace.o)
    0x0800170c   0x0800170c   0x0000007a   Code   RO         1314    .text               c_p.l(lludiv10.o)
    0x08001786   0x08001786   0x00000002   PAD
    0x08001788   0x08001788   0x00000088   Code   RO         1316    .text               c_p.l(_printf_fp_infnan.o)
    0x08001810   0x08001810   0x000000d8   Code   RO         1320    .text               c_p.l(bigflt0.o)
    0x080018e8   0x080018e8   0x00000580   Code   RO         1323    .text               c_p.l(btod.o)
    0x08001e68   0x08001e68   0x00000064   Code   RO         1332    .text               fz_ps.l(fcmpin.o)
    0x08001ecc   0x08001ecc   0x00000008   Code   RO         1338    .text               c_p.l(libspace.o)
    0x08001ed4   0x08001ed4   0x0000003e   Code   RO         1341    .text               c_p.l(sys_stackheap_outer.o)
    0x08001f12   0x08001f12   0x00000010   Code   RO         1346    .text               c_p.l(exit.o)
    0x08001f22   0x08001f22   0x00000002   PAD
    0x08001f24   0x08001f24   0x000000b0   Code   RO         1352    .text               c_p.l(strcmpv6m.o)
    0x08001fd4   0x08001fd4   0x0000002e   Code   RO         1407    .text               fz_ps.l(cmpret.o)
    0x08002002   0x08002002   0x00000002   PAD
    0x08002004   0x08002004   0x00000010   Code   RO         1409    .text               fz_ps.l(fnan2.o)
    0x08002014   0x08002014   0x0000005e   Code   RO         1426    .text               fz_ps.l(retnan.o)
    0x08002072   0x08002072   0x00000002   PAD
    0x08002074   0x08002074   0x0000000c   Code   RO         1428    .text               c_p.l(sys_exit.o)
    0x08002080   0x08002080   0x00000002   Code   RO         1455    .text               c_p.l(use_no_semi.o)
    0x08002082   0x08002082   0x00000000   Code   RO         1457    .text               c_p.l(indicate_semi.o)
    0x08002082   0x08002082   0x00000002   PAD
    0x08002084   0x08002084   0x00000010   Code   RO          119    .text.ADC1_IRQHandler  stm32g0xx_it.o
    0x08002094   0x08002094   0x0000007c   Code   RO          168    .text.ADC_DMAConvCplt  stm32g0xx_hal_adc.o
    0x08002110   0x08002110   0x0000001a   Code   RO          172    .text.ADC_DMAError  stm32g0xx_hal_adc.o
    0x0800212a   0x0800212a   0x0000000a   Code   RO          170    .text.ADC_DMAHalfConvCplt  stm32g0xx_hal_adc.o
    0x08002134   0x08002134   0x00000064   Code   RO          148    .text.ADC_Disable   stm32g0xx_hal_adc.o
    0x08002198   0x08002198   0x000000a4   Code   RO          154    .text.ADC_Enable    stm32g0xx_hal_adc.o
    0x0800223c   0x0800223c   0x00000010   Code   RO          117    .text.DMA1_Channel1_IRQHandler  stm32g0xx_it.o
    0x0800224c   0x0800224c   0x00000008   Code   RO           19    .text.Error_Handler  main.o
    0x08002254   0x08002254   0x00000180   Code   RO          204    .text.HAL_ADCEx_Calibration_Start  stm32g0xx_hal_adc_ex.o
    0x080023d4   0x080023d4   0x00000002   Code   RO          216    .text.HAL_ADCEx_ChannelConfigReadyCallback  stm32g0xx_hal_adc_ex.o
    0x080023d6   0x080023d6   0x00000002   Code   RO          214    .text.HAL_ADCEx_EndOfSamplingCallback  stm32g0xx_hal_adc_ex.o
    0x080023d8   0x080023d8   0x00000002   Code   RO          210    .text.HAL_ADCEx_LevelOutOfWindow2Callback  stm32g0xx_hal_adc_ex.o
    0x080023da   0x080023da   0x00000002   Code   RO          212    .text.HAL_ADCEx_LevelOutOfWindow3Callback  stm32g0xx_hal_adc_ex.o
    0x080023dc   0x080023dc   0x00000274   Code   RO          188    .text.HAL_ADC_ConfigChannel  stm32g0xx_hal_adc.o
    0x08002650   0x08002650   0x0000001c   Code   RO           21    .text.HAL_ADC_ConvCpltCallback  main.o
    0x0800266c   0x0800266c   0x00000002   Code   RO          186    .text.HAL_ADC_ConvHalfCpltCallback  stm32g0xx_hal_adc.o
    0x0800266e   0x0800266e   0x00000002   Code   RO          184    .text.HAL_ADC_ErrorCallback  stm32g0xx_hal_adc.o
    0x08002670   0x08002670   0x000001c6   Code   RO          178    .text.HAL_ADC_IRQHandler  stm32g0xx_hal_adc.o
    0x08002836   0x08002836   0x00000002   PAD
    0x08002838   0x08002838   0x00000220   Code   RO          140    .text.HAL_ADC_Init  stm32g0xx_hal_adc.o
    0x08002a58   0x08002a58   0x00000002   Code   RO          182    .text.HAL_ADC_LevelOutOfWindowCallback  stm32g0xx_hal_adc.o
    0x08002a5a   0x08002a5a   0x00000002   PAD
    0x08002a5c   0x08002a5c   0x000000d0   Code   RO           55    .text.HAL_ADC_MspInit  adc.o
    0x08002b2c   0x08002b2c   0x000000ac   Code   RO          166    .text.HAL_ADC_Start_DMA  stm32g0xx_hal_adc.o
    0x08002bd8   0x08002bd8   0x0000006c   Code   RO          379    .text.HAL_DMA_Abort  stm32g0xx_hal_dma.o
    0x08002c44   0x08002c44   0x00000070   Code   RO          381    .text.HAL_DMA_Abort_IT  stm32g0xx_hal_dma.o
    0x08002cb4   0x08002cb4   0x000000e0   Code   RO          385    .text.HAL_DMA_IRQHandler  stm32g0xx_hal_dma.o
    0x08002d94   0x08002d94   0x000000f8   Code   RO          371    .text.HAL_DMA_Init  stm32g0xx_hal_dma.o
    0x08002e8c   0x08002e8c   0x000000cc   Code   RO          377    .text.HAL_DMA_Start_IT  stm32g0xx_hal_dma.o
    0x08002f58   0x08002f58   0x00000020   Code   RO          556    .text.HAL_Delay     stm32g0xx_hal.o
    0x08002f78   0x08002f78   0x0000019c   Code   RO          345    .text.HAL_GPIO_Init  stm32g0xx_hal_gpio.o
    0x08003114   0x08003114   0x00000010   Code   RO          351    .text.HAL_GPIO_WritePin  stm32g0xx_hal_gpio.o
    0x08003124   0x08003124   0x00000008   Code   RO          548    .text.HAL_GetTick   stm32g0xx_hal.o
    0x0800312c   0x0800312c   0x00000014   Code   RO          546    .text.HAL_IncTick   stm32g0xx_hal.o
    0x08003140   0x08003140   0x0000002c   Code   RO          536    .text.HAL_Init      stm32g0xx_hal.o
    0x0800316c   0x0800316c   0x00000048   Code   RO          538    .text.HAL_InitTick  stm32g0xx_hal.o
    0x080031b4   0x080031b4   0x0000002c   Code   RO          132    .text.HAL_MspInit   stm32g0xx_hal_msp.o
    0x080031e0   0x080031e0   0x00000018   Code   RO          496    .text.HAL_NVIC_EnableIRQ  stm32g0xx_hal_cortex.o
    0x080031f8   0x080031f8   0x00000038   Code   RO          494    .text.HAL_NVIC_SetPriority  stm32g0xx_hal_cortex.o
    0x08003230   0x08003230   0x0000005c   Code   RO          480    .text.HAL_PWREx_ControlVoltageScaling  stm32g0xx_hal_pwr_ex.o
    0x0800328c   0x0800328c   0x00000174   Code   RO          269    .text.HAL_RCCEx_PeriphCLKConfig  stm32g0xx_hal_rcc_ex.o
    0x08003400   0x08003400   0x000001ec   Code   RO          233    .text.HAL_RCC_ClockConfig  stm32g0xx_hal_rcc.o
    0x080035ec   0x080035ec   0x00000024   Code   RO          241    .text.HAL_RCC_GetPCLK1Freq  stm32g0xx_hal_rcc.o
    0x08003610   0x08003610   0x00000088   Code   RO          235    .text.HAL_RCC_GetSysClockFreq  stm32g0xx_hal_rcc.o
    0x08003698   0x08003698   0x0000041c   Code   RO          231    .text.HAL_RCC_OscConfig  stm32g0xx_hal_rcc.o
    0x08003ab4   0x08003ab4   0x00000034   Code   RO          502    .text.HAL_SYSTICK_Config  stm32g0xx_hal_cortex.o
    0x08003ae8   0x08003ae8   0x00000002   Code   RO          948    .text.HAL_TIMEx_Break2Callback  stm32g0xx_hal_tim_ex.o
    0x08003aea   0x08003aea   0x00000002   Code   RO          946    .text.HAL_TIMEx_BreakCallback  stm32g0xx_hal_tim_ex.o
    0x08003aec   0x08003aec   0x00000002   Code   RO          942    .text.HAL_TIMEx_CommutCallback  stm32g0xx_hal_tim_ex.o
    0x08003aee   0x08003aee   0x00000002   PAD
    0x08003af0   0x08003af0   0x0000005c   Code   RO          926    .text.HAL_TIMEx_MasterConfigSynchronization  stm32g0xx_hal_tim_ex.o
    0x08003b4c   0x08003b4c   0x000000d4   Code   RO          631    .text.HAL_TIM_Base_Init  stm32g0xx_hal_tim.o
    0x08003c20   0x08003c20   0x0000003c   Code   RO           79    .text.HAL_TIM_Base_MspInit  tim.o
    0x08003c5c   0x08003c5c   0x00000050   Code   RO          641    .text.HAL_TIM_Base_Start  stm32g0xx_hal_tim.o
    0x08003cac   0x08003cac   0x0000014c   Code   RO          811    .text.HAL_TIM_ConfigClockSource  stm32g0xx_hal_tim.o
    0x08003df8   0x08003df8   0x00000002   Code   RO          767    .text.HAL_TIM_IC_CaptureCallback  stm32g0xx_hal_tim.o
    0x08003dfa   0x08003dfa   0x00000002   PAD
    0x08003dfc   0x08003dfc   0x000001dc   Code   RO          765    .text.HAL_TIM_IRQHandler  stm32g0xx_hal_tim.o
    0x08003fd8   0x08003fd8   0x00000002   Code   RO          769    .text.HAL_TIM_OC_DelayElapsedCallback  stm32g0xx_hal_tim.o
    0x08003fda   0x08003fda   0x00000002   Code   RO          771    .text.HAL_TIM_PWM_PulseFinishedCallback  stm32g0xx_hal_tim.o
    0x08003fdc   0x08003fdc   0x00000002   Code   RO          773    .text.HAL_TIM_PeriodElapsedCallback  stm32g0xx_hal_tim.o
    0x08003fde   0x08003fde   0x00000002   Code   RO          775    .text.HAL_TIM_TriggerCallback  stm32g0xx_hal_tim.o
    0x08003fe0   0x08003fe0   0x00000036   Code   RO         1123    .text.HAL_UARTEx_DisableFifoMode  stm32g0xx_hal_uart_ex.o
    0x08004016   0x08004016   0x00000002   Code   RO         1052    .text.HAL_UARTEx_RxEventCallback  stm32g0xx_hal_uart.o
    0x08004018   0x08004018   0x00000002   Code   RO         1109    .text.HAL_UARTEx_RxFifoFullCallback  stm32g0xx_hal_uart_ex.o
    0x0800401a   0x0800401a   0x00000002   PAD
    0x0800401c   0x0800401c   0x00000080   Code   RO         1127    .text.HAL_UARTEx_SetRxFifoThreshold  stm32g0xx_hal_uart_ex.o
    0x0800409c   0x0800409c   0x00000088   Code   RO         1125    .text.HAL_UARTEx_SetTxFifoThreshold  stm32g0xx_hal_uart_ex.o
    0x08004124   0x08004124   0x00000002   Code   RO         1111    .text.HAL_UARTEx_TxFifoEmptyCallback  stm32g0xx_hal_uart_ex.o
    0x08004126   0x08004126   0x00000002   Code   RO         1107    .text.HAL_UARTEx_WakeupCallback  stm32g0xx_hal_uart_ex.o
    0x08004128   0x08004128   0x00000002   Code   RO         1050    .text.HAL_UART_ErrorCallback  stm32g0xx_hal_uart.o
    0x0800412a   0x0800412a   0x00000002   PAD
    0x0800412c   0x0800412c   0x00000434   Code   RO         1046    .text.HAL_UART_IRQHandler  stm32g0xx_hal_uart.o
    0x08004560   0x08004560   0x00000070   Code   RO          962    .text.HAL_UART_Init  stm32g0xx_hal_uart.o
    0x080045d0   0x080045d0   0x00000090   Code   RO           94    .text.HAL_UART_MspInit  usart.o
    0x08004660   0x08004660   0x000000c0   Code   RO          988    .text.HAL_UART_Transmit_IT  stm32g0xx_hal_uart.o
    0x08004720   0x08004720   0x00000002   Code   RO         1054    .text.HAL_UART_TxCpltCallback  stm32g0xx_hal_uart.o
    0x08004722   0x08004722   0x00000002   Code   RO          109    .text.HardFault_Handler  stm32g0xx_it.o
    0x08004724   0x08004724   0x0000013c   Code   RO           53    .text.MX_ADC1_Init  adc.o
    0x08004860   0x08004860   0x00000030   Code   RO           69    .text.MX_DMA_Init   dma.o
    0x08004890   0x08004890   0x0000008c   Code   RO           45    .text.MX_GPIO_Init  gpio.o
    0x0800491c   0x0800491c   0x00000070   Code   RO           77    .text.MX_TIM3_Init  tim.o
    0x0800498c   0x0800498c   0x00000064   Code   RO           92    .text.MX_USART1_UART_Init  usart.o
    0x080049f0   0x080049f0   0x00000002   Code   RO          107    .text.NMI_Handler   stm32g0xx_it.o
    0x080049f2   0x080049f2   0x00000002   Code   RO          113    .text.PendSV_Handler  stm32g0xx_it.o
    0x080049f4   0x080049f4   0x00000002   Code   RO          111    .text.SVC_Handler   stm32g0xx_it.o
    0x080049f6   0x080049f6   0x00000008   Code   RO          115    .text.SysTick_Handler  stm32g0xx_it.o
    0x080049fe   0x080049fe   0x00000002   Code   RO         1146    .text.SystemInit    system_stm32g0xx.o
    0x08004a00   0x08004a00   0x00000010   Code   RO          121    .text.TIM3_IRQHandler  stm32g0xx_it.o
    0x08004a10   0x08004a10   0x000000d2   Code   RO          966    .text.UART_AdvFeatureConfig  stm32g0xx_hal_uart.o
    0x08004ae2   0x08004ae2   0x00000002   PAD
    0x08004ae4   0x08004ae4   0x000000c4   Code   RO          970    .text.UART_CheckIdleState  stm32g0xx_hal_uart.o
    0x08004ba8   0x08004ba8   0x00000016   Code   RO         1048    .text.UART_DMAAbortOnError  stm32g0xx_hal_uart.o
    0x08004bbe   0x08004bbe   0x00000002   PAD
    0x08004bc0   0x08004bc0   0x0000018c   Code   RO          968    .text.UART_SetConfig  stm32g0xx_hal_uart.o
    0x08004d4c   0x08004d4c   0x0000005c   Code   RO          994    .text.UART_TxISR_16BIT  stm32g0xx_hal_uart.o
    0x08004da8   0x08004da8   0x00000078   Code   RO          990    .text.UART_TxISR_16BIT_FIFOEN  stm32g0xx_hal_uart.o
    0x08004e20   0x08004e20   0x00000058   Code   RO          996    .text.UART_TxISR_8BIT  stm32g0xx_hal_uart.o
    0x08004e78   0x08004e78   0x0000006c   Code   RO          992    .text.UART_TxISR_8BIT_FIFOEN  stm32g0xx_hal_uart.o
    0x08004ee4   0x08004ee4   0x00000148   Code   RO          984    .text.UART_WaitOnFlagUntilTimeout  stm32g0xx_hal_uart.o
    0x0800502c   0x0800502c   0x0000000c   Code   RO          123    .text.USART1_IRQHandler  stm32g0xx_it.o
    0x08005038   0x08005038   0x000000d6   Code   RO           13    .text.classify      main.o
    0x0800510e   0x0800510e   0x00000002   PAD
    0x08005110   0x08005110   0x00000270   Code   RO           15    .text.main          main.o
    0x08005380   0x08005380   0x000001f6   Code   RO         1198    .text_divfast       c_p.l(aeabi_sdivfast.o)
    0x08005576   0x08005576   0x00000030   Code   RO         1325    i.__ARM_common_ll_muluu  c_p.l(btod.o)
    0x080055a6   0x080055a6   0x00000002   PAD
    0x080055a8   0x080055a8   0x0000002c   Code   RO         1336    i.__ARM_fpclassify  m_ps.l(fpclassify.o)
    0x080055d4   0x080055d4   0x00000016   Code   RO         1236    i._fls              fz_ps.l(fcmp.o)
    0x080055ea   0x080055ea   0x0000000e   Code   RO         1182    i._is_digit         c_p.l(__printf_wp.o)
    0x080055f8   0x080055f8   0x0000002c   Code   RO         1255    i.sqrtf             m_ps.l(sqrtf.o)
    0x08005624   0x08005624   0x0000002c   Code   RO         1330    locale$$code        c_p.l(lc_numeric_c.o)
    0x08005650   0x08005650   0x0000008c   Code   RO         1220    x$fpl$fadd          fz_ps.l(faddsub.o)
    0x080056dc   0x080056dc   0x00000054   Code   RO         1282    x$fpl$fleqf         fz_ps.l(flef.o)
    0x08005730   0x08005730   0x000000d0   Code   RO         1222    x$fpl$fsub          fz_ps.l(faddsub.o)
    0x08005800   0x08005800   0x00000010   Code   RO         1252    x$fpl$printf1       fz_ps.l(printf1.o)
    0x08005810   0x08005810   0x00000000   Code   RO         1286    x$fpl$usenofp       fz_ps.l(usenofp.o)
    0x08005810   0x08005810   0x00000080   Data   RO         1214    .constdata          fz_ps.l(ddiv.o)
    0x08005890   0x08005890   0x00000094   Data   RO         1321    .constdata          c_p.l(bigflt0.o)
    0x08005924   0x08005924   0x00000100   Data   RO           24    .rodata..L__const.main.centroids  main.o
    0x08005a24   0x08005a24   0x00000040   Data   RO         1151    .rodata.AHBPrescTable  system_stm32g0xx.o
    0x08005a64   0x08005a64   0x00000020   Data   RO         1152    .rodata.APBPrescTable  system_stm32g0xx.o
    0x08005a84   0x08005a84   0x00000018   Data   RO         1096    .rodata.UARTPrescTable  stm32g0xx_hal_uart.o
    0x08005a9c   0x08005a9c   0x00000010   Data   RO         1137    .rodata.cst8        stm32g0xx_hal_uart_ex.o
    0x08005aac   0x08005aac   0x00000020   Data   RO         1502    Region$$Table       anon$$obj.o
    0x08005acc   0x08005acc   0x0000001c   Data   RO         1329    locale$$data        c_p.l(lc_numeric_c.o)


    Execution Region RW_IRAM1 (Exec base: 0x20000000, Load base: 0x08005ae8, Size: 0x00000878, Max: 0x00002000, ABSOLUTE)

    Exec Addr    Load Addr    Size         Type   Attr      Idx    E Section Name        Object

    0x20000000   0x08005ae8   0x00000004   Data   RW         1150    .data.SystemCoreClock  system_stm32g0xx.o
    0x20000004   0x08005aec   0x00000001   Data   RW          595    .data.uwTickFreq    stm32g0xx_hal.o
    0x20000005   0x08005aed   0x00000003   PAD
    0x20000008   0x08005af0   0x00000004   Data   RW          594    .data.uwTickPrio    stm32g0xx_hal.o
    0x2000000c   0x08005af4   0x00000004   PAD
    0x20000010        -       0x00000060   Zero   RW         1339    .bss                c_p.l(libspace.o)
    0x20000070        -       0x00000020   Zero   RW           25    .bss.Data           main.o
    0x20000090        -       0x00000040   Zero   RW           26    .bss.Volt           main.o
    0x200000d0        -       0x00000001   Zero   RW           23    .bss.dma_end_flag   main.o
    0x200000d1   0x08005af4   0x00000003   PAD
    0x200000d4        -       0x00000064   Zero   RW           59    .bss.hadc1          adc.o
    0x20000138        -       0x0000005c   Zero   RW           60    .bss.hdma_adc1      adc.o
    0x20000194        -       0x0000004c   Zero   RW           83    .bss.htim3          tim.o
    0x200001e0        -       0x00000094   Zero   RW           98    .bss.huart1         usart.o
    0x20000274        -       0x00000004   Zero   RW          596    .bss.uwTick         stm32g0xx_hal.o
    0x20000278        -       0x00000200   Zero   RW            2    HEAP                startup_stm32g030xx.o
    0x20000478        -       0x00000400   Zero   RW            1    STACK               startup_stm32g030xx.o


==============================================================================

Image component sizes


      Code (inc. data)   RO Data    RW Data    ZI Data      Debug   Object Name

       524         52          0          0        192       6630   adc.o
        48          4          0          0          0       1842   dma.o
       140         12          0          0          0       1997   gpio.o
       874         88        256          0         97       8942   main.o
        56         26        192          0       1536        624   startup_stm32g030xx.o
       176         16          0          5          4       6736   stm32g0xx_hal.o
      2228         88          0          0          0      20112   stm32g0xx_hal_adc.o
       392         20          0          0          0       7779   stm32g0xx_hal_adc_ex.o
       132         24          0          0          0       6812   stm32g0xx_hal_cortex.o
       896         28          0          0          0       8847   stm32g0xx_hal_dma.o
       428         20          0          0          0       4742   stm32g0xx_hal_gpio.o
        44          4          0          0          0       1289   stm32g0xx_hal_msp.o
        92          8          0          0          0       4759   stm32g0xx_hal_pwr_ex.o
      1716         84          0          0          0       9164   stm32g0xx_hal_rcc.o
       372         16          0          0          0       5998   stm32g0xx_hal_rcc_ex.o
      1110         44          0          0          0      70362   stm32g0xx_hal_tim.o
        98          0          0          0          0      26998   stm32g0xx_hal_tim_ex.o
      2946        116         24          0          0      46831   stm32g0xx_hal_uart.o
       324          8         16          0          0      11929   stm32g0xx_hal_uart_ex.o
        76         12          0          0          0       2120   stm32g0xx_it.o
         2          0         96          4          0       1980   system_stm32g0xx.o
       172         16          0          0         76       6119   tim.o
       244          8          0          0        148       6454   usart.o

    ----------------------------------------------------------------------
     13108        694        616         12       2060     269066   Object Totals
         0          0         32          0          0          0   (incl. Generated)
        18          0          0          3          7          0   (incl. Padding)

    ----------------------------------------------------------------------

      Code (inc. data)   RO Data    RW Data    ZI Data      Debug   Library Member Name

        44          4          0          0          0         84   __2sprintf.o
         8          0          0          0          0         68   __main.o
       284          0          0          0          0        136   __printf_wp.o
         0          0          0          0          0          0   __rtentry.o
        12          0          0          0          0          0   __rtentry2.o
         6          0          0          0          0          0   __rtentry4.o
        86         10          0          0          0          0   __scatter.o
        26          0          0          0          0          0   __scatter_copy.o
        28          0          0          0          0          0   __scatter_zi.o
        48          6          0          0          0         88   _printf_char_common.o
        10          0          0          0          0          0   _printf_d.o
       108         18          0          0          0         76   _printf_dec.o
        10          0          0          0          0          0   _printf_f.o
      1044         12          0          0          0        116   _printf_fp_dec.o
       136         16          0          0          0         76   _printf_fp_infnan.o
       176          0          0          0          0         84   _printf_intcommon.o
        78          0          0          0          0        100   _printf_pad.o
         2          0          0          0          0          0   _printf_percent.o
         4          0          0          0          0          0   _printf_percent_end.o
        22          0          0          0          0         92   _rserrno.o
        10          0          0          0          0         60   _sputc.o
      1006          4          0          0          0        184   aeabi_sdivfast.o
       216          6        148          0          0         80   bigflt0.o
      1456         30          0          0          0        336   btod.o
        16          0          0          0          0         68   exit.o
         6          0          0          0          0        136   heapauxi.o
         0          0          0          0          0          0   indicate_semi.o
        44         10         28          0          0         76   lc_numeric_c.o
         2          0          0          0          0          0   libinit.o
        18          0          0          0          0          0   libinit2.o
         2          0          0          0          0          0   libshutdown.o
         2          0          0          0          0          0   libshutdown2.o
         8          4          0          0         96         68   libspace.o
       122          0          0          0          0         72   lludiv10.o
         8          4          0          0          0         68   rt_errno_addr_intlibspace.o
         8          4          0          0          0         68   rt_locale_intlibspace.o
        64          0          0          0          0        108   rt_memclr.o
         2          0          0          0          0          0   rtexit.o
        10          0          0          0          0          0   rtexit2.o
        40          0          0          0          0         60   rtudiv10.o
       176          4          0          0          0         80   strcmpv6m.o
        12          4          0          0          0         60   sys_exit.o
        62          0          0          0          0         80   sys_stackheap_outer.o
         2          0          0          0          0         68   use_no_semi.o
        46          0          0          0          0         60   cmpret.o
       124          4          0          0          0         72   d2f.o
       856         20          0          0          0        208   daddsub.o
      1096         26        128          0          0        112   ddiv.o
       584         26          0          0          0         84   dmul.o
        84          4          0          0          0         60   f2d.o
       348          8          0          0          0        160   faddsub.o
        22          0          0          0          0         68   fcmp.o
       100          4          0          0          0         68   fcmpin.o
        94          0          0          0          0         92   fflti.o
        84          4          0          0          0         76   flef.o
        16          6          0          0          0         68   fnan2.o
       144          4          0          0          0         72   fsqrt.o
        16          4          0          0          0         76   printf1.o
        94          0          0          0          0         68   retnan.o
         0          0          0          0          0          0   usenofp.o
        44          4          0          0          0         60   fpclassify.o
        44          0          0          0          0         72   sqrtf.o

    ----------------------------------------------------------------------
      9244        250        304          0         96       4068   Library Totals
        24          0          0          0          0          0   (incl. Padding)

    ----------------------------------------------------------------------

      Code (inc. data)   RO Data    RW Data    ZI Data      Debug   Library Name

      5424        136        176          0         96       2592   c_p.l
      3708        110        128          0          0       1344   fz_ps.l
        88          4          0          0          0        132   m_ps.l

    ----------------------------------------------------------------------
      9244        250        304          0         96       4068   Library Totals

    ----------------------------------------------------------------------

==============================================================================


      Code (inc. data)   RO Data    RW Data    ZI Data      Debug   

     22352        944        920         12       2156     270806   Grand Totals
     22352        944        920         12       2156     270806   ELF Image Totals
     22352        944        920         12          0          0   ROM Totals

==============================================================================

    Total RO  Size (Code + RO Data)                23272 (  22.73kB)
    Total RW  Size (RW Data + ZI Data)              2168 (   2.12kB)
    Total ROM Size (Code + RO Data + RW Data)      23284 (  22.74kB)

==============================================================================

