Component: ARM Compiler 5.05 update 1 (build 106) Tool: armlink [4d0efa]

==============================================================================

Section Cross References

    startup_stm32g030xx.o(STACK) refers (Special) to heapauxi.o(.text) for __use_two_region_memory
    startup_stm32g030xx.o(HEAP) refers (Special) to heapauxi.o(.text) for __use_two_region_memory
    startup_stm32g030xx.o(RESET) refers (Special) to heapauxi.o(.text) for __use_two_region_memory
    startup_stm32g030xx.o(RESET) refers to startup_stm32g030xx.o(STACK) for __initial_sp
    startup_stm32g030xx.o(RESET) refers to startup_stm32g030xx.o(.text) for Reset_Handler
    startup_stm32g030xx.o(RESET) refers to stm32g0xx_it.o(i.NMI_Handler) for NMI_Handler
    startup_stm32g030xx.o(RESET) refers to stm32g0xx_it.o(i.HardFault_Handler) for HardFault_Handler
    startup_stm32g030xx.o(RESET) refers to stm32g0xx_it.o(i.SVC_Handler) for SVC_Handler
    startup_stm32g030xx.o(RESET) refers to stm32g0xx_it.o(i.PendSV_Handler) for PendSV_Handler
    startup_stm32g030xx.o(RESET) refers to stm32g0xx_it.o(i.SysTick_Handler) for SysTick_Handler
    startup_stm32g030xx.o(RESET) refers to stm32g0xx_it.o(i.DMA1_Channel1_IRQHandler) for DMA1_Channel1_IRQHandler
    startup_stm32g030xx.o(RESET) refers to stm32g0xx_it.o(i.ADC1_IRQHandler) for ADC1_IRQHandler
    startup_stm32g030xx.o(RESET) refers to stm32g0xx_it.o(i.TIM3_IRQHandler) for TIM3_IRQHandler
    startup_stm32g030xx.o(RESET) refers to stm32g0xx_it.o(i.USART1_IRQHandler) for USART1_IRQHandler
    startup_stm32g030xx.o(.text) refers (Special) to heapauxi.o(.text) for __use_two_region_memory
    startup_stm32g030xx.o(.text) refers to system_stm32g0xx.o(i.SystemInit) for SystemInit
    startup_stm32g030xx.o(.text) refers to __main.o(!!!main) for __main
    startup_stm32g030xx.o(.text) refers to startup_stm32g030xx.o(HEAP) for Heap_Mem
    startup_stm32g030xx.o(.text) refers to startup_stm32g030xx.o(STACK) for Stack_Mem
    main.o(i.HAL_ADC_ConvCpltCallback) refers to main.o(.data) for .data
    main.o(i.SystemClock_Config) refers to rt_memclr.o(.text) for __aeabi_memclr4
    main.o(i.SystemClock_Config) refers to stm32g0xx_hal_pwr_ex.o(i.HAL_PWREx_ControlVoltageScaling) for HAL_PWREx_ControlVoltageScaling
    main.o(i.SystemClock_Config) refers to stm32g0xx_hal_rcc.o(i.HAL_RCC_OscConfig) for HAL_RCC_OscConfig
    main.o(i.SystemClock_Config) refers to main.o(i.Error_Handler) for Error_Handler
    main.o(i.SystemClock_Config) refers to stm32g0xx_hal_rcc.o(i.HAL_RCC_ClockConfig) for HAL_RCC_ClockConfig
    main.o(i.main) refers to _printf_pad.o(.text) for _printf_pre_padding
    main.o(i.main) refers to _printf_percent.o(.ARM.Collect$$_printf_percent$$00000000) for _printf_percent
    main.o(i.main) refers to _printf_d.o(.ARM.Collect$$_printf_percent$$00000009) for _printf_d
    main.o(i.main) refers to _printf_f.o(.ARM.Collect$$_printf_percent$$00000003) for _printf_f
    main.o(i.main) refers to _printf_dec.o(.text) for _printf_int_dec
    main.o(i.main) refers to printf1.o(x$fpl$printf1) for _printf_fp_dec
    main.o(i.main) refers to stm32g0xx_hal.o(i.HAL_Init) for HAL_Init
    main.o(i.main) refers to main.o(i.SystemClock_Config) for SystemClock_Config
    main.o(i.main) refers to gpio.o(i.MX_GPIO_Init) for MX_GPIO_Init
    main.o(i.main) refers to dma.o(i.MX_DMA_Init) for MX_DMA_Init
    main.o(i.main) refers to adc.o(i.MX_ADC1_Init) for MX_ADC1_Init
    main.o(i.main) refers to tim.o(i.MX_TIM3_Init) for MX_TIM3_Init
    main.o(i.main) refers to usart.o(i.MX_USART1_UART_Init) for MX_USART1_UART_Init
    main.o(i.main) refers to stm32g0xx_hal_adc_ex.o(i.HAL_ADCEx_Calibration_Start) for HAL_ADCEx_Calibration_Start
    main.o(i.main) refers to stm32g0xx_hal_tim.o(i.HAL_TIM_Base_Start) for HAL_TIM_Base_Start
    main.o(i.main) refers to stm32g0xx_hal_gpio.o(i.HAL_GPIO_WritePin) for HAL_GPIO_WritePin
    main.o(i.main) refers to stm32g0xx_hal_adc.o(i.HAL_ADC_Start_DMA) for HAL_ADC_Start_DMA
    main.o(i.main) refers to stm32g0xx_hal.o(i.HAL_Delay) for HAL_Delay
    main.o(i.main) refers to fflti.o(.text) for __aeabi_ui2f
    main.o(i.main) refers to f2d.o(.text) for __aeabi_f2d
    main.o(i.main) refers to dmul.o(.text) for __aeabi_dmul
    main.o(i.main) refers to ddiv.o(.text) for __aeabi_ddiv
    main.o(i.main) refers to d2f.o(.text) for __aeabi_d2f
    main.o(i.main) refers to rt_memclr.o(.text) for __aeabi_memclr4
    main.o(i.main) refers to __2sprintf.o(.text) for __2sprintf
    main.o(i.main) refers to stm32g0xx_hal_uart.o(i.HAL_UART_Transmit_IT) for HAL_UART_Transmit_IT
    main.o(i.main) refers to adc.o(.bss) for hadc1
    main.o(i.main) refers to tim.o(.bss) for htim3
    main.o(i.main) refers to main.o(.bss) for .bss
    main.o(i.main) refers to main.o(.data) for .data
    main.o(i.main) refers to usart.o(.bss) for huart1
    gpio.o(i.MX_GPIO_Init) refers to rt_memclr.o(.text) for __aeabi_memclr4
[...]
    ../mathlib/fpclassify.c                  0x00000000   Number         0  fpclassify.o ABSOLUTE
    ..\Core\Src\adc.c                        0x00000000   Number         0  adc.o ABSOLUTE
    ..\Core\Src\dma.c                        0x00000000   Number         0  dma.o ABSOLUTE
    ..\Core\Src\gpio.c                       0x00000000   Number         0  gpio.o ABSOLUTE
    ..\Core\Src\main.c                       0x00000000   Number         0  main.o ABSOLUTE
    ..\Core\Src\stm32g0xx_hal_msp.c          0x00000000   Number         0  stm32g0xx_hal_msp.o ABSOLUTE
    ..\Core\Src\stm32g0xx_it.c               0x00000000   Number         0  stm32g0xx_it.o ABSOLUTE
    ..\Core\Src\system_stm32g0xx.c           0x00000000   Number         0  system_stm32g0xx.o ABSOLUTE
    ..\Core\Src\tim.c                        0x00000000   Number         0  tim.o ABSOLUTE
    ..\Core\Src\usart.c                      0x00000000   Number         0  usart.o ABSOLUTE
    ..\Drivers\STM32G0xx_HAL_Driver\Src\stm32g0xx_hal.c 0x00000000   Number         0  stm32g0xx_hal.o ABSOLUTE
    ..\Drivers\STM32G0xx_HAL_Driver\Src\stm32g0xx_hal_adc.c 0x00000000   Number         0  stm32g0xx_hal_adc.o ABSOLUTE
    ..\Drivers\STM32G0xx_HAL_Driver\Src\stm32g0xx_hal_adc_ex.c 0x00000000   Number         0  stm32g0xx_hal_adc_ex.o ABSOLUTE
    ..\Drivers\STM32G0xx_HAL_Driver\Src\stm32g0xx_hal_cortex.c 0x00000000   Number         0  stm32g0xx_hal_cortex.o ABSOLUTE
    ..\Drivers\STM32G0xx_HAL_Driver\Src\stm32g0xx_hal_dma.c 0x00000000   Number         0  stm32g0xx_hal_dma.o ABSOLUTE
    ..\Drivers\STM32G0xx_HAL_Driver\Src\stm32g0xx_hal_dma_ex.c 0x00000000   Number         0  stm32g0xx_hal_dma_ex.o ABSOLUTE
    ..\Drivers\STM32G0xx_HAL_Driver\Src\stm32g0xx_hal_exti.c 0x00000000   Number         0  stm32g0xx_hal_exti.o ABSOLUTE
    ..\Drivers\STM32G0xx_HAL_Driver\Src\stm32g0xx_hal_flash.c 0x00000000   Number         0  stm32g0xx_hal_flash.o ABSOLUTE
    ..\Drivers\STM32G0xx_HAL_Driver\Src\stm32g0xx_hal_flash_ex.c 0x00000000   Number         0  stm32g0xx_hal_flash_ex.o ABSOLUTE
    ..\Drivers\STM32G0xx_HAL_Driver\Src\stm32g0xx_hal_gpio.c 0x00000000   Number         0  stm32g0xx_hal_gpio.o ABSOLUTE
    ..\Drivers\STM32G0xx_HAL_Driver\Src\stm32g0xx_hal_pwr.c 0x00000000   Number         0  stm32g0xx_hal_pwr.o ABSOLUTE
    ..\Drivers\STM32G0xx_HAL_Driver\Src\stm32g0xx_hal_pwr_ex.c 0x00000000   Number         0  stm32g0xx_hal_pwr_ex.o ABSOLUTE
    ..\Drivers\STM32G0xx_HAL_Driver\Src\stm32g0xx_hal_rcc.c 0x00000000   Number         0  stm32g0xx_hal_rcc.o ABSOLUTE
    ..\Drivers\STM32G0xx_HAL_Driver\Src\stm32g0xx_hal_rcc_ex.c 0x00000000   Number         0  stm32g0xx_hal_rcc_ex.o ABSOLUTE
    ..\Drivers\STM32G0xx_HAL_Driver\Src\stm32g0xx_hal_tim.c 0x00000000   Number         0  stm32g0xx_hal_tim.o ABSOLUTE
    ..\Drivers\STM32G0xx_HAL_Driver\Src\stm32g0xx_hal_tim_ex.c 0x00000000   Number         0  stm32g0xx_hal_tim_ex.o ABSOLUTE
    ..\Drivers\STM32G0xx_HAL_Driver\Src\stm32g0xx_hal_uart.c 0x00000000   Number         0  stm32g0xx_hal_uart.o ABSOLUTE
    ..\Drivers\STM32G0xx_HAL_Driver\Src\stm32g0xx_hal_uart_ex.c 0x00000000   Number         0  stm32g0xx_hal_uart_ex.o ABSOLUTE
    dc.s                                     0x00000000   Number         0  dc.o ABSOLUTE
    startup_stm32g030xx.s                    0x00000000   Number         0  startup_stm32g030xx.o ABSOLUTE
    RESET                                    0x08000000   Section      192  startup_stm32g030xx.o(RESET)
    !!!main                                  0x080000c0   Section        8  __main.o(!!!main)
    !!!scatter                               0x080000c8   Section       60  __scatter.o(!!!scatter)
    !!handler_copy                           0x08000104   Section       26  __scatter_copy.o(!!handler_copy)
    !!handler_zi                             0x08000120   Section       28  __scatter_zi.o(!!handler_zi)
    .ARM.Collect$$_printf_percent$$00000000  0x0800013c   Section        2  _printf_percent.o(.ARM.Collect$$_printf_percent$$00000000)
    .ARM.Collect$$_printf_percent$$00000003  0x0800013e   Section       10  _printf_f.o(.ARM.Collect$$_printf_percent$$00000003)
    .ARM.Collect$$_printf_percent$$00000009  0x08000148   Section       10  _printf_d.o(.ARM.Collect$$_printf_percent$$00000009)
    .ARM.Collect$$_printf_percent$$00000017  0x08000152   Section        4  _printf_percent_end.o(.ARM.Collect$$_printf_percent$$00000017)
    .ARM.Collect$$libinit$$00000000          0x08000156   Section        2  libinit.o(.ARM.Collect$$libinit$$00000000)
    .ARM.Collect$$libinit$$00000002          0x08000158   Section        0  libinit2.o(.ARM.Collect$$libinit$$00000002)
    .ARM.Collect$$libinit$$00000004          0x08000158   Section        0  libinit2.o(.ARM.Collect$$libinit$$00000004)
    .ARM.Collect$$libinit$$0000000A          0x08000158   Section        0  libinit2.o(.ARM.Collect$$libinit$$0000000A)
    .ARM.Collect$$libinit$$0000000C          0x08000158   Section        0  libinit2.o(.ARM.Collect$$libinit$$0000000C)
    .ARM.Collect$$libinit$$0000000E          0x08000158   Section        0  libinit2.o(.ARM.Collect$$libinit$$0000000E)
    .ARM.Collect$$libinit$$0000000F          0x08000158   Section        6  libinit2.o(.ARM.Collect$$libinit$$0000000F)
    .ARM.Collect$$libinit$$00000011          0x0800015e   Section        0  libinit2.o(.ARM.Collect$$libinit$$00000011)
    .ARM.Collect$$libinit$$00000013          0x0800015e   Section        0  libinit2.o(.ARM.Collect$$libinit$$00000013)
    .ARM.Collect$$libinit$$00000015          0x0800015e   Section        0  libinit2.o(.ARM.Collect$$libinit$$00000015)
    .ARM.Collect$$libinit$$00000016          0x0800015e   Section       10  libinit2.o(.ARM.Collect$$libinit$$00000016)
    .ARM.Collect$$libinit$$00000017          0x08000168   Section        0  libinit2.o(.ARM.Collect$$libinit$$00000017)
    .ARM.Collect$$libinit$$00000019          0x08000168   Section        0  libinit2.o(.ARM.Collect$$libinit$$00000019)
    .ARM.Collect$$libinit$$0000001B          0x08000168   Section        0  libinit2.o(.ARM.Collect$$libinit$$0000001B)
    .ARM.Collect$$libinit$$0000001D          0x08000168   Section        0  libinit2.o(.ARM.Collect$$libinit$$0000001D)
    .ARM.Collect$$libinit$$0000001F          0x08000168   Section        0  libinit2.o(.ARM.Collect$$libinit$$0000001F)
    .ARM.Collect$$libinit$$00000021          0x08000168   Section        0  libinit2.o(.ARM.Collect$$libinit$$00000021)
    .ARM.Collect$$libinit$$00000023          0x08000168   Section        0  libinit2.o(.ARM.Collect$$libinit$$00000023)
    .ARM.Collect$$libinit$$00000025          0x08000168   Section        0  libinit2.o(.ARM.Collect$$libinit$$00000025)
    .ARM.Collect$$libinit$$0000002C          0x08000168   Section        0  libinit2.o(.ARM.Collect$$libinit$$0000002C)
    .ARM.Collect$$libinit$$0000002E          0x08000168   Section        0  libinit2.o(.ARM.Collect$$libinit$$0000002E)
    .ARM.Collect$$libinit$$00000030          0x08000168   Section        0  libinit2.o(.ARM.Collect$$libinit$$00000030)
    .ARM.Collect$$libinit$$00000032          0x08000168   Section        0  libinit2.o(.ARM.Collect$$libinit$$00000032)
    .ARM.Collect$$libinit$$00000033          0x08000168   Section        2  libinit2.o(.ARM.Collect$$libinit$$00000033)
    .ARM.Collect$$libshutdown$$00000000      0x0800016a   Section        2  libshutdown.o(.ARM.Collect$$libshutdown$$00000000)
    .ARM.Collect$$libshutdown$$00000003      0x0800016c   Section        0  libshutdown2.o(.ARM.Collect$$libshutdown$$00000003)
    .ARM.Collect$$libshutdown$$00000006      0x0800016c   Section        0  libshutdown2.o(.ARM.Collect$$libshutdown$$00000006)
    .ARM.Collect$$libshutdown$$00000009      0x0800016c   Section        0  libshutdown2.o(.ARM.Collect$$libshutdown$$00000009)
    .ARM.Collect$$libshutdown$$0000000B      0x0800016c   Section        0  libshutdown2.o(.ARM.Collect$$libshutdown$$0000000B)
    .ARM.Collect$$libshutdown$$0000000E      0x0800016c   Section        0  libshutdown2.o(.ARM.Collect$$libshutdown$$0000000E)
    .ARM.Collect$$libshutdown$$0000000F      0x0800016c   Section        2  libshutdown2.o(.ARM.Collect$$libshutdown$$0000000F)
    .ARM.Collect$$rtentry$$00000000          0x0800016e   Section        0  __rtentry.o(.ARM.Collect$$rtentry$$00000000)
    .ARM.Collect$$rtentry$$00000002          0x0800016e   Section        0  __rtentry2.o(.ARM.Collect$$rtentry$$00000002)
    .ARM.Collect$$rtentry$$00000004          0x0800016e   Section        6  __rtentry4.o(.ARM.Collect$$rtentry$$00000004)
    .ARM.Collect$$rtentry$$00000009          0x08000174   Section        0  __rtentry2.o(.ARM.Collect$$rtentry$$00000009)
    .ARM.Collect$$rtentry$$0000000A          0x08000174   Section        4  __rtentry2.o(.ARM.Collect$$rtentry$$0000000A)
    .ARM.Collect$$rtentry$$0000000C          0x08000178   Section        0  __rtentry2.o(.ARM.Collect$$rtentry$$0000000C)
    .ARM.Collect$$rtentry$$0000000D          0x08000178   Section        8  __rtentry2.o(.ARM.Collect$$rtentry$$0000000D)
    .ARM.Collect$$rtexit$$00000000           0x08000180   Section        2  rtexit.o(.ARM.Collect$$rtexit$$00000000)
    .ARM.Collect$$rtexit$$00000002           0x08000182   Section        0  rtexit2.o(.ARM.Collect$$rtexit$$00000002)
    .ARM.Collect$$rtexit$$00000003           0x08000182   Section        4  rtexit2.o(.ARM.Collect$$rtexit$$00000003)
    .ARM.Collect$$rtexit$$00000004           0x08000186   Section        6  rtexit2.o(.ARM.Collect$$rtexit$$00000004)
    .text                                    0x0800018c   Section       56  startup_stm32g030xx.o(.text)
    .text                                    0x080001c4   Section        0  __2sprintf.o(.text)
    .text                                    0x080001f0   Section        0  _printf_pad.o(.text)
    .text                                    0x08000240   Section        0  _printf_dec.o(.text)
    .text                                    0x080002ac   Section        0  __printf_wp.o(.text)
    .text                                    0x080003ba   Section        0  rt_memclr.o(.text)
    .text                                    0x080003fa   Section      346  aeabi_sdiv.o(.text)
    .text                                    0x08000554   Section        0  heapauxi.o(.text)
    .text                                    0x0800055c   Section        0  d2f.o(.text)
    .text                                    0x080005d8   Section        0  ddiv.o(.text)
    .text                                    0x08000a20   Section        0  dmul.o(.text)
    .text                                    0x08000c68   Section        0  f2d.o(.text)
    .text                                    0x08000cbc   Section        0  fflti.o(.text)
    .text                                    0x08000d1a   Section        0  _printf_intcommon.o(.text)
    .text                                    0x08000dcc   Section        0  _printf_fp_dec.o(.text)
    _fp_digits                               0x08000dcf   Thumb Code   408  _printf_fp_dec.o(.text)
    .text                                    0x080011e0   Section        0  _printf_char_common.o(.text)
    _printf_input_char                       0x080011e1   Thumb Code    10  _printf_char_common.o(.text)
    .text                                    0x08001210   Section        0  _sputc.o(.text)
    .text                                    0x0800121a   Section        0  rtudiv10.o(.text)
    .text                                    0x08001244   Section        8  rt_locale_intlibspace.o(.text)
    .text                                    0x0800124c   Section        0  lludiv10.o(.text)
    .text                                    0x080012c8   Section        0  _printf_fp_infnan.o(.text)
    .text                                    0x08001350   Section        0  bigflt0.o(.text)
    .text                                    0x08001418   Section        0  btod.o(.text)
    btod_internal_mul                        0x08001459   Thumb Code   456  btod.o(.text)
    btod_internal_div                        0x08001621   Thumb Code   494  btod.o(.text)
    .text                                    0x080018c0   Section        8  libspace.o(.text)
    .text                                    0x080018c8   Section       62  sys_stackheap_outer.o(.text)
    .text                                    0x08001906   Section        0  exit.o(.text)
    .text                                    0x08001914   Section        0  strcmp.o(.text)
    .text                                    0x0800199c   Section        0  sys_exit.o(.text)
    .text                                    0x080019a8   Section        2  use_no_semi.o(.text)
    .text                                    0x080019aa   Section        0  indicate_semi.o(.text)
    i.ADC1_IRQHandler                        0x080019ac   Section        0  stm32g0xx_it.o(i.ADC1_IRQHandler)
    i.ADC_DMAConvCplt                        0x080019bc   Section        0  stm32g0xx_hal_adc.o(i.ADC_DMAConvCplt)
    ADC_DMAConvCplt                          0x080019bd   Thumb Code   126  stm32g0xx_hal_adc.o(i.ADC_DMAConvCplt)
    i.ADC_DMAError                           0x08001a3a   Section        0  stm32g0xx_hal_adc.o(i.ADC_DMAError)
    ADC_DMAError                             0x08001a3b   Thumb Code    26  stm32g0xx_hal_adc.o(i.ADC_DMAError)
    i.ADC_DMAHalfConvCplt                    0x08001a54   Section        0  stm32g0xx_hal_adc.o(i.ADC_DMAHalfConvCplt)
    ADC_DMAHalfConvCplt                      0x08001a55   Thumb Code    10  stm32g0xx_hal_adc.o(i.ADC_DMAHalfConvCplt)
    i.ADC_Disable                            0x08001a60   Section        0  stm32g0xx_hal_adc.o(i.ADC_Disable)
    i.ADC_Enable                             0x08001ae4   Section        0  stm32g0xx_hal_adc.o(i.ADC_Enable)
    i.DMA1_Channel1_IRQHandler               0x08001bb0   Section        0  stm32g0xx_it.o(i.DMA1_Channel1_IRQHandler)
    i.DMA_CalcDMAMUXChannelBaseAndMask       0x08001bc0   Section        0  stm32g0xx_hal_dma.o(i.DMA_CalcDMAMUXChannelBaseAndMask)
    DMA_CalcDMAMUXChannelBaseAndMask         0x08001bc1   Thumb Code    44  stm32g0xx_hal_dma.o(i.DMA_CalcDMAMUXChannelBaseAndMask)
    i.DMA_CalcDMAMUXRequestGenBaseAndMask    0x08001bf0   Section        0  stm32g0xx_hal_dma.o(i.DMA_CalcDMAMUXRequestGenBaseAndMask)
    DMA_CalcDMAMUXRequestGenBaseAndMask      0x08001bf1   Thumb Code    34  stm32g0xx_hal_dma.o(i.DMA_CalcDMAMUXRequestGenBaseAndMask)
    i.DMA_SetConfig                          0x08001c18   Section        0  stm32g0xx_hal_dma.o(i.DMA_SetConfig)
    DMA_SetConfig                            0x08001c19   Thumb Code    68  stm32g0xx_hal_dma.o(i.DMA_SetConfig)
    i.Error_Handler                          0x08001c60   Section        0  main.o(i.Error_Handler)
    i.HAL_ADCEx_Calibration_Start            0x08001c64   Section        0  stm32g0xx_hal_adc_ex.o(i.HAL_ADCEx_Calibration_Start)
    i.HAL_ADCEx_ChannelConfigReadyCallback   0x08001dd8   Section        0  stm32g0xx_hal_adc_ex.o(i.HAL_ADCEx_ChannelConfigReadyCallback)
    i.HAL_ADCEx_EndOfSamplingCallback        0x08001dda   Section        0  stm32g0xx_hal_adc_ex.o(i.HAL_ADCEx_EndOfSamplingCallback)
    i.HAL_ADCEx_LevelOutOfWindow2Callback    0x08001ddc   Section        0  stm32g0xx_hal_adc_ex.o(i.HAL_ADCEx_LevelOutOfWindow2Callback)
    i.HAL_ADCEx_LevelOutOfWindow3Callback    0x08001dde   Section        0  stm32g0xx_hal_adc_ex.o(i.HAL_ADCEx_LevelOutOfWindow3Callback)
    i.HAL_ADC_ConfigChannel                  0x08001de0   Section        0  stm32g0xx_hal_adc.o(i.HAL_ADC_ConfigChannel)
    i.HAL_ADC_ConvCpltCallback               0x08002020   Section        0  main.o(i.HAL_ADC_ConvCpltCallback)
    i.HAL_ADC_ConvHalfCpltCallback           0x08002038   Section        0  stm32g0xx_hal_adc.o(i.HAL_ADC_ConvHalfCpltCallback)
    i.HAL_ADC_ErrorCallback                  0x0800203a   Section        0  stm32g0xx_hal_adc.o(i.HAL_ADC_ErrorCallback)
    i.HAL_ADC_IRQHandler                     0x0800203c   Section        0  stm32g0xx_hal_adc.o(i.HAL_ADC_IRQHandler)
    i.HAL_ADC_Init                           0x0800219c   Section        0  stm32g0xx_hal_adc.o(i.HAL_ADC_Init)
    i.HAL_ADC_LevelOutOfWindowCallback       0x080023cc   Section        0  stm32g0xx_hal_adc.o(i.HAL_ADC_LevelOutOfWindowCallback)
    i.HAL_ADC_MspInit                        0x080023d0   Section        0  adc.o(i.HAL_ADC_MspInit)
    i.HAL_ADC_Start_DMA                      0x08002498   Section        0  stm32g0xx_hal_adc.o(i.HAL_ADC_Start_DMA)
    i.HAL_DMA_Abort                          0x08002550   Section        0  stm32g0xx_hal_dma.o(i.HAL_DMA_Abort)
    i.HAL_DMA_Abort_IT                       0x080025c8   Section        0  stm32g0xx_hal_dma.o(i.HAL_DMA_Abort_IT)
    i.HAL_DMA_IRQHandler                     0x08002644   Section        0  stm32g0xx_hal_dma.o(i.HAL_DMA_IRQHandler)
    i.HAL_DMA_Init                           0x08002708   Section        0  stm32g0xx_hal_dma.o(i.HAL_DMA_Init)
    i.HAL_DMA_Start_IT                       0x080027b0   Section        0  stm32g0xx_hal_dma.o(i.HAL_DMA_Start_IT)
    i.HAL_Delay                              0x08002848   Section        0  stm32g0xx_hal.o(i.HAL_Delay)
    i.HAL_GPIO_Init                          0x0800286c   Section        0  stm32g0xx_hal_gpio.o(i.HAL_GPIO_Init)
    i.HAL_GPIO_WritePin                      0x080029b0   Section        0  stm32g0xx_hal_gpio.o(i.HAL_GPIO_WritePin)
    i.HAL_GetTick                            0x080029bc   Section        0  stm32g0xx_hal.o(i.HAL_GetTick)
    i.HAL_IncTick                            0x080029c8   Section        0  stm32g0xx_hal.o(i.HAL_IncTick)
    i.HAL_Init                               0x080029d8   Section        0  stm32g0xx_hal.o(i.HAL_Init)
    i.HAL_InitTick                           0x08002a00   Section        0  stm32g0xx_hal.o(i.HAL_InitTick)
    i.HAL_MspInit                            0x08002a50   Section        0  stm32g0xx_hal_msp.o(i.HAL_MspInit)
    i.HAL_NVIC_EnableIRQ                     0x08002a7c   Section        0  stm32g0xx_hal_cortex.o(i.HAL_NVIC_EnableIRQ)
    i.HAL_NVIC_SetPriority                   0x08002a94   Section        0  stm32g0xx_hal_cortex.o(i.HAL_NVIC_SetPriority)
    i.HAL_PWREx_ControlVoltageScaling        0x08002a9c   Section        0  stm32g0xx_hal_pwr_ex.o(i.HAL_PWREx_ControlVoltageScaling)
    i.HAL_RCCEx_PeriphCLKConfig              0x08002ae8   Section        0  stm32g0xx_hal_rcc_ex.o(i.HAL_RCCEx_PeriphCLKConfig)
    i.HAL_RCC_ClockConfig                    0x08002c54   Section        0  stm32g0xx_hal_rcc.o(i.HAL_RCC_ClockConfig)
    i.HAL_RCC_GetHCLKFreq                    0x08002dc8   Section        0  stm32g0xx_hal_rcc.o(i.HAL_RCC_GetHCLKFreq)
    i.HAL_RCC_GetPCLK1Freq                   0x08002dd4   Section        0  stm32g0xx_hal_rcc.o(i.HAL_RCC_GetPCLK1Freq)
    i.HAL_RCC_GetSysClockFreq                0x08002dfc   Section        0  stm32g0xx_hal_rcc.o(i.HAL_RCC_GetSysClockFreq)
    i.HAL_RCC_OscConfig                      0x08002e98   Section        0  stm32g0xx_hal_rcc.o(i.HAL_RCC_OscConfig)
    i.HAL_SYSTICK_Config                     0x080032b8   Section        0  stm32g0xx_hal_cortex.o(i.HAL_SYSTICK_Config)
    i.HAL_TIMEx_Break2Callback               0x080032e8   Section        0  stm32g0xx_hal_tim_ex.o(i.HAL_TIMEx_Break2Callback)
    i.HAL_TIMEx_BreakCallback                0x080032ea   Section        0  stm32g0xx_hal_tim_ex.o(i.HAL_TIMEx_BreakCallback)
    i.HAL_TIMEx_CommutCallback               0x080032ec   Section        0  stm32g0xx_hal_tim_ex.o(i.HAL_TIMEx_CommutCallback)
    i.HAL_TIMEx_MasterConfigSynchronization  0x080032f0   Section        0  stm32g0xx_hal_tim_ex.o(i.HAL_TIMEx_MasterConfigSynchronization)
    i.HAL_TIM_Base_Init                      0x08003350   Section        0  stm32g0xx_hal_tim.o(i.HAL_TIM_Base_Init)
    i.HAL_TIM_Base_MspInit                   0x080033a0   Section        0  tim.o(i.HAL_TIM_Base_MspInit)
    i.HAL_TIM_Base_Start                     0x080033d4   Section        0  stm32g0xx_hal_tim.o(i.HAL_TIM_Base_Start)
    i.HAL_TIM_ConfigClockSource              0x08003424   Section        0  stm32g0xx_hal_tim.o(i.HAL_TIM_ConfigClockSource)
    i.HAL_TIM_IC_CaptureCallback             0x08003510   Section        0  stm32g0xx_hal_tim.o(i.HAL_TIM_IC_CaptureCallback)
    i.HAL_TIM_IRQHandler                     0x08003514   Section        0  stm32g0xx_hal_tim.o(i.HAL_TIM_IRQHandler)
    i.HAL_TIM_OC_DelayElapsedCallback        0x08003664   Section        0  stm32g0xx_hal_tim.o(i.HAL_TIM_OC_DelayElapsedCallback)
    i.HAL_TIM_PWM_PulseFinishedCallback      0x08003666   Section        0  stm32g0xx_hal_tim.o(i.HAL_TIM_PWM_PulseFinishedCallback)
    i.HAL_TIM_PeriodElapsedCallback          0x08003668   Section        0  stm32g0xx_hal_tim.o(i.HAL_TIM_PeriodElapsedCallback)
    i.HAL_TIM_TriggerCallback                0x0800366a   Section        0  stm32g0xx_hal_tim.o(i.HAL_TIM_TriggerCallback)
    i.HAL_UARTEx_DisableFifoMode             0x0800366c   Section        0  stm32g0xx_hal_uart_ex.o(i.HAL_UARTEx_DisableFifoMode)
    i.HAL_UARTEx_RxEventCallback             0x080036a8   Section        0  stm32g0xx_hal_uart.o(i.HAL_UARTEx_RxEventCallback)
    i.HAL_UARTEx_RxFifoFullCallback          0x080036aa   Section        0  stm32g0xx_hal_uart_ex.o(i.HAL_UARTEx_RxFifoFullCallback)
    i.HAL_UARTEx_SetRxFifoThreshold          0x080036ac   Section        0  stm32g0xx_hal_uart_ex.o(i.HAL_UARTEx_SetRxFifoThreshold)
    i.HAL_UARTEx_SetTxFifoThreshold          0x080036f4   Section        0  stm32g0xx_hal_uart_ex.o(i.HAL_UARTEx_SetTxFifoThreshold)
    i.HAL_UARTEx_TxFifoEmptyCallback         0x0800373a   Section        0  stm32g0xx_hal_uart_ex.o(i.HAL_UARTEx_TxFifoEmptyCallback)
    i.HAL_UARTEx_WakeupCallback              0x0800373c   Section        0  stm32g0xx_hal_uart_ex.o(i.HAL_UARTEx_WakeupCallback)
    i.HAL_UART_ErrorCallback                 0x0800373e   Section        0  stm32g0xx_hal_uart.o(i.HAL_UART_ErrorCallback)
    i.HAL_UART_IRQHandler                    0x08003740   Section        0  stm32g0xx_hal_uart.o(i.HAL_UART_IRQHandler)
    i.HAL_UART_Init                          0x08003a28   Section        0  stm32g0xx_hal_uart.o(i.HAL_UART_Init)
    i.HAL_UART_MspInit                       0x08003a9c   Section        0  usart.o(i.HAL_UART_MspInit)
    i.HAL_UART_Transmit_IT                   0x08003b2c   Section        0  stm32g0xx_hal_uart.o(i.HAL_UART_Transmit_IT)
    i.HAL_UART_TxCpltCallback                0x08003bf0   Section        0  stm32g0xx_hal_uart.o(i.HAL_UART_TxCpltCallback)
    i.HardFault_Handler                      0x08003bf2   Section        0  stm32g0xx_it.o(i.HardFault_Handler)
    i.LL_ADC_IsEnabled                       0x08003bf4   Section        0  stm32g0xx_hal_adc.o(i.LL_ADC_IsEnabled)
    LL_ADC_IsEnabled                         0x08003bf5   Thumb Code     8  stm32g0xx_hal_adc.o(i.LL_ADC_IsEnabled)
    i.LL_ADC_IsEnabled                       0x08003bfc   Section        0  stm32g0xx_hal_adc_ex.o(i.LL_ADC_IsEnabled)
    LL_ADC_IsEnabled                         0x08003bfd   Thumb Code     8  stm32g0xx_hal_adc_ex.o(i.LL_ADC_IsEnabled)
    i.LL_ADC_REG_IsConversionOngoing         0x08003c04   Section        0  stm32g0xx_hal_adc.o(i.LL_ADC_REG_IsConversionOngoing)
    LL_ADC_REG_IsConversionOngoing           0x08003c05   Thumb Code     8  stm32g0xx_hal_adc.o(i.LL_ADC_REG_IsConversionOngoing)
    i.LL_ADC_REG_IsTriggerSourceSWStart      0x08003c0c   Section        0  stm32g0xx_hal_adc.o(i.LL_ADC_REG_IsTriggerSourceSWStart)
    LL_ADC_REG_IsTriggerSourceSWStart        0x08003c0d   Thumb Code    16  stm32g0xx_hal_adc.o(i.LL_ADC_REG_IsTriggerSourceSWStart)
    i.LL_ADC_SetCommonPathInternalCh         0x08003c1c   Section        0  stm32g0xx_hal_adc.o(i.LL_ADC_SetCommonPathInternalCh)
    LL_ADC_SetCommonPathInternalCh           0x08003c1d   Thumb Code    14  stm32g0xx_hal_adc.o(i.LL_ADC_SetCommonPathInternalCh)
    i.LL_ADC_SetSamplingTimeCommonChannels   0x08003c2a   Section        0  stm32g0xx_hal_adc.o(i.LL_ADC_SetSamplingTimeCommonChannels)
    LL_ADC_SetSamplingTimeCommonChannels     0x08003c2b   Thumb Code    22  stm32g0xx_hal_adc.o(i.LL_ADC_SetSamplingTimeCommonChannels)
    i.MX_ADC1_Init                           0x08003c40   Section        0  adc.o(i.MX_ADC1_Init)
    i.MX_DMA_Init                            0x08003d78   Section        0  dma.o(i.MX_DMA_Init)
    i.MX_GPIO_Init                           0x08003da0   Section        0  gpio.o(i.MX_GPIO_Init)
    i.MX_TIM3_Init                           0x08003e28   Section        0  tim.o(i.MX_TIM3_Init)
    i.MX_USART1_UART_Init                    0x08003e9c   Section        0  usart.o(i.MX_USART1_UART_Init)
    i.NMI_Handler                            0x08003f04   Section        0  stm32g0xx_it.o(i.NMI_Handler)
    i.PendSV_Handler                         0x08003f06   Section        0  stm32g0xx_it.o(i.PendSV_Handler)
    i.SVC_Handler                            0x08003f08   Section        0  stm32g0xx_it.o(i.SVC_Handler)
    i.SysTick_Handler                        0x08003f0a   Section        0  stm32g0xx_it.o(i.SysTick_Handler)
    i.SystemClock_Config                     0x08003f12   Section        0  main.o(i.SystemClock_Config)
    i.SystemInit                             0x08003f7e   Section        0  system_stm32g0xx.o(i.SystemInit)
    i.TIM3_IRQHandler                        0x08003f80   Section        0  stm32g0xx_it.o(i.TIM3_IRQHandler)
    i.TIM_Base_SetConfig                     0x08003f90   Section        0  stm32g0xx_hal_tim.o(i.TIM_Base_SetConfig)
    i.TIM_ETR_SetConfig                      0x08004018   Section        0  stm32g0xx_hal_tim.o(i.TIM_ETR_SetConfig)
    i.TIM_ITRx_SetConfig                     0x08004030   Section        0  stm32g0xx_hal_tim.o(i.TIM_ITRx_SetConfig)
    TIM_ITRx_SetConfig                       0x08004031   Thumb Code    16  stm32g0xx_hal_tim.o(i.TIM_ITRx_SetConfig)
    i.TIM_TI1_ConfigInputStage               0x08004044   Section        0  stm32g0xx_hal_tim.o(i.TIM_TI1_ConfigInputStage)
    TIM_TI1_ConfigInputStage                 0x08004045   Thumb Code    34  stm32g0xx_hal_tim.o(i.TIM_TI1_ConfigInputStage)
    i.TIM_TI2_ConfigInputStage               0x08004066   Section        0  stm32g0xx_hal_tim.o(i.TIM_TI2_ConfigInputStage)
    TIM_TI2_ConfigInputStage                 0x08004067   Thumb Code    38  stm32g0xx_hal_tim.o(i.TIM_TI2_ConfigInputStage)
    i.UARTEx_SetNbDataToProcess              0x0800408c   Section        0  stm32g0xx_hal_uart_ex.o(i.UARTEx_SetNbDataToProcess)
    UARTEx_SetNbDataToProcess                0x0800408d   Thumb Code    64  stm32g0xx_hal_uart_ex.o(i.UARTEx_SetNbDataToProcess)
    i.UART_AdvFeatureConfig                  0x080040d0   Section        0  stm32g0xx_hal_uart.o(i.UART_AdvFeatureConfig)
    i.UART_CheckIdleState                    0x0800419c   Section        0  stm32g0xx_hal_uart.o(i.UART_CheckIdleState)
    i.UART_DMAAbortOnError                   0x08004258   Section        0  stm32g0xx_hal_uart.o(i.UART_DMAAbortOnError)
    UART_DMAAbortOnError                     0x08004259   Thumb Code    20  stm32g0xx_hal_uart.o(i.UART_DMAAbortOnError)
    i.UART_EndRxTransfer                     0x0800426c   Section        0  stm32g0xx_hal_uart.o(i.UART_EndRxTransfer)
    UART_EndRxTransfer                       0x0800426d   Thumb Code    94  stm32g0xx_hal_uart.o(i.UART_EndRxTransfer)
    i.UART_EndTransmit_IT                    0x080042d0   Section        0  stm32g0xx_hal_uart.o(i.UART_EndTransmit_IT)
    UART_EndTransmit_IT                      0x080042d1   Thumb Code    42  stm32g0xx_hal_uart.o(i.UART_EndTransmit_IT)
    i.UART_SetConfig                         0x080042fc   Section        0  stm32g0xx_hal_uart.o(i.UART_SetConfig)
    i.UART_TxISR_16BIT                       0x08004484   Section        0  stm32g0xx_hal_uart.o(i.UART_TxISR_16BIT)
    UART_TxISR_16BIT                         0x08004485   Thumb Code    96  stm32g0xx_hal_uart.o(i.UART_TxISR_16BIT)
    i.UART_TxISR_16BIT_FIFOEN                0x080044e4   Section        0  stm32g0xx_hal_uart.o(i.UART_TxISR_16BIT_FIFOEN)
    UART_TxISR_16BIT_FIFOEN                  0x080044e5   Thumb Code   116  stm32g0xx_hal_uart.o(i.UART_TxISR_16BIT_FIFOEN)
    i.UART_TxISR_8BIT                        0x08004558   Section        0  stm32g0xx_hal_uart.o(i.UART_TxISR_8BIT)
    UART_TxISR_8BIT                          0x08004559   Thumb Code    92  stm32g0xx_hal_uart.o(i.UART_TxISR_8BIT)
    i.UART_TxISR_8BIT_FIFOEN                 0x080045b4   Section        0  stm32g0xx_hal_uart.o(i.UART_TxISR_8BIT_FIFOEN)
    UART_TxISR_8BIT_FIFOEN                   0x080045b5   Thumb Code   112  stm32g0xx_hal_uart.o(i.UART_TxISR_8BIT_FIFOEN)
    i.UART_WaitOnFlagUntilTimeout            0x08004624   Section        0  stm32g0xx_hal_uart.o(i.UART_WaitOnFlagUntilTimeout)
    i.USART1_IRQHandler                      0x080046b8   Section        0  stm32g0xx_it.o(i.USART1_IRQHandler)
    i.__ARM_common_ll_muluu                  0x080046c8   Section        0  btod.o(i.__ARM_common_ll_muluu)
    i.__ARM_fpclassify                       0x080046f8   Section        0  fpclassify.o(i.__ARM_fpclassify)
    i.__NVIC_SetPriority                     0x08004724   Section        0  stm32g0xx_hal_cortex.o(i.__NVIC_SetPriority)
    __NVIC_SetPriority                       0x08004725   Thumb Code    60  stm32g0xx_hal_cortex.o(i.__NVIC_SetPriority)
    i._is_digit                              0x08004768   Section        0  __printf_wp.o(i._is_digit)
    i.main                                   0x08004778   Section        0  main.o(i.main)
    locale$$code                             0x08004908   Section       44  lc_numeric_c.o(locale$$code)
    x$fpl$printf1                            0x08004934   Section       16  printf1.o(x$fpl$printf1)
    .constdata                               0x08004944   Section       24  stm32g0xx_hal_uart.o(.constdata)
    x$fpl$usenofp                            0x08004944   Section        0  usenofp.o(x$fpl$usenofp)
    .constdata                               0x0800495c   Section       16  stm32g0xx_hal_uart_ex.o(.constdata)
    numerator                                0x0800495c   Data           8  stm32g0xx_hal_uart_ex.o(.constdata)
    denominator                              0x08004964   Data           8  stm32g0xx_hal_uart_ex.o(.constdata)
    .constdata                               0x0800496c   Section       64  system_stm32g0xx.o(.constdata)
    .constdata                               0x080049ac   Section       32  system_stm32g0xx.o(.constdata)
    .constdata                               0x080049cc   Section      128  ddiv.o(.constdata)
    ddiv_reciptbl                            0x080049cc   Data         128  ddiv.o(.constdata)
    .constdata                               0x08004a4c   Section      148  bigflt0.o(.constdata)
    tenpwrs_x                                0x08004a4c   Data          60  bigflt0.o(.constdata)
    tenpwrs_i                                0x08004a88   Data          64  bigflt0.o(.constdata)
    locale$$data                             0x08004b00   Section       28  lc_numeric_c.o(locale$$data)
    __lcnum_c_name                           0x08004b04   Data           2  lc_numeric_c.o(locale$$data)
    __lcnum_c_start                          0x08004b0c   Data           0  lc_numeric_c.o(locale$$data)
    __lcnum_c_point                          0x08004b18   Data           0  lc_numeric_c.o(locale$$data)
    __lcnum_c_thousands                      0x08004b1a   Data           0  lc_numeric_c.o(locale$$data)
    __lcnum_c_grouping                       0x08004b1b   Data           0  lc_numeric_c.o(locale$$data)
    __lcnum_c_end                            0x08004b1c   Data           0  lc_numeric_c.o(locale$$data)
    .data                                    0x20000000   Section        1  main.o(.data)
    .data                                    0x20000004   Section       12  stm32g0xx_hal.o(.data)
    .data                                    0x20000010   Section        4  system_stm32g0xx.o(.data)
    .bss                                     0x20000014   Section       96  main.o(.bss)
    .bss                                     0x20000074   Section      192  adc.o(.bss)
    .bss                                     0x20000134   Section       76  tim.o(.bss)
    .bss                                     0x20000180   Section      148  usart.o(.bss)
    .bss                                     0x20000214   Section       96  libspace.o(.bss)
    HEAP                                     0x20000278   Section      512  startup_stm32g030xx.o(HEAP)
    Heap_Mem                                 0x20000278   Data         512  startup_stm32g030xx.o(HEAP)
    STACK                                    0x20000478   Section     1024  startup_stm32g030xx.o(STACK)
    Stack_Mem                                0x20000478   Data        1024  startup_stm32g030xx.o(STACK)
    __initial_sp                             0x20000878   Data           0  startup_stm32g030xx.o(STACK)

    Global Symbols

    Symbol Name                              Value     Ov Type        Size  Object(Section)

    BuildAttributes$$THM_ISAv3M$S$PE$A:L22$X:L11$S22$IEEE1$IW$USESV6$~STKCKD$USESV7$~SHL$OTIME$ROPI$IEEEJ$EBA8$UX$STANDARDLIB$REQ8$PRES8$EABIv2 0x00000000   Number         0  anon$$obj.o ABSOLUTE
    __ARM_use_no_argv                        0x00000000   Number         0  main.o ABSOLUTE
    _printf_flags                            0x00000000   Number         0  printf_stubs.o ABSOLUTE
    _printf_return_value                     0x00000000   Number         0  printf_stubs.o ABSOLUTE
    _printf_sizespec                         0x00000000   Number         0  printf_stubs.o ABSOLUTE
    _printf_widthprec                        0x00000000   Number         0  printf_stubs.o ABSOLUTE
    __ARM_exceptions_init                     - Undefined Weak Reference
    __alloca_initialize                       - Undefined Weak Reference
    __arm_preinit_                            - Undefined Weak Reference
    __cpp_initialize__aeabi_                  - Undefined Weak Reference
    __cxa_finalize                            - Undefined Weak Reference
    __sigvec_lookup                           - Undefined Weak Reference
    _atexit_init                              - Undefined Weak Reference
    _call_atexit_fns                          - Undefined Weak Reference
    _clock_init                               - Undefined Weak Reference
    _fp_trap_init                             - Undefined Weak Reference
    _fp_trap_shutdown                         - Undefined Weak Reference
    _get_lc_collate                           - Undefined Weak Reference
    _get_lc_ctype                             - Undefined Weak Reference
    _get_lc_monetary                          - Undefined Weak Reference
    _get_lc_time                              - Undefined Weak Reference
    _getenv_init                              - Undefined Weak Reference
    _handle_redirection                       - Undefined Weak Reference
    _init_alloc                               - Undefined Weak Reference
    _init_user_alloc                          - Undefined Weak Reference
    _initio                                   - Undefined Weak Reference
    _printf_truncate_signed                   - Undefined Weak Reference
    _printf_truncate_unsigned                 - Undefined Weak Reference
    _rand_init                                - Undefined Weak Reference
    _signal_finish                            - Undefined Weak Reference
    _signal_init                              - Undefined Weak Reference
    _terminate_alloc                          - Undefined Weak Reference
    _terminate_user_alloc                     - Undefined Weak Reference
    _terminateio                              - Undefined Weak Reference
    __Vectors_Size                           0x000000c0   Number         0  startup_stm32g030xx.o ABSOLUTE
    __Vectors                                0x08000000   Data           4  startup_stm32g030xx.o(RESET)
    __Vectors_End                            0x080000c0   Data           0  startup_stm32g030xx.o(RESET)
    __main                                   0x080000c1   Thumb Code     8  __main.o(!!!main)
    __scatterload                            0x080000c9   Thumb Code     0  __scatter.o(!!!scatter)
    __scatterload_rt2                        0x080000c9   Thumb Code    52  __scatter.o(!!!scatter)
    __scatterload_rt2_thumb_only             0x080000c9   Thumb Code     0  __scatter.o(!!!scatter)
    __scatterload_null                       0x080000d9   Thumb Code     0  __scatter.o(!!!scatter)
    __scatterload_copy                       0x08000105   Thumb Code    26  __scatter_copy.o(!!handler_copy)
    __scatterload_zeroinit                   0x08000121   Thumb Code    28  __scatter_zi.o(!!handler_zi)
    _printf_percent                          0x0800013d   Thumb Code     0  _printf_percent.o(.ARM.Collect$$_printf_percent$$00000000)
    _printf_f                                0x0800013f   Thumb Code     0  _printf_f.o(.ARM.Collect$$_printf_percent$$00000003)
    _printf_d                                0x08000149   Thumb Code     0  _printf_d.o(.ARM.Collect$$_printf_percent$$00000009)
    _printf_percent_end                      0x08000153   Thumb Code     0  _printf_percent_end.o(.ARM.Collect$$_printf_percent$$00000017)
    __rt_lib_init                            0x08000157   Thumb Code     0  libinit.o(.ARM.Collect$$libinit$$00000000)
    __rt_lib_init_fp_1                       0x08000159   Thumb Code     0  libinit2.o(.ARM.Collect$$libinit$$00000002)
    __rt_lib_init_heap_1                     0x08000159   Thumb Code     0  libinit2.o(.ARM.Collect$$libinit$$0000000A)
    __rt_lib_init_lc_common                  0x08000159   Thumb Code     0  libinit2.o(.ARM.Collect$$libinit$$0000000F)
    __rt_lib_init_preinit_1                  0x08000159   Thumb Code     0  libinit2.o(.ARM.Collect$$libinit$$00000004)
    __rt_lib_init_rand_1                     0x08000159   Thumb Code     0  libinit2.o(.ARM.Collect$$libinit$$0000000E)
    __rt_lib_init_user_alloc_1               0x08000159   Thumb Code     0  libinit2.o(.ARM.Collect$$libinit$$0000000C)
    __rt_lib_init_lc_collate_1               0x0800015f   Thumb Code     0  libinit2.o(.ARM.Collect$$libinit$$00000011)
    __rt_lib_init_lc_ctype_1                 0x0800015f   Thumb Code     0  libinit2.o(.ARM.Collect$$libinit$$00000013)
    __rt_lib_init_lc_monetary_1              0x0800015f   Thumb Code     0  libinit2.o(.ARM.Collect$$libinit$$00000015)
    __rt_lib_init_lc_numeric_2               0x0800015f   Thumb Code     0  libinit2.o(.ARM.Collect$$libinit$$00000016)
    __rt_lib_init_alloca_1                   0x08000169   Thumb Code     0  libinit2.o(.ARM.Collect$$libinit$$0000002E)
    __rt_lib_init_argv_1                     0x08000169   Thumb Code     0  libinit2.o(.ARM.Collect$$libinit$$0000002C)
    __rt_lib_init_atexit_1                   0x08000169   Thumb Code     0  libinit2.o(.ARM.Collect$$libinit$$0000001B)
    __rt_lib_init_clock_1                    0x08000169   Thumb Code     0  libinit2.o(.ARM.Collect$$libinit$$00000021)
    __rt_lib_init_cpp_1                      0x08000169   Thumb Code     0  libinit2.o(.ARM.Collect$$libinit$$00000032)
    __rt_lib_init_exceptions_1               0x08000169   Thumb Code     0  libinit2.o(.ARM.Collect$$libinit$$00000030)
    __rt_lib_init_fp_trap_1                  0x08000169   Thumb Code     0  libinit2.o(.ARM.Collect$$libinit$$0000001F)
    __rt_lib_init_getenv_1                   0x08000169   Thumb Code     0  libinit2.o(.ARM.Collect$$libinit$$00000023)
    __rt_lib_init_lc_numeric_1               0x08000169   Thumb Code     0  libinit2.o(.ARM.Collect$$libinit$$00000017)
    __rt_lib_init_lc_time_1                  0x08000169   Thumb Code     0  libinit2.o(.ARM.Collect$$libinit$$00000019)
    __rt_lib_init_return                     0x08000169   Thumb Code     0  libinit2.o(.ARM.Collect$$libinit$$00000033)
    __rt_lib_init_signal_1                   0x08000169   Thumb Code     0  libinit2.o(.ARM.Collect$$libinit$$0000001D)
    __rt_lib_init_stdio_1                    0x08000169   Thumb Code     0  libinit2.o(.ARM.Collect$$libinit$$00000025)
    __rt_lib_shutdown                        0x0800016b   Thumb Code     0  libshutdown.o(.ARM.Collect$$libshutdown$$00000000)
    __rt_lib_shutdown_fp_trap_1              0x0800016d   Thumb Code     0  libshutdown2.o(.ARM.Collect$$libshutdown$$00000006)
    __rt_lib_shutdown_heap_1                 0x0800016d   Thumb Code     0  libshutdown2.o(.ARM.Collect$$libshutdown$$0000000E)
    __rt_lib_shutdown_return                 0x0800016d   Thumb Code     0  libshutdown2.o(.ARM.Collect$$libshutdown$$0000000F)
    __rt_lib_shutdown_signal_1               0x0800016d   Thumb Code     0  libshutdown2.o(.ARM.Collect$$libshutdown$$00000009)
    __rt_lib_shutdown_stdio_1                0x0800016d   Thumb Code     0  libshutdown2.o(.ARM.Collect$$libshutdown$$00000003)
    __rt_lib_shutdown_user_alloc_1           0x0800016d   Thumb Code     0  libshutdown2.o(.ARM.Collect$$libshutdown$$0000000B)
    __rt_entry                               0x0800016f   Thumb Code     0  __rtentry.o(.ARM.Collect$$rtentry$$00000000)
    __rt_entry_presh_1                       0x0800016f   Thumb Code     0  __rtentry2.o(.ARM.Collect$$rtentry$$00000002)
    __rt_entry_sh                            0x0800016f   Thumb Code     0  __rtentry4.o(.ARM.Collect$$rtentry$$00000004)
    __rt_entry_li                            0x08000175   Thumb Code     0  __rtentry2.o(.ARM.Collect$$rtentry$$0000000A)
    __rt_entry_postsh_1                      0x08000175   Thumb Code     0  __rtentry2.o(.ARM.Collect$$rtentry$$00000009)
    __rt_entry_main                          0x08000179   Thumb Code     0  __rtentry2.o(.ARM.Collect$$rtentry$$0000000D)
    __rt_entry_postli_1                      0x08000179   Thumb Code     0  __rtentry2.o(.ARM.Collect$$rtentry$$0000000C)
    __rt_exit                                0x08000181   Thumb Code     0  rtexit.o(.ARM.Collect$$rtexit$$00000000)
    __rt_exit_ls                             0x08000183   Thumb Code     0  rtexit2.o(.ARM.Collect$$rtexit$$00000003)
    __rt_exit_prels_1                        0x08000183   Thumb Code     0  rtexit2.o(.ARM.Collect$$rtexit$$00000002)
    __rt_exit_exit                           0x08000187   Thumb Code     0  rtexit2.o(.ARM.Collect$$rtexit$$00000004)
    Reset_Handler                            0x0800018d   Thumb Code     8  startup_stm32g030xx.o(.text)
    DMA1_Ch4_5_DMAMUX1_OVR_IRQHandler        0x0800019f   Thumb Code     0  startup_stm32g030xx.o(.text)
    DMA1_Channel2_3_IRQHandler               0x0800019f   Thumb Code     0  startup_stm32g030xx.o(.text)
    EXTI0_1_IRQHandler                       0x0800019f   Thumb Code     0  startup_stm32g030xx.o(.text)
    EXTI2_3_IRQHandler                       0x0800019f   Thumb Code     0  startup_stm32g030xx.o(.text)
    EXTI4_15_IRQHandler                      0x0800019f   Thumb Code     0  startup_stm32g030xx.o(.text)
    FLASH_IRQHandler                         0x0800019f   Thumb Code     0  startup_stm32g030xx.o(.text)
    I2C1_IRQHandler                          0x0800019f   Thumb Code     0  startup_stm32g030xx.o(.text)
    I2C2_IRQHandler                          0x0800019f   Thumb Code     0  startup_stm32g030xx.o(.text)
    RCC_IRQHandler                           0x0800019f   Thumb Code     0  startup_stm32g030xx.o(.text)
    RTC_TAMP_IRQHandler                      0x0800019f   Thumb Code     0  startup_stm32g030xx.o(.text)
    SPI1_IRQHandler                          0x0800019f   Thumb Code     0  startup_stm32g030xx.o(.text)
    SPI2_IRQHandler                          0x0800019f   Thumb Code     0  startup_stm32g030xx.o(.text)
    TIM14_IRQHandler                         0x0800019f   Thumb Code     0  startup_stm32g030xx.o(.text)
    TIM16_IRQHandler                         0x0800019f   Thumb Code     0  startup_stm32g030xx.o(.text)
    TIM17_IRQHandler                         0x0800019f   Thumb Code     0  startup_stm32g030xx.o(.text)
    TIM1_BRK_UP_TRG_COM_IRQHandler           0x0800019f   Thumb Code     0  startup_stm32g030xx.o(.text)
    TIM1_CC_IRQHandler                       0x0800019f   Thumb Code     0  startup_stm32g030xx.o(.text)
    USART2_IRQHandler                        0x0800019f   Thumb Code     0  startup_stm32g030xx.o(.text)
    WWDG_IRQHandler                          0x0800019f   Thumb Code     0  startup_stm32g030xx.o(.text)
    __user_initial_stackheap                 0x080001a1   Thumb Code     0  startup_stm32g030xx.o(.text)
    __2sprintf                               0x080001c5   Thumb Code    40  __2sprintf.o(.text)
    _printf_pre_padding                      0x080001f1   Thumb Code    44  _printf_pad.o(.text)
    _printf_post_padding                     0x0800021d   Thumb Code    34  _printf_pad.o(.text)
    _printf_int_dec                          0x08000241   Thumb Code    90  _printf_dec.o(.text)
    __printf                                 0x080002ad   Thumb Code   270  __printf_wp.o(.text)
    _memset_w                                0x080003bb   Thumb Code    26  rt_memclr.o(.text)
    _memset                                  0x080003d5   Thumb Code    30  rt_memclr.o(.text)
    __aeabi_memclr                           0x080003f3   Thumb Code     4  rt_memclr.o(.text)
    __rt_memclr                              0x080003f3   Thumb Code     0  rt_memclr.o(.text)
    __aeabi_memclr4                          0x080003f7   Thumb Code     0  rt_memclr.o(.text)
    __aeabi_memclr8                          0x080003f7   Thumb Code     0  rt_memclr.o(.text)
    __rt_memclr_w                            0x080003f7   Thumb Code     4  rt_memclr.o(.text)
    __aeabi_uidiv                            0x080003fb   Thumb Code     0  aeabi_sdiv.o(.text)
    __aeabi_uidivmod                         0x080003fb   Thumb Code    20  aeabi_sdiv.o(.text)
    __aeabi_idiv                             0x0800040f   Thumb Code     0  aeabi_sdiv.o(.text)
    __aeabi_idivmod                          0x0800040f   Thumb Code   326  aeabi_sdiv.o(.text)
    __use_two_region_memory                  0x08000555   Thumb Code     2  heapauxi.o(.text)
    __rt_heap_escrow$2region                 0x08000557   Thumb Code     2  heapauxi.o(.text)
    __rt_heap_expand$2region                 0x08000559   Thumb Code     2  heapauxi.o(.text)
    __aeabi_d2f                              0x0800055d   Thumb Code     0  d2f.o(.text)
    _d2f                                     0x0800055d   Thumb Code   120  d2f.o(.text)
    __aeabi_ddiv                             0x080005d9   Thumb Code     0  ddiv.o(.text)
    _ddiv                                    0x080005d9   Thumb Code  1072  ddiv.o(.text)
    _drdiv                                   0x08000a09   Thumb Code    20  ddiv.o(.text)
    __aeabi_dmul                             0x08000a21   Thumb Code     0  dmul.o(.text)
    _dmul                                    0x08000a21   Thumb Code   558  dmul.o(.text)
    __aeabi_f2d                              0x08000c69   Thumb Code     0  f2d.o(.text)
    _f2d                                     0x08000c69   Thumb Code    80  f2d.o(.text)
    __aeabi_i2f_normalise                    0x08000cbd   Thumb Code    72  fflti.o(.text)
    __aeabi_i2f                              0x08000d05   Thumb Code    16  fflti.o(.text)
    _fflt                                    0x08000d05   Thumb Code     0  fflti.o(.text)
    __aeabi_ui2f                             0x08000d15   Thumb Code     6  fflti.o(.text)
    _ffltu                                   0x08000d15   Thumb Code     0  fflti.o(.text)
    _printf_int_common                       0x08000d1b   Thumb Code   176  _printf_intcommon.o(.text)
    __lib_sel_fp_printf                      0x08000dcd   Thumb Code     2  _printf_fp_dec.o(.text)
    _printf_fp_dec_real                      0x08000f67   Thumb Code   620  _printf_fp_dec.o(.text)
    _printf_char_common                      0x080011eb   Thumb Code    32  _printf_char_common.o(.text)
    _sputc                                   0x08001211   Thumb Code    10  _sputc.o(.text)
    __rt_udiv10                              0x0800121b   Thumb Code    40  rtudiv10.o(.text)
    __rt_locale                              0x08001245   Thumb Code     8  rt_locale_intlibspace.o(.text)
    _ll_udiv10                               0x0800124d   Thumb Code   122  lludiv10.o(.text)
    _printf_fp_infnan                        0x080012c9   Thumb Code   120  _printf_fp_infnan.o(.text)
    _btod_etento                             0x08001351   Thumb Code   196  bigflt0.o(.text)
    _btod_d2e                                0x08001419   Thumb Code    64  btod.o(.text)
    _btod_emul                               0x0800180f   Thumb Code    24  btod.o(.text)
    _btod_emuld                              0x08001827   Thumb Code    60  btod.o(.text)
    _btod_ediv                               0x08001863   Thumb Code    22  btod.o(.text)
    _btod_edivd                              0x08001879   Thumb Code    60  btod.o(.text)
    __user_libspace                          0x080018c1   Thumb Code     8  libspace.o(.text)
    __user_perproc_libspace                  0x080018c1   Thumb Code     0  libspace.o(.text)
    __user_perthread_libspace                0x080018c1   Thumb Code     0  libspace.o(.text)
    __user_setup_stackheap                   0x080018c9   Thumb Code    62  sys_stackheap_outer.o(.text)
    exit                                     0x08001907   Thumb Code    12  exit.o(.text)
    strcmp                                   0x08001915   Thumb Code   132  strcmp.o(.text)
    _sys_exit                                0x0800199d   Thumb Code     8  sys_exit.o(.text)
    __I$use$semihosting                      0x080019a9   Thumb Code     0  use_no_semi.o(.text)
    __use_no_semihosting_swi                 0x080019a9   Thumb Code     2  use_no_semi.o(.text)
    __semihosting_library_function           0x080019ab   Thumb Code     0  indicate_semi.o(.text)
    ADC1_IRQHandler                          0x080019ad   Thumb Code    10  stm32g0xx_it.o(i.ADC1_IRQHandler)
    ADC_Disable                              0x08001a61   Thumb Code   126  stm32g0xx_hal_adc.o(i.ADC_Disable)
    ADC_Enable                               0x08001ae5   Thumb Code   188  stm32g0xx_hal_adc.o(i.ADC_Enable)
    DMA1_Channel1_IRQHandler                 0x08001bb1   Thumb Code    10  stm32g0xx_it.o(i.DMA1_Channel1_IRQHandler)
    Error_Handler                            0x08001c61   Thumb Code     4  main.o(i.Error_Handler)
    HAL_ADCEx_Calibration_Start              0x08001c65   Thumb Code   354  stm32g0xx_hal_adc_ex.o(i.HAL_ADCEx_Calibration_Start)
    HAL_ADCEx_ChannelConfigReadyCallback     0x08001dd9   Thumb Code     2  stm32g0xx_hal_adc_ex.o(i.HAL_ADCEx_ChannelConfigReadyCallback)
    HAL_ADCEx_EndOfSamplingCallback          0x08001ddb   Thumb Code     2  stm32g0xx_hal_adc_ex.o(i.HAL_ADCEx_EndOfSamplingCallback)
    HAL_ADCEx_LevelOutOfWindow2Callback      0x08001ddd   Thumb Code     2  stm32g0xx_hal_adc_ex.o(i.HAL_ADCEx_LevelOutOfWindow2Callback)
    HAL_ADCEx_LevelOutOfWindow3Callback      0x08001ddf   Thumb Code     2  stm32g0xx_hal_adc_ex.o(i.HAL_ADCEx_LevelOutOfWindow3Callback)
    HAL_ADC_ConfigChannel                    0x08001de1   Thumb Code   546  stm32g0xx_hal_adc.o(i.HAL_ADC_ConfigChannel)
    HAL_ADC_ConvCpltCallback                 0x08002021   Thumb Code    16  main.o(i.HAL_ADC_ConvCpltCallback)
    HAL_ADC_ConvHalfCpltCallback             0x08002039   Thumb Code     2  stm32g0xx_hal_adc.o(i.HAL_ADC_ConvHalfCpltCallback)
    HAL_ADC_ErrorCallback                    0x0800203b   Thumb Code     2  stm32g0xx_hal_adc.o(i.HAL_ADC_ErrorCallback)
    HAL_ADC_IRQHandler                       0x0800203d   Thumb Code   350  stm32g0xx_hal_adc.o(i.HAL_ADC_IRQHandler)
    HAL_ADC_Init                             0x0800219d   Thumb Code   530  stm32g0xx_hal_adc.o(i.HAL_ADC_Init)
    HAL_ADC_LevelOutOfWindowCallback         0x080023cd   Thumb Code     2  stm32g0xx_hal_adc.o(i.HAL_ADC_LevelOutOfWindowCallback)
    HAL_ADC_MspInit                          0x080023d1   Thumb Code   182  adc.o(i.HAL_ADC_MspInit)
    HAL_ADC_Start_DMA                        0x08002499   Thumb Code   164  stm32g0xx_hal_adc.o(i.HAL_ADC_Start_DMA)
    HAL_DMA_Abort                            0x08002551   Thumb Code   116  stm32g0xx_hal_dma.o(i.HAL_DMA_Abort)
    HAL_DMA_Abort_IT                         0x080025c9   Thumb Code   118  stm32g0xx_hal_dma.o(i.HAL_DMA_Abort_IT)
    HAL_DMA_IRQHandler                       0x08002645   Thumb Code   192  stm32g0xx_hal_dma.o(i.HAL_DMA_IRQHandler)
    HAL_DMA_Init                             0x08002709   Thumb Code   158  stm32g0xx_hal_dma.o(i.HAL_DMA_Init)
    HAL_DMA_Start_IT                         0x080027b1   Thumb Code   146  stm32g0xx_hal_dma.o(i.HAL_DMA_Start_IT)
    HAL_Delay                                0x08002849   Thumb Code    32  stm32g0xx_hal.o(i.HAL_Delay)
    HAL_GPIO_Init                            0x0800286d   Thumb Code   306  stm32g0xx_hal_gpio.o(i.HAL_GPIO_Init)
    HAL_GPIO_WritePin                        0x080029b1   Thumb Code    12  stm32g0xx_hal_gpio.o(i.HAL_GPIO_WritePin)
    HAL_GetTick                              0x080029bd   Thumb Code     6  stm32g0xx_hal.o(i.HAL_GetTick)
    HAL_IncTick                              0x080029c9   Thumb Code    12  stm32g0xx_hal.o(i.HAL_IncTick)
    HAL_Init                                 0x080029d9   Thumb Code    36  stm32g0xx_hal.o(i.HAL_Init)
    HAL_InitTick                             0x08002a01   Thumb Code    72  stm32g0xx_hal.o(i.HAL_InitTick)
    HAL_MspInit                              0x08002a51   Thumb Code    38  stm32g0xx_hal_msp.o(i.HAL_MspInit)
    HAL_NVIC_EnableIRQ                       0x08002a7d   Thumb Code    18  stm32g0xx_hal_cortex.o(i.HAL_NVIC_EnableIRQ)
    HAL_NVIC_SetPriority                     0x08002a95   Thumb Code     8  stm32g0xx_hal_cortex.o(i.HAL_NVIC_SetPriority)
    HAL_PWREx_ControlVoltageScaling          0x08002a9d   Thumb Code    62  stm32g0xx_hal_pwr_ex.o(i.HAL_PWREx_ControlVoltageScaling)
    HAL_RCCEx_PeriphCLKConfig                0x08002ae9   Thumb Code   350  stm32g0xx_hal_rcc_ex.o(i.HAL_RCCEx_PeriphCLKConfig)
    HAL_RCC_ClockConfig                      0x08002c55   Thumb Code   348  stm32g0xx_hal_rcc.o(i.HAL_RCC_ClockConfig)
    HAL_RCC_GetHCLKFreq                      0x08002dc9   Thumb Code     6  stm32g0xx_hal_rcc.o(i.HAL_RCC_GetHCLKFreq)
    HAL_RCC_GetPCLK1Freq                     0x08002dd5   Thumb Code    32  stm32g0xx_hal_rcc.o(i.HAL_RCC_GetPCLK1Freq)
    HAL_RCC_GetSysClockFreq                  0x08002dfd   Thumb Code   148  stm32g0xx_hal_rcc.o(i.HAL_RCC_GetSysClockFreq)
    HAL_RCC_OscConfig                        0x08002e99   Thumb Code  1056  stm32g0xx_hal_rcc.o(i.HAL_RCC_OscConfig)
    HAL_SYSTICK_Config                       0x080032b9   Thumb Code    38  stm32g0xx_hal_cortex.o(i.HAL_SYSTICK_Config)
    HAL_TIMEx_Break2Callback                 0x080032e9   Thumb Code     2  stm32g0xx_hal_tim_ex.o(i.HAL_TIMEx_Break2Callback)
    HAL_TIMEx_BreakCallback                  0x080032eb   Thumb Code     2  stm32g0xx_hal_tim_ex.o(i.HAL_TIMEx_BreakCallback)
    HAL_TIMEx_CommutCallback                 0x080032ed   Thumb Code     2  stm32g0xx_hal_tim_ex.o(i.HAL_TIMEx_CommutCallback)
    HAL_TIMEx_MasterConfigSynchronization    0x080032f1   Thumb Code    88  stm32g0xx_hal_tim_ex.o(i.HAL_TIMEx_MasterConfigSynchronization)
    HAL_TIM_Base_Init                        0x08003351   Thumb Code    78  stm32g0xx_hal_tim.o(i.HAL_TIM_Base_Init)
    HAL_TIM_Base_MspInit                     0x080033a1   Thumb Code    44  tim.o(i.HAL_TIM_Base_MspInit)
    HAL_TIM_Base_Start                       0x080033d5   Thumb Code    68  stm32g0xx_hal_tim.o(i.HAL_TIM_Base_Start)
    HAL_TIM_ConfigClockSource                0x08003425   Thumb Code   232  stm32g0xx_hal_tim.o(i.HAL_TIM_ConfigClockSource)
    HAL_TIM_IC_CaptureCallback               0x08003511   Thumb Code     2  stm32g0xx_hal_tim.o(i.HAL_TIM_IC_CaptureCallback)
    HAL_TIM_IRQHandler                       0x08003515   Thumb Code   326  stm32g0xx_hal_tim.o(i.HAL_TIM_IRQHandler)
    HAL_TIM_OC_DelayElapsedCallback          0x08003665   Thumb Code     2  stm32g0xx_hal_tim.o(i.HAL_TIM_OC_DelayElapsedCallback)
    HAL_TIM_PWM_PulseFinishedCallback        0x08003667   Thumb Code     2  stm32g0xx_hal_tim.o(i.HAL_TIM_PWM_PulseFinishedCallback)
    HAL_TIM_PeriodElapsedCallback            0x08003669   Thumb Code     2  stm32g0xx_hal_tim.o(i.HAL_TIM_PeriodElapsedCallback)
    HAL_TIM_TriggerCallback                  0x0800366b   Thumb Code     2  stm32g0xx_hal_tim.o(i.HAL_TIM_TriggerCallback)
    HAL_UARTEx_DisableFifoMode               0x0800366d   Thumb Code    60  stm32g0xx_hal_uart_ex.o(i.HAL_UARTEx_DisableFifoMode)
    HAL_UARTEx_RxEventCallback               0x080036a9   Thumb Code     2  stm32g0xx_hal_uart.o(i.HAL_UARTEx_RxEventCallback)
    HAL_UARTEx_RxFifoFullCallback            0x080036ab   Thumb Code     2  stm32g0xx_hal_uart_ex.o(i.HAL_UARTEx_RxFifoFullCallback)
    HAL_UARTEx_SetRxFifoThreshold            0x080036ad   Thumb Code    72  stm32g0xx_hal_uart_ex.o(i.HAL_UARTEx_SetRxFifoThreshold)
    HAL_UARTEx_SetTxFifoThreshold            0x080036f5   Thumb Code    70  stm32g0xx_hal_uart_ex.o(i.HAL_UARTEx_SetTxFifoThreshold)
    HAL_UARTEx_TxFifoEmptyCallback           0x0800373b   Thumb Code     2  stm32g0xx_hal_uart_ex.o(i.HAL_UARTEx_TxFifoEmptyCallback)
    HAL_UARTEx_WakeupCallback                0x0800373d   Thumb Code     2  stm32g0xx_hal_uart_ex.o(i.HAL_UARTEx_WakeupCallback)
    HAL_UART_ErrorCallback                   0x0800373f   Thumb Code     2  stm32g0xx_hal_uart.o(i.HAL_UART_ErrorCallback)
    HAL_UART_IRQHandler                      0x08003741   Thumb Code   726  stm32g0xx_hal_uart.o(i.HAL_UART_IRQHandler)
    HAL_UART_Init                            0x08003a29   Thumb Code   114  stm32g0xx_hal_uart.o(i.HAL_UART_Init)
    HAL_UART_MspInit                         0x08003a9d   Thumb Code   134  usart.o(i.HAL_UART_MspInit)
    HAL_UART_Transmit_IT                     0x08003b2d   Thumb Code   180  stm32g0xx_hal_uart.o(i.HAL_UART_Transmit_IT)
    HAL_UART_TxCpltCallback                  0x08003bf1   Thumb Code     2  stm32g0xx_hal_uart.o(i.HAL_UART_TxCpltCallback)
    HardFault_Handler                        0x08003bf3   Thumb Code     2  stm32g0xx_it.o(i.HardFault_Handler)
    MX_ADC1_Init                             0x08003c41   Thumb Code   274  adc.o(i.MX_ADC1_Init)
    MX_DMA_Init                              0x08003d79   Thumb Code    36  dma.o(i.MX_DMA_Init)
    MX_GPIO_Init                             0x08003da1   Thumb Code   122  gpio.o(i.MX_GPIO_Init)
    MX_TIM3_Init                             0x08003e29   Thumb Code   100  tim.o(i.MX_TIM3_Init)
    MX_USART1_UART_Init                      0x08003e9d   Thumb Code    96  usart.o(i.MX_USART1_UART_Init)
    NMI_Handler                              0x08003f05   Thumb Code     2  stm32g0xx_it.o(i.NMI_Handler)
    PendSV_Handler                           0x08003f07   Thumb Code     2  stm32g0xx_it.o(i.PendSV_Handler)
    SVC_Handler                              0x08003f09   Thumb Code     2  stm32g0xx_it.o(i.SVC_Handler)
    SysTick_Handler                          0x08003f0b   Thumb Code     8  stm32g0xx_it.o(i.SysTick_Handler)
    SystemClock_Config                       0x08003f13   Thumb Code   108  main.o(i.SystemClock_Config)
    SystemInit                               0x08003f7f   Thumb Code     2  system_stm32g0xx.o(i.SystemInit)
    TIM3_IRQHandler                          0x08003f81   Thumb Code    10  stm32g0xx_it.o(i.TIM3_IRQHandler)
    TIM_Base_SetConfig                       0x08003f91   Thumb Code   114  stm32g0xx_hal_tim.o(i.TIM_Base_SetConfig)
    TIM_ETR_SetConfig                        0x08004019   Thumb Code    22  stm32g0xx_hal_tim.o(i.TIM_ETR_SetConfig)
    UART_AdvFeatureConfig                    0x080040d1   Thumb Code   202  stm32g0xx_hal_uart.o(i.UART_AdvFeatureConfig)
    UART_CheckIdleState                      0x0800419d   Thumb Code   184  stm32g0xx_hal_uart.o(i.UART_CheckIdleState)
    UART_SetConfig                           0x080042fd   Thumb Code   360  stm32g0xx_hal_uart.o(i.UART_SetConfig)
    UART_WaitOnFlagUntilTimeout              0x08004625   Thumb Code   148  stm32g0xx_hal_uart.o(i.UART_WaitOnFlagUntilTimeout)
    USART1_IRQHandler                        0x080046b9   Thumb Code    10  stm32g0xx_it.o(i.USART1_IRQHandler)
    __ARM_common_ll_muluu                    0x080046c9   Thumb Code    48  btod.o(i.__ARM_common_ll_muluu)
    __ARM_fpclassify                         0x080046f9   Thumb Code    40  fpclassify.o(i.__ARM_fpclassify)
    _is_digit                                0x08004769   Thumb Code    14  __printf_wp.o(i._is_digit)
    main                                     0x08004779   Thumb Code   342  main.o(i.main)
    _get_lc_numeric                          0x08004909   Thumb Code    44  lc_numeric_c.o(locale$$code)
    _printf_fp_dec                           0x08004935   Thumb Code    16  printf1.o(x$fpl$printf1)
    UARTPrescTable                           0x08004944   Data          24  stm32g0xx_hal_uart.o(.constdata)
    __I$use$fp                               0x08004944   Number         0  usenofp.o(x$fpl$usenofp)
    AHBPrescTable                            0x0800496c   Data          64  system_stm32g0xx.o(.constdata)
    APBPrescTable                            0x080049ac   Data          32  system_stm32g0xx.o(.constdata)
    Region$$Table$$Base                      0x08004ae0   Number         0  anon$$obj.o(Region$$Table)
    Region$$Table$$Limit                     0x08004b00   Number         0  anon$$obj.o(Region$$Table)
    dma_end_flag                             0x20000000   Data           1  main.o(.data)
    uwTickFreq                               0x20000004   Data           1  stm32g0xx_hal.o(.data)
    uwTickPrio                               0x20000008   Data           4  stm32g0xx_hal.o(.data)
    uwTick                                   0x2000000c   Data           4  stm32g0xx_hal.o(.data)
    SystemCoreClock                          0x20000010   Data           4  system_stm32g0xx.o(.data)
    Data                                     0x20000014   Data          32  main.o(.bss)
    Volt                                     0x20000034   Data          64  main.o(.bss)
    hadc1                                    0x20000074   Data         100  adc.o(.bss)
    hdma_adc1                                0x200000d8   Data          92  adc.o(.bss)
    htim3                                    0x20000134   Data          76  tim.o(.bss)
    huart1                                   0x20000180   Data         148  usart.o(.bss)
    __libspace_start                         0x20000214   Data          96  libspace.o(.bss)
    __temporary_stack_top$libspace           0x20000274   Data           0  libspace.o(.bss)



==============================================================================

Memory Map of the image

  Image Entry point : 0x080000c1

  Load Region LR_IROM1 (Base: 0x08000000, Size: 0x00004b30, Max: 0x00010000, ABSOLUTE)

    Execution Region ER_IROM1 (Base: 0x08000000, Size: 0x00004b1c, Max: 0x00010000, ABSOLUTE)

    Base Addr    Size         Type   Attr      Idx    E Section Name        Object

    0x08000000   0x000000c0   Data   RO            3    RESET               startup_stm32g030xx.o
    0x080000c0   0x00000008   Code   RO         3529  * !!!main             c_p.l(__main.o)
    0x080000c8   0x0000003c   Code   RO         3749    !!!scatter          c_p.l(__scatter.o)
    0x08000104   0x0000001a   Code   RO         3751    !!handler_copy      c_p.l(__scatter_copy.o)
    0x0800011e   0x00000002   PAD
    0x08000120   0x0000001c   Code   RO         3753    !!handler_zi        c_p.l(__scatter_zi.o)
    0x0800013c   0x00000002   Code   RO         3520    .ARM.Collect$$_printf_percent$$00000000  c_p.l(_printf_percent.o)
    0x0800013e   0x0000000a   Code   RO         3519    .ARM.Collect$$_printf_percent$$00000003  c_p.l(_printf_f.o)
    0x08000148   0x0000000a   Code   RO         3518    .ARM.Collect$$_printf_percent$$00000009  c_p.l(_printf_d.o)
    0x08000152   0x00000004   Code   RO         3557    .ARM.Collect$$_printf_percent$$00000017  c_p.l(_printf_percent_end.o)
    0x08000156   0x00000002   Code   RO         3622    .ARM.Collect$$libinit$$00000000  c_p.l(libinit.o)
    0x08000158   0x00000000   Code   RO         3624    .ARM.Collect$$libinit$$00000002  c_p.l(libinit2.o)
    0x08000158   0x00000000   Code   RO         3626    .ARM.Collect$$libinit$$00000004  c_p.l(libinit2.o)
    0x08000158   0x00000000   Code   RO         3629    .ARM.Collect$$libinit$$0000000A  c_p.l(libinit2.o)
    0x08000158   0x00000000   Code   RO         3631    .ARM.Collect$$libinit$$0000000C  c_p.l(libinit2.o)
    0x08000158   0x00000000   Code   RO         3633    .ARM.Collect$$libinit$$0000000E  c_p.l(libinit2.o)
    0x08000158   0x00000006   Code   RO         3634    .ARM.Collect$$libinit$$0000000F  c_p.l(libinit2.o)
    0x0800015e   0x00000000   Code   RO         3636    .ARM.Collect$$libinit$$00000011  c_p.l(libinit2.o)
    0x0800015e   0x00000000   Code   RO         3638    .ARM.Collect$$libinit$$00000013  c_p.l(libinit2.o)
    0x0800015e   0x00000000   Code   RO         3640    .ARM.Collect$$libinit$$00000015  c_p.l(libinit2.o)
    0x0800015e   0x0000000a   Code   RO         3641    .ARM.Collect$$libinit$$00000016  c_p.l(libinit2.o)
    0x08000168   0x00000000   Code   RO         3642    .ARM.Collect$$libinit$$00000017  c_p.l(libinit2.o)
    0x08000168   0x00000000   Code   RO         3644    .ARM.Collect$$libinit$$00000019  c_p.l(libinit2.o)
    0x08000168   0x00000000   Code   RO         3646    .ARM.Collect$$libinit$$0000001B  c_p.l(libinit2.o)
    0x08000168   0x00000000   Code   RO         3648    .ARM.Collect$$libinit$$0000001D  c_p.l(libinit2.o)
    0x08000168   0x00000000   Code   RO         3650    .ARM.Collect$$libinit$$0000001F  c_p.l(libinit2.o)
    0x08000168   0x00000000   Code   RO         3652    .ARM.Collect$$libinit$$00000021  c_p.l(libinit2.o)
    0x08000168   0x00000000   Code   RO         3654    .ARM.Collect$$libinit$$00000023  c_p.l(libinit2.o)
    0x08000168   0x00000000   Code   RO         3656    .ARM.Collect$$libinit$$00000025  c_p.l(libinit2.o)
    0x08000168   0x00000000   Code   RO         3660    .ARM.Collect$$libinit$$0000002C  c_p.l(libinit2.o)
    0x08000168   0x00000000   Code   RO         3662    .ARM.Collect$$libinit$$0000002E  c_p.l(libinit2.o)
    0x08000168   0x00000000   Code   RO         3664    .ARM.Collect$$libinit$$00000030  c_p.l(libinit2.o)
    0x08000168   0x00000000   Code   RO         3666    .ARM.Collect$$libinit$$00000032  c_p.l(libinit2.o)
    0x08000168   0x00000002   Code   RO         3667    .ARM.Collect$$libinit$$00000033  c_p.l(libinit2.o)
    0x0800016a   0x00000002   Code   RO         3715    .ARM.Collect$$libshutdown$$00000000  c_p.l(libshutdown.o)
    0x0800016c   0x00000000   Code   RO         3734    .ARM.Collect$$libshutdown$$00000003  c_p.l(libshutdown2.o)
    0x0800016c   0x00000000   Code   RO         3737    .ARM.Collect$$libshutdown$$00000006  c_p.l(libshutdown2.o)
    0x0800016c   0x00000000   Code   RO         3740    .ARM.Collect$$libshutdown$$00000009  c_p.l(libshutdown2.o)
    0x0800016c   0x00000000   Code   RO         3742    .ARM.Collect$$libshutdown$$0000000B  c_p.l(libshutdown2.o)
    0x0800016c   0x00000000   Code   RO         3745    .ARM.Collect$$libshutdown$$0000000E  c_p.l(libshutdown2.o)
    0x0800016c   0x00000002   Code   RO         3746    .ARM.Collect$$libshutdown$$0000000F  c_p.l(libshutdown2.o)
    0x0800016e   0x00000000   Code   RO         3544    .ARM.Collect$$rtentry$$00000000  c_p.l(__rtentry.o)
    0x0800016e   0x00000000   Code   RO         3562    .ARM.Collect$$rtentry$$00000002  c_p.l(__rtentry2.o)
    0x0800016e   0x00000006   Code   RO         3574    .ARM.Collect$$rtentry$$00000004  c_p.l(__rtentry4.o)
    0x08000174   0x00000000   Code   RO         3564    .ARM.Collect$$rtentry$$00000009  c_p.l(__rtentry2.o)
    0x08000174   0x00000004   Code   RO         3565    .ARM.Collect$$rtentry$$0000000A  c_p.l(__rtentry2.o)
    0x08000178   0x00000000   Code   RO         3567    .ARM.Collect$$rtentry$$0000000C  c_p.l(__rtentry2.o)
    0x08000178   0x00000008   Code   RO         3568    .ARM.Collect$$rtentry$$0000000D  c_p.l(__rtentry2.o)
    0x08000180   0x00000002   Code   RO         3669    .ARM.Collect$$rtexit$$00000000  c_p.l(rtexit.o)
    0x08000182   0x00000000   Code   RO         3684    .ARM.Collect$$rtexit$$00000002  c_p.l(rtexit2.o)
    0x08000182   0x00000004   Code   RO         3685    .ARM.Collect$$rtexit$$00000003  c_p.l(rtexit2.o)
    0x08000186   0x00000006   Code   RO         3686    .ARM.Collect$$rtexit$$00000004  c_p.l(rtexit2.o)
    0x0800018c   0x00000038   Code   RO            4    .text               startup_stm32g030xx.o
    0x080001c4   0x0000002c   Code   RO         3488    .text               c_p.l(__2sprintf.o)
    0x080001f0   0x0000004e   Code   RO         3494    .text               c_p.l(_printf_pad.o)
    0x0800023e   0x00000002   PAD
    0x08000240   0x0000006c   Code   RO         3496    .text               c_p.l(_printf_dec.o)
    0x080002ac   0x0000010e   Code   RO         3506    .text               c_p.l(__printf_wp.o)
    0x080003ba   0x00000040   Code   RO         3521    .text               c_p.l(rt_memclr.o)
    0x080003fa   0x0000015a   Code   RO         3523    .text               c_p.l(aeabi_sdiv.o)
    0x08000554   0x00000006   Code   RO         3527    .text               c_p.l(heapauxi.o)
    0x0800055a   0x00000002   PAD
    0x0800055c   0x0000007c   Code   RO         3531    .text               fz_ps.l(d2f.o)
    0x080005d8   0x00000448   Code   RO         3533    .text               fz_ps.l(ddiv.o)
    0x08000a20   0x00000248   Code   RO         3536    .text               fz_ps.l(dmul.o)
    0x08000c68   0x00000054   Code   RO         3538    .text               fz_ps.l(f2d.o)
    0x08000cbc   0x0000005e   Code   RO         3540    .text               fz_ps.l(fflti.o)
    0x08000d1a   0x000000b0   Code   RO         3549    .text               c_p.l(_printf_intcommon.o)
    0x08000dca   0x00000002   PAD
    0x08000dcc   0x00000414   Code   RO         3551    .text               c_p.l(_printf_fp_dec.o)
    0x080011e0   0x00000030   Code   RO         3553    .text               c_p.l(_printf_char_common.o)
    0x08001210   0x0000000a   Code   RO         3555    .text               c_p.l(_sputc.o)
    0x0800121a   0x00000028   Code   RO         3558    .text               c_p.l(rtudiv10.o)
    0x08001242   0x00000002   PAD
    0x08001244   0x00000008   Code   RO         3581    .text               c_p.l(rt_locale_intlibspace.o)
    0x0800124c   0x0000007a   Code   RO         3583    .text               c_p.l(lludiv10.o)
    0x080012c6   0x00000002   PAD
    0x080012c8   0x00000088   Code   RO         3585    .text               c_p.l(_printf_fp_infnan.o)
    0x08001350   0x000000c8   Code   RO         3589    .text               c_p.l(bigflt0.o)
    0x08001418   0x000004a8   Code   RO         3592    .text               c_p.l(btod.o)
    0x080018c0   0x00000008   Code   RO         3603    .text               c_p.l(libspace.o)
    0x080018c8   0x0000003e   Code   RO         3606    .text               c_p.l(sys_stackheap_outer.o)
    0x08001906   0x0000000c   Code   RO         3609    .text               c_p.l(exit.o)
    0x08001912   0x00000002   PAD
    0x08001914   0x00000088   Code   RO         3615    .text               c_p.l(strcmp.o)
    0x0800199c   0x0000000c   Code   RO         3681    .text               c_p.l(sys_exit.o)
    0x080019a8   0x00000002   Code   RO         3702    .text               c_p.l(use_no_semi.o)
    0x080019aa   0x00000000   Code   RO         3704    .text               c_p.l(indicate_semi.o)
    0x080019aa   0x00000002   PAD
    0x080019ac   0x00000010   Code   RO          358    i.ADC1_IRQHandler   stm32g0xx_it.o
    0x080019bc   0x0000007e   Code   RO          451    i.ADC_DMAConvCplt   stm32g0xx_hal_adc.o
    0x08001a3a   0x0000001a   Code   RO          452    i.ADC_DMAError      stm32g0xx_hal_adc.o
    0x08001a54   0x0000000a   Code   RO          453    i.ADC_DMAHalfConvCplt  stm32g0xx_hal_adc.o
    0x08001a5e   0x00000002   PAD
    0x08001a60   0x00000084   Code   RO          454    i.ADC_Disable       stm32g0xx_hal_adc.o
    0x08001ae4   0x000000cc   Code   RO          455    i.ADC_Enable        stm32g0xx_hal_adc.o
    0x08001bb0   0x00000010   Code   RO          359    i.DMA1_Channel1_IRQHandler  stm32g0xx_it.o
    0x08001bc0   0x00000030   Code   RO         1160    i.DMA_CalcDMAMUXChannelBaseAndMask  stm32g0xx_hal_dma.o
    0x08001bf0   0x00000028   Code   RO         1161    i.DMA_CalcDMAMUXRequestGenBaseAndMask  stm32g0xx_hal_dma.o
    0x08001c18   0x00000048   Code   RO         1162    i.DMA_SetConfig     stm32g0xx_hal_dma.o
    0x08001c60   0x00000004   Code   RO           12    i.Error_Handler     main.o
    0x08001c64   0x00000174   Code   RO          664    i.HAL_ADCEx_Calibration_Start  stm32g0xx_hal_adc_ex.o
    0x08001dd8   0x00000002   Code   RO          665    i.HAL_ADCEx_ChannelConfigReadyCallback  stm32g0xx_hal_adc_ex.o
    0x08001dda   0x00000002   Code   RO          667    i.HAL_ADCEx_EndOfSamplingCallback  stm32g0xx_hal_adc_ex.o
    0x08001ddc   0x00000002   Code   RO          668    i.HAL_ADCEx_LevelOutOfWindow2Callback  stm32g0xx_hal_adc_ex.o
    0x08001dde   0x00000002   Code   RO          669    i.HAL_ADCEx_LevelOutOfWindow3Callback  stm32g0xx_hal_adc_ex.o
    0x08001de0   0x00000240   Code   RO          457    i.HAL_ADC_ConfigChannel  stm32g0xx_hal_adc.o
    0x08002020   0x00000018   Code   RO           13    i.HAL_ADC_ConvCpltCallback  main.o
    0x08002038   0x00000002   Code   RO          459    i.HAL_ADC_ConvHalfCpltCallback  stm32g0xx_hal_adc.o
    0x0800203a   0x00000002   Code   RO          461    i.HAL_ADC_ErrorCallback  stm32g0xx_hal_adc.o
    0x0800203c   0x0000015e   Code   RO          465    i.HAL_ADC_IRQHandler  stm32g0xx_hal_adc.o
    0x0800219a   0x00000002   PAD
    0x0800219c   0x00000230   Code   RO          466    i.HAL_ADC_Init      stm32g0xx_hal_adc.o
    0x080023cc   0x00000002   Code   RO          467    i.HAL_ADC_LevelOutOfWindowCallback  stm32g0xx_hal_adc.o
    0x080023ce   0x00000002   PAD
    0x080023d0   0x000000c8   Code   RO          225    i.HAL_ADC_MspInit   adc.o
    0x08002498   0x000000b8   Code   RO          473    i.HAL_ADC_Start_DMA  stm32g0xx_hal_adc.o
    0x08002550   0x00000078   Code   RO         1163    i.HAL_DMA_Abort     stm32g0xx_hal_dma.o
    0x080025c8   0x0000007c   Code   RO         1164    i.HAL_DMA_Abort_IT  stm32g0xx_hal_dma.o
    0x08002644   0x000000c4   Code   RO         1168    i.HAL_DMA_IRQHandler  stm32g0xx_hal_dma.o
    0x08002708   0x000000a8   Code   RO         1169    i.HAL_DMA_Init      stm32g0xx_hal_dma.o
    0x080027b0   0x00000098   Code   RO         1173    i.HAL_DMA_Start_IT  stm32g0xx_hal_dma.o
    0x08002848   0x00000024   Code   RO         1635    i.HAL_Delay         stm32g0xx_hal.o
    0x0800286c   0x00000144   Code   RO         1096    i.HAL_GPIO_Init     stm32g0xx_hal_gpio.o
    0x080029b0   0x0000000c   Code   RO         1100    i.HAL_GPIO_WritePin  stm32g0xx_hal_gpio.o
    0x080029bc   0x0000000c   Code   RO         1639    i.HAL_GetTick       stm32g0xx_hal.o
    0x080029c8   0x00000010   Code   RO         1645    i.HAL_IncTick       stm32g0xx_hal.o
    0x080029d8   0x00000028   Code   RO         1646    i.HAL_Init          stm32g0xx_hal.o
    0x08002a00   0x00000050   Code   RO         1647    i.HAL_InitTick      stm32g0xx_hal.o
    0x08002a50   0x0000002c   Code   RO          430    i.HAL_MspInit       stm32g0xx_hal_msp.o
    0x08002a7c   0x00000018   Code   RO         1513    i.HAL_NVIC_EnableIRQ  stm32g0xx_hal_cortex.o
    0x08002a94   0x00000008   Code   RO         1517    i.HAL_NVIC_SetPriority  stm32g0xx_hal_cortex.o
    0x08002a9c   0x0000004c   Code   RO         1396    i.HAL_PWREx_ControlVoltageScaling  stm32g0xx_hal_pwr_ex.o
    0x08002ae8   0x0000016c   Code   RO          852    i.HAL_RCCEx_PeriphCLKConfig  stm32g0xx_hal_rcc_ex.o
    0x08002c54   0x00000174   Code   RO          736    i.HAL_RCC_ClockConfig  stm32g0xx_hal_rcc.o
    0x08002dc8   0x0000000c   Code   RO          742    i.HAL_RCC_GetHCLKFreq  stm32g0xx_hal_rcc.o
    0x08002dd4   0x00000028   Code   RO          744    i.HAL_RCC_GetPCLK1Freq  stm32g0xx_hal_rcc.o
    0x08002dfc   0x0000009c   Code   RO          746    i.HAL_RCC_GetSysClockFreq  stm32g0xx_hal_rcc.o
    0x08002e98   0x00000420   Code   RO          750    i.HAL_RCC_OscConfig  stm32g0xx_hal_rcc.o
    0x080032b8   0x00000030   Code   RO         1521    i.HAL_SYSTICK_Config  stm32g0xx_hal_cortex.o
    0x080032e8   0x00000002   Code   RO         2615    i.HAL_TIMEx_Break2Callback  stm32g0xx_hal_tim_ex.o
    0x080032ea   0x00000002   Code   RO         2616    i.HAL_TIMEx_BreakCallback  stm32g0xx_hal_tim_ex.o
    0x080032ec   0x00000002   Code   RO         2617    i.HAL_TIMEx_CommutCallback  stm32g0xx_hal_tim_ex.o
    0x080032ee   0x00000002   PAD
    0x080032f0   0x00000060   Code   RO         2638    i.HAL_TIMEx_MasterConfigSynchronization  stm32g0xx_hal_tim_ex.o
    0x08003350   0x0000004e   Code   RO         1894    i.HAL_TIM_Base_Init  stm32g0xx_hal_tim.o
    0x0800339e   0x00000002   PAD
    0x080033a0   0x00000034   Code   RO          283    i.HAL_TIM_Base_MspInit  tim.o
    0x080033d4   0x00000050   Code   RO         1897    i.HAL_TIM_Base_Start  stm32g0xx_hal_tim.o
    0x08003424   0x000000ec   Code   RO         1903    i.HAL_TIM_ConfigClockSource  stm32g0xx_hal_tim.o
    0x08003510   0x00000002   Code   RO         1928    i.HAL_TIM_IC_CaptureCallback  stm32g0xx_hal_tim.o
    0x08003512   0x00000002   PAD
    0x08003514   0x00000150   Code   RO         1942    i.HAL_TIM_IRQHandler  stm32g0xx_hal_tim.o
    0x08003664   0x00000002   Code   RO         1945    i.HAL_TIM_OC_DelayElapsedCallback  stm32g0xx_hal_tim.o
    0x08003666   0x00000002   Code   RO         1972    i.HAL_TIM_PWM_PulseFinishedCallback  stm32g0xx_hal_tim.o
    0x08003668   0x00000002   Code   RO         1980    i.HAL_TIM_PeriodElapsedCallback  stm32g0xx_hal_tim.o
    0x0800366a   0x00000002   Code   RO         1985    i.HAL_TIM_TriggerCallback  stm32g0xx_hal_tim.o
    0x0800366c   0x0000003c   Code   RO         3335    i.HAL_UARTEx_DisableFifoMode  stm32g0xx_hal_uart_ex.o
    0x080036a8   0x00000002   Code   RO         2923    i.HAL_UARTEx_RxEventCallback  stm32g0xx_hal_uart.o
    0x080036aa   0x00000002   Code   RO         3343    i.HAL_UARTEx_RxFifoFullCallback  stm32g0xx_hal_uart_ex.o
    0x080036ac   0x00000048   Code   RO         3344    i.HAL_UARTEx_SetRxFifoThreshold  stm32g0xx_hal_uart_ex.o
    0x080036f4   0x00000046   Code   RO         3345    i.HAL_UARTEx_SetTxFifoThreshold  stm32g0xx_hal_uart_ex.o
    0x0800373a   0x00000002   Code   RO         3347    i.HAL_UARTEx_TxFifoEmptyCallback  stm32g0xx_hal_uart_ex.o
    0x0800373c   0x00000002   Code   RO         3348    i.HAL_UARTEx_WakeupCallback  stm32g0xx_hal_uart_ex.o
    0x0800373e   0x00000002   Code   RO         2939    i.HAL_UART_ErrorCallback  stm32g0xx_hal_uart.o
    0x08003740   0x000002e8   Code   RO         2942    i.HAL_UART_IRQHandler  stm32g0xx_hal_uart.o
    0x08003a28   0x00000072   Code   RO         2943    i.HAL_UART_Init     stm32g0xx_hal_uart.o
    0x08003a9a   0x00000002   PAD
    0x08003a9c   0x00000090   Code   RO          321    i.HAL_UART_MspInit  usart.o
    0x08003b2c   0x000000c4   Code   RO         2954    i.HAL_UART_Transmit_IT  stm32g0xx_hal_uart.o
    0x08003bf0   0x00000002   Code   RO         2955    i.HAL_UART_TxCpltCallback  stm32g0xx_hal_uart.o
    0x08003bf2   0x00000002   Code   RO          360    i.HardFault_Handler  stm32g0xx_it.o
    0x08003bf4   0x00000008   Code   RO          478    i.LL_ADC_IsEnabled  stm32g0xx_hal_adc.o
    0x08003bfc   0x00000008   Code   RO          670    i.LL_ADC_IsEnabled  stm32g0xx_hal_adc_ex.o
    0x08003c04   0x00000008   Code   RO          479    i.LL_ADC_REG_IsConversionOngoing  stm32g0xx_hal_adc.o
    0x08003c0c   0x00000010   Code   RO          480    i.LL_ADC_REG_IsTriggerSourceSWStart  stm32g0xx_hal_adc.o
    0x08003c1c   0x0000000e   Code   RO          482    i.LL_ADC_SetCommonPathInternalCh  stm32g0xx_hal_adc.o
    0x08003c2a   0x00000016   Code   RO          483    i.LL_ADC_SetSamplingTimeCommonChannels  stm32g0xx_hal_adc.o
    0x08003c40   0x00000138   Code   RO          226    i.MX_ADC1_Init      adc.o
    0x08003d78   0x00000028   Code   RO          262    i.MX_DMA_Init       dma.o
    0x08003da0   0x00000088   Code   RO          204    i.MX_GPIO_Init      gpio.o
    0x08003e28   0x00000074   Code   RO          284    i.MX_TIM3_Init      tim.o
    0x08003e9c   0x00000068   Code   RO          322    i.MX_USART1_UART_Init  usart.o
    0x08003f04   0x00000002   Code   RO          361    i.NMI_Handler       stm32g0xx_it.o
    0x08003f06   0x00000002   Code   RO          362    i.PendSV_Handler    stm32g0xx_it.o
    0x08003f08   0x00000002   Code   RO          363    i.SVC_Handler       stm32g0xx_it.o
    0x08003f0a   0x00000008   Code   RO          364    i.SysTick_Handler   stm32g0xx_it.o
    0x08003f12   0x0000006c   Code   RO           14    i.SystemClock_Config  main.o
    0x08003f7e   0x00000002   Code   RO         3455    i.SystemInit        system_stm32g0xx.o
    0x08003f80   0x00000010   Code   RO          365    i.TIM3_IRQHandler   stm32g0xx_it.o
    0x08003f90   0x00000088   Code   RO         1987    i.TIM_Base_SetConfig  stm32g0xx_hal_tim.o
    0x08004018   0x00000016   Code   RO         1998    i.TIM_ETR_SetConfig  stm32g0xx_hal_tim.o
    0x0800402e   0x00000002   PAD
    0x08004030   0x00000014   Code   RO         1999    i.TIM_ITRx_SetConfig  stm32g0xx_hal_tim.o
    0x08004044   0x00000022   Code   RO         2007    i.TIM_TI1_ConfigInputStage  stm32g0xx_hal_tim.o
    0x08004066   0x00000026   Code   RO         2009    i.TIM_TI2_ConfigInputStage  stm32g0xx_hal_tim.o
    0x0800408c   0x00000044   Code   RO         3349    i.UARTEx_SetNbDataToProcess  stm32g0xx_hal_uart_ex.o
    0x080040d0   0x000000ca   Code   RO         2957    i.UART_AdvFeatureConfig  stm32g0xx_hal_uart.o
    0x0800419a   0x00000002   PAD
    0x0800419c   0x000000bc   Code   RO         2958    i.UART_CheckIdleState  stm32g0xx_hal_uart.o
    0x08004258   0x00000014   Code   RO         2959    i.UART_DMAAbortOnError  stm32g0xx_hal_uart.o
    0x0800426c   0x00000064   Code   RO         2969    i.UART_EndRxTransfer  stm32g0xx_hal_uart.o
    0x080042d0   0x0000002a   Code   RO         2970    i.UART_EndTransmit_IT  stm32g0xx_hal_uart.o
    0x080042fa   0x00000002   PAD
    0x080042fc   0x00000188   Code   RO         2976    i.UART_SetConfig    stm32g0xx_hal_uart.o
    0x08004484   0x00000060   Code   RO         2979    i.UART_TxISR_16BIT  stm32g0xx_hal_uart.o
    0x080044e4   0x00000074   Code   RO         2980    i.UART_TxISR_16BIT_FIFOEN  stm32g0xx_hal_uart.o
    0x08004558   0x0000005c   Code   RO         2981    i.UART_TxISR_8BIT   stm32g0xx_hal_uart.o
    0x080045b4   0x00000070   Code   RO         2982    i.UART_TxISR_8BIT_FIFOEN  stm32g0xx_hal_uart.o
    0x08004624   0x00000094   Code   RO         2983    i.UART_WaitOnFlagUntilTimeout  stm32g0xx_hal_uart.o
    0x080046b8   0x00000010   Code   RO          366    i.USART1_IRQHandler  stm32g0xx_it.o
    0x080046c8   0x00000030   Code   RO         3594    i.__ARM_common_ll_muluu  c_p.l(btod.o)
    0x080046f8   0x0000002c   Code   RO         3601    i.__ARM_fpclassify  m_ps.l(fpclassify.o)
    0x08004724   0x00000044   Code   RO         1523    i.__NVIC_SetPriority  stm32g0xx_hal_cortex.o
    0x08004768   0x0000000e   Code   RO         3508    i._is_digit         c_p.l(__printf_wp.o)
    0x08004776   0x00000002   PAD
    0x08004778   0x00000190   Code   RO           15    i.main              main.o
    0x08004908   0x0000002c   Code   RO         3597    locale$$code        c_p.l(lc_numeric_c.o)
    0x08004934   0x00000010   Code   RO         3542    x$fpl$printf1       fz_ps.l(printf1.o)
    0x08004944   0x00000000   Code   RO         3560    x$fpl$usenofp       fz_ps.l(usenofp.o)
    0x08004944   0x00000018   Data   RO         2984    .constdata          stm32g0xx_hal_uart.o
    0x0800495c   0x00000010   Data   RO         3351    .constdata          stm32g0xx_hal_uart_ex.o
    0x0800496c   0x00000040   Data   RO         3456    .constdata          system_stm32g0xx.o
    0x080049ac   0x00000020   Data   RO         3457    .constdata          system_stm32g0xx.o
    0x080049cc   0x00000080   Data   RO         3534    .constdata          fz_ps.l(ddiv.o)
    0x08004a4c   0x00000094   Data   RO         3590    .constdata          c_p.l(bigflt0.o)
    0x08004ae0   0x00000020   Data   RO         3747    Region$$Table       anon$$obj.o
    0x08004b00   0x0000001c   Data   RO         3596    locale$$data        c_p.l(lc_numeric_c.o)


    Execution Region RW_IRAM1 (Base: 0x20000000, Size: 0x00000878, Max: 0x00002000, ABSOLUTE)

    Base Addr    Size         Type   Attr      Idx    E Section Name        Object

    0x20000000   0x00000001   Data   RW           17    .data               main.o
    0x20000001   0x00000003   PAD
    0x20000004   0x0000000c   Data   RW         1659    .data               stm32g0xx_hal.o
    0x20000010   0x00000004   Data   RW         3458    .data               system_stm32g0xx.o
    0x20000014   0x00000060   Zero   RW           16    .bss                main.o
    0x20000074   0x000000c0   Zero   RW          227    .bss                adc.o
    0x20000134   0x0000004c   Zero   RW          285    .bss                tim.o
    0x20000180   0x00000094   Zero   RW          323    .bss                usart.o
    0x20000214   0x00000060   Zero   RW         3604    .bss                c_p.l(libspace.o)
    0x20000274   0x00000004   PAD
    0x20000278   0x00000200   Zero   RW            2    HEAP                startup_stm32g030xx.o
    0x20000478   0x00000400   Zero   RW            1    STACK               startup_stm32g030xx.o


==============================================================================

Image component sizes


      Code (inc. data)   RO Data    RW Data    ZI Data      Debug   Object Name

       512         56          0          0        192       1855   adc.o
        40          4          0          0          0        698   dma.o
       136         14          0          0          0        875   gpio.o
       536         66          0          1         96     408038   main.o
        56         26        192          0       1536        616   startup_stm32g030xx.o
       184         26          0         12          0      15853   stm32g0xx_hal.o
      2242        102          0          0          0      45613   stm32g0xx_hal_adc.o
       388         18          0          0          0      36587   stm32g0xx_hal_adc_ex.o
       148         24          0          0          0      12025   stm32g0xx_hal_cortex.o
       920         44          0          0          0       6014   stm32g0xx_hal_dma.o
         0          0          0          0          0       2696   stm32g0xx_hal_flash.o
       336         18          0          0          0       2020   stm32g0xx_hal_gpio.o
        44          6          0          0          0        786   stm32g0xx_hal_msp.o
        76         14          0          0          0        738   stm32g0xx_hal_pwr_ex.o
      1636         84          0          0          0      21497   stm32g0xx_hal_rcc.o
       364         14          0          0          0       1584   stm32g0xx_hal_rcc_ex.o
       990         52          0          0          0       9580   stm32g0xx_hal_tim.o
       102          8          0          0          0       2864   stm32g0xx_hal_tim_ex.o
      2568         76         24          0          0      38139   stm32g0xx_hal_uart.o
       276          4         16          0          0       4978   stm32g0xx_hal_uart_ex.o
        80         24          0          0          0       3786   stm32g0xx_it.o
         2          0         96          4          0       1051   system_stm32g0xx.o
       168         24          0          0         76       1542   tim.o
       248         18          0          0        148       1642   usart.o

    ----------------------------------------------------------------------
     12072        722        360         20       2048     621077   Object Totals
         0          0         32          0          0          0   (incl. Generated)
        20          0          0          3          0          0   (incl. Padding)

    ----------------------------------------------------------------------

      Code (inc. data)   RO Data    RW Data    ZI Data      Debug   Library Member Name

        44          4          0          0          0         84   __2sprintf.o
         8          0          0          0          0         68   __main.o
       284          0          0          0          0        136   __printf_wp.o
         0          0          0          0          0          0   __rtentry.o
        12          0          0          0          0          0   __rtentry2.o
         6          0          0          0          0          0   __rtentry4.o
        60          8          0          0          0          0   __scatter.o
        26          0          0          0          0          0   __scatter_copy.o
        28          0          0          0          0          0   __scatter_zi.o
        48          6          0          0          0         88   _printf_char_common.o
        10          0          0          0          0          0   _printf_d.o
       108         18          0          0          0         76   _printf_dec.o
        10          0          0          0          0          0   _printf_f.o
      1044         14          0          0          0        176   _printf_fp_dec.o
       136         16          0          0          0         76   _printf_fp_infnan.o
       176          0          0          0          0         84   _printf_intcommon.o
        78          0          0          0          0        100   _printf_pad.o
         2          0          0          0          0          0   _printf_percent.o
         4          0          0          0          0          0   _printf_percent_end.o
        10          0          0          0          0         60   _sputc.o
       346          0          0          0          0         92   aeabi_sdiv.o
       200          4        148          0          0         80   bigflt0.o
      1240         12          0          0          0        316   btod.o
        12          0          0          0          0         64   exit.o
         6          0          0          0          0        136   heapauxi.o
         0          0          0          0          0          0   indicate_semi.o
        44         10         28          0          0         76   lc_numeric_c.o
         2          0          0          0          0          0   libinit.o
        18          0          0          0          0          0   libinit2.o
         2          0          0          0          0          0   libshutdown.o
         2          0          0          0          0          0   libshutdown2.o
         8          4          0          0         96         68   libspace.o
       122          0          0          0          0         72   lludiv10.o
         8          4          0          0          0         68   rt_locale_intlibspace.o
        64          0          0          0          0        108   rt_memclr.o
         2          0          0          0          0          0   rtexit.o
        10          0          0          0          0          0   rtexit2.o
        40          0          0          0          0         60   rtudiv10.o
       136          4          0          0          0         72   strcmp.o
        12          4          0          0          0         60   sys_exit.o
        62          0          0          0          0         80   sys_stackheap_outer.o
         2          0          0          0          0         68   use_no_semi.o
       124          4          0          0          0         72   d2f.o
      1096         26        128          0          0        112   ddiv.o
       584         26          0          0          0         84   dmul.o
        84          4          0          0          0         60   f2d.o
        94          0          0          0          0         92   fflti.o
        16          4          0          0          0         76   printf1.o
         0          0          0          0          0          0   usenofp.o
        44          4          0          0          0         60   fpclassify.o

    ----------------------------------------------------------------------
      6492        176        304          0        100       2924   Library Totals
        18          0          0          0          4          0   (incl. Padding)

    ----------------------------------------------------------------------

      Code (inc. data)   RO Data    RW Data    ZI Data      Debug   Library Name

      4432        108        176          0         96       2368   c_p.l
      1998         64        128          0          0        496   fz_ps.l
        44          4          0          0          0         60   m_ps.l

    ----------------------------------------------------------------------
      6492        176        304          0        100       2924   Library Totals

    ----------------------------------------------------------------------

==============================================================================


      Code (inc. data)   RO Data    RW Data    ZI Data      Debug   

     18564        898        664         20       2148     617805   Grand Totals
     18564        898        664         20       2148     617805   ELF Image Totals
     18564        898        664         20          0          0   ROM Totals

==============================================================================

    Total RO  Size (Code + RO Data)                19228 (  18.78kB)
    Total RW  Size (RW Data + ZI Data)              2168 (   2.12kB)
    Total ROM Size (Code + RO Data + RW Data)      19248 (  18.80kB)

==============================================================================

